Archive member included to satisfy reference by file (symbol)

c:/mounriver/mounriver_studio/toolchain/risc-v embedded gcc/bin/../lib/gcc/riscv-none-embed/8.2.0/../../../../riscv-none-embed/lib/rv32imacxw/ilp32\libprintf.a(wchprintf.o)
                              ./User/main.o (printf)
c:/mounriver/mounriver_studio/toolchain/risc-v embedded gcc/bin/../lib/gcc/riscv-none-embed/8.2.0/rv32imacxw/ilp32\libgcc.a(save-restore.o)
                              ./rtthread/components/finsh/cmd.o (__riscv_save_12)
c:/mounriver/mounriver_studio/toolchain/risc-v embedded gcc/bin/../lib/gcc/riscv-none-embed/8.2.0/../../../../riscv-none-embed/lib/rv32imacxw/ilp32\libg_nano.a(lib_a-memcmp.o)
                              ./rtthread/components/finsh/shell.o (memcmp)
c:/mounriver/mounriver_studio/toolchain/risc-v embedded gcc/bin/../lib/gcc/riscv-none-embed/8.2.0/../../../../riscv-none-embed/lib/rv32imacxw/ilp32\libg_nano.a(lib_a-memcpy.o)
                              ./rtthread/components/finsh/cmd.o (memcpy)
c:/mounriver/mounriver_studio/toolchain/risc-v embedded gcc/bin/../lib/gcc/riscv-none-embed/8.2.0/../../../../riscv-none-embed/lib/rv32imacxw/ilp32\libg_nano.a(lib_a-memset.o)
                              ./rtthread/components/finsh/shell.o (memset)
c:/mounriver/mounriver_studio/toolchain/risc-v embedded gcc/bin/../lib/gcc/riscv-none-embed/8.2.0/../../../../riscv-none-embed/lib/rv32imacxw/ilp32\libg_nano.a(lib_a-strcat.o)
                              ./rtthread/components/finsh/shell.o (strcat)
c:/mounriver/mounriver_studio/toolchain/risc-v embedded gcc/bin/../lib/gcc/riscv-none-embed/8.2.0/../../../../riscv-none-embed/lib/rv32imacxw/ilp32\libg_nano.a(lib_a-strcpy.o)
                              ./rtthread/components/finsh/shell.o (strcpy)
c:/mounriver/mounriver_studio/toolchain/risc-v embedded gcc/bin/../lib/gcc/riscv-none-embed/8.2.0/../../../../riscv-none-embed/lib/rv32imacxw/ilp32\libg_nano.a(lib_a-strlen.o)
                              ./rtthread/components/finsh/msh.o (strlen)
c:/mounriver/mounriver_studio/toolchain/risc-v embedded gcc/bin/../lib/gcc/riscv-none-embed/8.2.0/../../../../riscv-none-embed/lib/rv32imacxw/ilp32\libg_nano.a(lib_a-strncmp.o)
                              ./rtthread/components/finsh/cmd.o (strncmp)
c:/mounriver/mounriver_studio/toolchain/risc-v embedded gcc/bin/../lib/gcc/riscv-none-embed/8.2.0/../../../../riscv-none-embed/lib/rv32imacxw/ilp32\libg_nano.a(lib_a-strncpy.o)
                              ./rtthread/components/finsh/shell.o (strncpy)

Discarded input sections

 .text          0x0000000000000000        0x0 ./rtthread/src/clock.o
 .data          0x0000000000000000        0x0 ./rtthread/src/clock.o
 .bss           0x0000000000000000        0x0 ./rtthread/src/clock.o
 .text.rt_system_tick_init
                0x0000000000000000        0x2 ./rtthread/src/clock.o
 .text.rt_tick_set
                0x0000000000000000       0x2a ./rtthread/src/clock.o
 .text          0x0000000000000000        0x0 ./rtthread/src/components.o
 .data          0x0000000000000000        0x0 ./rtthread/src/components.o
 .bss           0x0000000000000000        0x0 ./rtthread/src/components.o
 .text          0x0000000000000000        0x0 ./rtthread/src/cpu.o
 .data          0x0000000000000000        0x0 ./rtthread/src/cpu.o
 .bss           0x0000000000000000        0x0 ./rtthread/src/cpu.o
 .debug_info    0x0000000000000000       0xe0 ./rtthread/src/cpu.o
 .debug_abbrev  0x0000000000000000       0x83 ./rtthread/src/cpu.o
 .debug_aranges
                0x0000000000000000       0x18 ./rtthread/src/cpu.o
 .debug_line    0x0000000000000000       0x8f ./rtthread/src/cpu.o
 .debug_str     0x0000000000000000      0x1f2 ./rtthread/src/cpu.o
 .comment       0x0000000000000000       0x34 ./rtthread/src/cpu.o
 .text          0x0000000000000000        0x0 ./rtthread/src/idle.o
 .data          0x0000000000000000        0x0 ./rtthread/src/idle.o
 .bss           0x0000000000000000        0x0 ./rtthread/src/idle.o
 .text.rt_thread_idle_sethook
                0x0000000000000000       0x4c ./rtthread/src/idle.o
 .text.rt_thread_idle_delhook
                0x0000000000000000       0x50 ./rtthread/src/idle.o
 .text.rt_thread_idle_gethandler
                0x0000000000000000        0xa ./rtthread/src/idle.o
 .text          0x0000000000000000        0x0 ./rtthread/src/ipc.o
 .data          0x0000000000000000        0x0 ./rtthread/src/ipc.o
 .bss           0x0000000000000000        0x0 ./rtthread/src/ipc.o
 .text.rt_ipc_list_resume_all
                0x0000000000000000       0x40 ./rtthread/src/ipc.o
 .text.rt_sem_detach
                0x0000000000000000       0x28 ./rtthread/src/ipc.o
 .text.rt_sem_create
                0x0000000000000000       0x34 ./rtthread/src/ipc.o
 .text.rt_sem_delete
                0x0000000000000000       0x28 ./rtthread/src/ipc.o
 .text.rt_sem_trytake
                0x0000000000000000       0x1a ./rtthread/src/ipc.o
 .text.rt_sem_control
[...]
Memory Configuration

Name             Origin             Length             Attributes
FLASH            0x0000000000000000 0x0000000000010000 xr
RAM              0x0000000020000000 0x0000000000005000 xrw
*default*        0x0000000000000000 0xffffffffffffffff

Linker script and memory map

LOAD ./rtthread/src/clock.o
LOAD ./rtthread/src/components.o
LOAD ./rtthread/src/cpu.o
LOAD ./rtthread/src/idle.o
LOAD ./rtthread/src/ipc.o
LOAD ./rtthread/src/irq.o
LOAD ./rtthread/src/kservice.o
LOAD ./rtthread/src/mem.o
LOAD ./rtthread/src/memheap.o
LOAD ./rtthread/src/mempool.o
LOAD ./rtthread/src/object.o
LOAD ./rtthread/src/scheduler.o
LOAD ./rtthread/src/slab.o
LOAD ./rtthread/src/thread.o
LOAD ./rtthread/src/timer.o
LOAD ./rtthread/libcpu/risc-v/common/context_gcc.o
LOAD ./rtthread/libcpu/risc-v/common/cpuport.o
LOAD ./rtthread/libcpu/risc-v/common/interrupt_gcc.o
LOAD ./rtthread/components/finsh/cmd.o
LOAD ./rtthread/components/finsh/finsh_port.o
LOAD ./rtthread/components/finsh/msh.o
LOAD ./rtthread/components/finsh/shell.o
LOAD ./rtthread/components/drivers/serial/serial.o
LOAD ./rtthread/components/drivers/misc/pin.o
LOAD ./rtthread/components/device/device.o
LOAD ./rtthread/board.o
LOAD ./drivers/drv_gpio.o
LOAD ./drivers/drv_usart.o
LOAD ./User/ch32v20x_it.o
LOAD ./User/main.o
LOAD ./User/system_ch32v20x.o
LOAD ./Startup/startup_ch32v20x_D6.o
LOAD ./Peripheral/src/ch32v20x_adc.o
LOAD ./Peripheral/src/ch32v20x_bkp.o
LOAD ./Peripheral/src/ch32v20x_can.o
LOAD ./Peripheral/src/ch32v20x_crc.o
LOAD ./Peripheral/src/ch32v20x_dbgmcu.o
LOAD ./Peripheral/src/ch32v20x_dma.o
LOAD ./Peripheral/src/ch32v20x_exti.o
LOAD ./Peripheral/src/ch32v20x_flash.o
LOAD ./Peripheral/src/ch32v20x_gpio.o
LOAD ./Peripheral/src/ch32v20x_i2c.o
LOAD ./Peripheral/src/ch32v20x_iwdg.o
LOAD ./Peripheral/src/ch32v20x_misc.o
LOAD ./Peripheral/src/ch32v20x_opa.o
LOAD ./Peripheral/src/ch32v20x_pwr.o
LOAD ./Peripheral/src/ch32v20x_rcc.o
LOAD ./Peripheral/src/ch32v20x_rtc.o
LOAD ./Peripheral/src/ch32v20x_spi.o
LOAD ./Peripheral/src/ch32v20x_tim.o
LOAD ./Peripheral/src/ch32v20x_usart.o
LOAD ./Peripheral/src/ch32v20x_wwdg.o
LOAD ./Debug/debug.o
LOAD ./Core/core_riscv.o
LOAD c:/mounriver/mounriver_studio/toolchain/risc-v embedded gcc/bin/../lib/gcc/riscv-none-embed/8.2.0/../../../../riscv-none-embed/lib/rv32imacxw/ilp32\libprintf.a
LOAD c:/mounriver/mounriver_studio/toolchain/risc-v embedded gcc/bin/../lib/gcc/riscv-none-embed/8.2.0/rv32imacxw/ilp32\libgcc.a
LOAD c:/mounriver/mounriver_studio/toolchain/risc-v embedded gcc/bin/../lib/gcc/riscv-none-embed/8.2.0/../../../../riscv-none-embed/lib/rv32imacxw/ilp32\libg_nano.a
LOAD c:/mounriver/mounriver_studio/toolchain/risc-v embedded gcc/bin/../lib/gcc/riscv-none-embed/8.2.0/../../../../riscv-none-embed/lib/rv32imacxw/ilp32\libc_nano.a
LOAD c:/mounriver/mounriver_studio/toolchain/risc-v embedded gcc/bin/../lib/gcc/riscv-none-embed/8.2.0/rv32imacxw/ilp32\libgcc.a
START GROUP
LOAD c:/mounriver/mounriver_studio/toolchain/risc-v embedded gcc/bin/../lib/gcc/riscv-none-embed/8.2.0/rv32imacxw/ilp32\libgcc.a
LOAD c:/mounriver/mounriver_studio/toolchain/risc-v embedded gcc/bin/../lib/gcc/riscv-none-embed/8.2.0/../../../../riscv-none-embed/lib/rv32imacxw/ilp32\libc_nano.a
LOAD c:/mounriver/mounriver_studio/toolchain/risc-v embedded gcc/bin/../lib/gcc/riscv-none-embed/8.2.0/../../../../riscv-none-embed/lib/rv32imacxw/ilp32\libnosys.a
END GROUP
START GROUP
LOAD c:/mounriver/mounriver_studio/toolchain/risc-v embedded gcc/bin/../lib/gcc/riscv-none-embed/8.2.0/rv32imacxw/ilp32\libgcc.a
LOAD c:/mounriver/mounriver_studio/toolchain/risc-v embedded gcc/bin/../lib/gcc/riscv-none-embed/8.2.0/../../../../riscv-none-embed/lib/rv32imacxw/ilp32\libc_nano.a
LOAD c:/mounriver/mounriver_studio/toolchain/risc-v embedded gcc/bin/../lib/gcc/riscv-none-embed/8.2.0/../../../../riscv-none-embed/lib/rv32imacxw/ilp32\libnosys.a
END GROUP
                0x0000000000000800                __stack_size = 0x800
                [!provide]                        PROVIDE (_stack_size = __stack_size)

.init           0x0000000000000000       0x38
                0x0000000000000000                _sinit = .
                0x0000000000000000                . = ALIGN (0x4)
 *(SORT_NONE(.init))
 .init          0x0000000000000000       0x38 ./Startup/startup_ch32v20x_D6.o
                0x0000000000000000                _start
                0x0000000000000038                . = ALIGN (0x4)
                0x0000000000000038                _einit = .

.vector         0x0000000000000038      0x108
 *(.vector)
 .vector        0x0000000000000038       0xfc ./Startup/startup_ch32v20x_D6.o
                0x0000000000000140                . = ALIGN (0x40)
 *fill*         0x0000000000000134        0xc 

.text           0x0000000000000140     0x5d84
                0x0000000000000140                . = ALIGN (0x4)
 *(.text)
 .text          0x0000000000000140       0xce ./rtthread/libcpu/risc-v/common/context_gcc.o
                0x0000000000000140                rt_hw_context_switch_to
                0x000000000000015c                rt_hw_context_switch
                0x00000000000001b6                rt_hw_context_switch_exit
 *fill*         0x000000000000020e        0x2 
 .text          0x0000000000000210       0xd6 ./rtthread/libcpu/risc-v/common/interrupt_gcc.o
                0x0000000000000210                SW_Handler
 .text          0x00000000000002e6       0x60 c:/mounriver/mounriver_studio/toolchain/risc-v embedded gcc/bin/../lib/gcc/riscv-none-embed/8.2.0/rv32imacxw/ilp32\libgcc.a(save-restore.o)
                0x00000000000002e6                __riscv_save_12
                0x00000000000002ee                __riscv_save_9
                0x00000000000002ee                __riscv_save_11
                0x00000000000002ee                __riscv_save_10
                0x00000000000002ee                __riscv_save_8
                0x00000000000002fc                __riscv_save_4
                0x00000000000002fc                __riscv_save_6
                0x00000000000002fc                __riscv_save_5
                0x00000000000002fc                __riscv_save_7
                0x0000000000000316                __riscv_save_3
                0x0000000000000316                __riscv_save_2
                0x0000000000000316                __riscv_save_1
                0x0000000000000316                __riscv_save_0
                0x0000000000000322                __riscv_restore_12
                0x0000000000000326                __riscv_restore_11
                0x0000000000000326                __riscv_restore_9
                0x0000000000000326                __riscv_restore_10
                0x0000000000000326                __riscv_restore_8
                0x0000000000000330                __riscv_restore_5
                0x0000000000000330                __riscv_restore_7
                0x0000000000000330                __riscv_restore_6
                0x0000000000000330                __riscv_restore_4
                0x000000000000033a                __riscv_restore_3
                0x000000000000033a                __riscv_restore_0
                0x000000000000033a                __riscv_restore_2
                0x000000000000033a                __riscv_restore_1
 .text          0x0000000000000346       0xa8 c:/mounriver/mounriver_studio/toolchain/risc-v embedded gcc/bin/../lib/gcc/riscv-none-embed/8.2.0/../../../../riscv-none-embed/lib/rv32imacxw/ilp32\libg_nano.a(lib_a-memset.o)
                0x0000000000000346                memset
 *(.text.*)
 .text.rt_tick_get
                0x00000000000003ee        0x6 ./rtthread/src/clock.o
                0x00000000000003ee                rt_tick_get
 .text.rt_tick_increase
                0x00000000000003f4       0x28 ./rtthread/src/clock.o
                0x00000000000003f4                rt_tick_increase
 .text.rt_tick_from_millisecond
                0x000000000000041c       0x28 ./rtthread/src/clock.o
                0x000000000000041c                rt_tick_from_millisecond
 .text.rti_start
                0x0000000000000444        0x4 ./rtthread/src/components.o
 .text.rti_end  0x0000000000000448        0x4 ./rtthread/src/components.o
 .text.rti_board_start
                0x000000000000044c        0x4 ./rtthread/src/components.o
 .text.rti_board_end
                0x0000000000000450        0x4 ./rtthread/src/components.o
 .text.rt_components_board_init
                0x0000000000000454       0x1e ./rtthread/src/components.o
                0x0000000000000454                rt_components_board_init
 .text.rt_components_init
                0x0000000000000472       0x1e ./rtthread/src/components.o
                0x0000000000000472                rt_components_init
 .text.main_thread_entry
                0x0000000000000490        0xc ./rtthread/src/components.o
                0x0000000000000490                main_thread_entry
 .text.rt_application_init
                0x000000000000049c       0x28 ./rtthread/src/components.o
                0x000000000000049c                rt_application_init
 .text.rtthread_startup
                0x00000000000004c4       0x28 ./rtthread/src/components.o
                0x00000000000004c4                rtthread_startup
 .text.entry    0x00000000000004ec        0xa ./rtthread/src/components.o
                0x00000000000004ec                entry
 .text.rt_thread_idle_excute
                0x00000000000004f6       0x44 ./rtthread/src/idle.o
                0x00000000000004f6                rt_thread_idle_excute
 .text.rt_thread_idle_entry
                0x000000000000053a       0x1c ./rtthread/src/idle.o
 .text.rt_thread_idle_init
                0x0000000000000556       0x36 ./rtthread/src/idle.o
                0x0000000000000556                rt_thread_idle_init
 .text.rt_ipc_list_resume.isra.0
                0x000000000000058c        0xe ./rtthread/src/ipc.o
 .text.rt_ipc_list_suspend
                0x000000000000059a       0x5a ./rtthread/src/ipc.o
 .text.rt_sem_init
                0x00000000000005f4       0x28 ./rtthread/src/ipc.o
                0x00000000000005f4                rt_sem_init
 .text.rt_sem_take
                0x000000000000061c       0x80 ./rtthread/src/ipc.o
                0x000000000000061c                rt_sem_take
 .text.rt_sem_release
                0x000000000000069c       0x56 ./rtthread/src/ipc.o
                0x000000000000069c                rt_sem_release
 .text.rt_interrupt_enter
                0x00000000000006f2       0x2c ./rtthread/src/irq.o
                0x00000000000006f2                rt_interrupt_enter
 .text.rt_interrupt_leave
                0x000000000000071e       0x2c ./rtthread/src/irq.o
                0x000000000000071e                rt_interrupt_leave
 .text.rt_interrupt_get_nest
                0x000000000000074a       0x18 ./rtthread/src/irq.o
                0x000000000000074a                rt_interrupt_get_nest
 .text.print_number
                0x0000000000000762      0x17e ./rtthread/src/kservice.o
 .text.rt_set_errno
                0x00000000000008e0       0x1a ./rtthread/src/kservice.o
                0x00000000000008e0                rt_set_errno
 .text.rt_memset
                0x00000000000008fa       0x88 ./rtthread/src/kservice.o
                0x00000000000008fa                rt_memset
 .text.rt_memmove
                0x0000000000000982       0x48 ./rtthread/src/kservice.o
                0x0000000000000982                rt_memmove
 .text.rt_strncpy
                0x00000000000009ca       0x2c ./rtthread/src/kservice.o
                0x00000000000009ca                rt_strncpy
 .text.rt_strncmp
                0x00000000000009f6       0x2a ./rtthread/src/kservice.o
                0x00000000000009f6                rt_strncmp
 .text.rt_vsnprintf
                0x0000000000000a20      0x344 ./rtthread/src/kservice.o
                0x0000000000000a20                rt_vsnprintf
 .text.rt_console_get_device
                0x0000000000000d64        0x6 ./rtthread/src/kservice.o
                0x0000000000000d64                rt_console_get_device
 .text.rt_console_set_device
                0x0000000000000d6a       0x36 ./rtthread/src/kservice.o
                0x0000000000000d6a                rt_console_set_device
 .text.rt_hw_console_output
                0x0000000000000da0        0x2 ./rtthread/src/kservice.o
                0x0000000000000da0                rt_hw_console_output
 .text.rt_kprintf
                0x0000000000000da2       0x68 ./rtthread/src/kservice.o
                0x0000000000000da2                rt_kprintf
 .text.rt_show_version
                0x0000000000000e0a       0x3e ./rtthread/src/kservice.o
                0x0000000000000e0a                rt_show_version
 .text.__rt_ffs
                0x0000000000000e48       0x4e ./rtthread/src/kservice.o
                0x0000000000000e48                __rt_ffs
 .text.plug_holes
                0x0000000000000e96       0x58 ./rtthread/src/mem.o
 .text.list_mem
                0x0000000000000eee       0x32 ./rtthread/src/mem.o
                0x0000000000000eee                list_mem
 .text.rt_system_heap_init
                0x0000000000000f20       0x7c ./rtthread/src/mem.o
                0x0000000000000f20                rt_system_heap_init
 .text.rt_malloc
                0x0000000000000f9c      0x12c ./rtthread/src/mem.o
                0x0000000000000f9c                rt_malloc
 .text.rt_calloc
                0x00000000000010c8       0x24 ./rtthread/src/mem.o
                0x00000000000010c8                rt_calloc
 .text.rt_free  0x00000000000010ec       0xaa ./rtthread/src/mem.o
                0x00000000000010ec                rt_free
 .text.rt_object_get_information
                0x0000000000001196       0x2a ./rtthread/src/object.o
                0x0000000000001196                rt_object_get_information
 .text.rt_object_init
                0x00000000000011c0       0x5e ./rtthread/src/object.o
                0x00000000000011c0                rt_object_init
 .text.rt_object_detach
                0x000000000000121e       0x2e ./rtthread/src/object.o
                0x000000000000121e                rt_object_detach
 .text.rt_object_allocate
                0x000000000000124c       0x56 ./rtthread/src/object.o
                0x000000000000124c                rt_object_allocate
 .text.rt_object_delete
                0x00000000000012a2       0x32 ./rtthread/src/object.o
                0x00000000000012a2                rt_object_delete
 .text.rt_object_is_systemobject
                0x00000000000012d4        0x8 ./rtthread/src/object.o
                0x00000000000012d4                rt_object_is_systemobject
 .text.rt_object_find
                0x00000000000012dc       0x44 ./rtthread/src/object.o
                0x00000000000012dc                rt_object_find
 .text.rt_system_scheduler_init
                0x0000000000001320       0x2e ./rtthread/src/scheduler.o
                0x0000000000001320                rt_system_scheduler_init
 .text.rt_system_scheduler_start
                0x000000000000134e       0x2c ./rtthread/src/scheduler.o
                0x000000000000134e                rt_system_scheduler_start
 .text.rt_schedule
                0x000000000000137a       0x6a ./rtthread/src/scheduler.o
                0x000000000000137a                rt_schedule
 .text.rt_schedule_insert_thread
                0x00000000000013e4       0x48 ./rtthread/src/scheduler.o
                0x00000000000013e4                rt_schedule_insert_thread
 .text.rt_schedule_remove_thread
                0x000000000000142c       0x46 ./rtthread/src/scheduler.o
                0x000000000000142c                rt_schedule_remove_thread
 .text.rt_enter_critical
                0x0000000000001472       0x1a ./rtthread/src/scheduler.o
                0x0000000000001472                rt_enter_critical
 .text.rt_exit_critical
                0x000000000000148c       0x2e ./rtthread/src/scheduler.o
                0x000000000000148c                rt_exit_critical
 .text._thread_cleanup_execute
                0x00000000000014ba       0x1a ./rtthread/src/thread.o
 .text.rt_thread_exit
                0x00000000000014d4       0x50 ./rtthread/src/thread.o
                0x00000000000014d4                rt_thread_exit
 .text._rt_thread_init.isra.0
                0x0000000000001524       0x8e ./rtthread/src/thread.o
 .text.rt_thread_timeout
                0x00000000000015b2       0x20 ./rtthread/src/thread.o
                0x00000000000015b2                rt_thread_timeout
 .text.rt_thread_init
                0x00000000000015d2       0x32 ./rtthread/src/thread.o
                0x00000000000015d2                rt_thread_init
 .text.rt_thread_self
                0x0000000000001604        0x6 ./rtthread/src/thread.o
                0x0000000000001604                rt_thread_self
 .text.rt_thread_create
                0x000000000000160a       0x46 ./rtthread/src/thread.o
                0x000000000000160a                rt_thread_create
 .text.rt_thread_yield
                0x0000000000001650       0x52 ./rtthread/src/thread.o
                0x0000000000001650                rt_thread_yield
 .text.rt_thread_suspend
                0x00000000000016a2       0x4a ./rtthread/src/thread.o
                0x00000000000016a2                rt_thread_suspend
 .text.rt_thread_sleep
                0x00000000000016ec       0x40 ./rtthread/src/thread.o
                0x00000000000016ec                rt_thread_sleep
 .text.rt_thread_mdelay
                0x000000000000172c        0xe ./rtthread/src/thread.o
                0x000000000000172c                rt_thread_mdelay
 .text.rt_thread_resume
                0x000000000000173a       0x4c ./rtthread/src/thread.o
                0x000000000000173a                rt_thread_resume
 .text.rt_thread_startup
                0x0000000000001786       0x2c ./rtthread/src/thread.o
                0x0000000000001786                rt_thread_startup
 .text._rt_timer_remove.part.1
                0x00000000000017b2       0x12 ./rtthread/src/timer.o
 .text.rt_timer_init
                0x00000000000017c4       0x3a ./rtthread/src/timer.o
                0x00000000000017c4                rt_timer_init
 .text.rt_timer_detach
                0x00000000000017fe       0x24 ./rtthread/src/timer.o
                0x00000000000017fe                rt_timer_detach
 .text.rt_timer_start
                0x0000000000001822       0x78 ./rtthread/src/timer.o
                0x0000000000001822                rt_timer_start
 .text.rt_timer_stop
                0x000000000000189a       0x30 ./rtthread/src/timer.o
                0x000000000000189a                rt_timer_stop
 .text.rt_timer_control
                0x00000000000018ca       0x5a ./rtthread/src/timer.o
                0x00000000000018ca                rt_timer_control
 .text.rt_timer_check
                0x0000000000001924       0xb2 ./rtthread/src/timer.o
                0x0000000000001924                rt_timer_check
 .text.rt_system_timer_init
                0x00000000000019d6        0xa ./rtthread/src/timer.o
                0x00000000000019d6                rt_system_timer_init
 .text.rt_system_timer_thread_init
                0x00000000000019e0        0x2 ./rtthread/src/timer.o
                0x00000000000019e0                rt_system_timer_thread_init
 .text.rt_hw_stack_init
                0x00000000000019e2       0x36 ./rtthread/libcpu/risc-v/common/cpuport.o
                0x00000000000019e2                rt_hw_stack_init
 .text.sw_setpend
                0x0000000000001a18       0x10 ./rtthread/libcpu/risc-v/common/cpuport.o
                0x0000000000001a18                sw_setpend
 .text.sw_clearpend
                0x0000000000001a28        0xe ./rtthread/libcpu/risc-v/common/cpuport.o
                0x0000000000001a28                sw_clearpend
 .text.rt_hw_interrupt_disable
                0x0000000000001a36        0xc ./rtthread/libcpu/risc-v/common/cpuport.o
                0x0000000000001a36                rt_hw_interrupt_disable
 .text.rt_hw_interrupt_enable
                0x0000000000001a42        0x6 ./rtthread/libcpu/risc-v/common/cpuport.o
                0x0000000000001a42                rt_hw_interrupt_enable
 .text.rt_hw_context_switch_interrupt
                0x0000000000001a48       0x22 ./rtthread/libcpu/risc-v/common/cpuport.o
                0x0000000000001a48                rt_hw_context_switch_interrupt
 .text.rt_list_len
                0x0000000000001a6a       0x12 ./rtthread/components/finsh/cmd.o
 .text.version  0x0000000000001a7c        0xe ./rtthread/components/finsh/cmd.o
                0x0000000000001a7c                version
 .text.show_wait_queue
                0x0000000000001a8a       0x36 ./rtthread/components/finsh/cmd.o
 .text.list     0x0000000000001ac0       0x4a ./rtthread/components/finsh/cmd.o
                0x0000000000001ac0                list
 .text.list_get_next
                0x0000000000001b0a       0x78 ./rtthread/components/finsh/cmd.o
 .text.object_split.constprop.2
                0x0000000000001b82       0x1c ./rtthread/components/finsh/cmd.o
 .text.list_mailbox
                0x0000000000001b9e       0xf6 ./rtthread/components/finsh/cmd.o
                0x0000000000001b9e                list_mailbox
 .text.list_device
                0x0000000000001c94       0xc6 ./rtthread/components/finsh/cmd.o
                0x0000000000001c94                list_device
 .text.list_timer
                0x0000000000001d5a       0xd8 ./rtthread/components/finsh/cmd.o
                0x0000000000001d5a                list_timer
 .text.list_thread
                0x0000000000001e32      0x144 ./rtthread/components/finsh/cmd.o
                0x0000000000001e32                list_thread
 .text.list_mutex
                0x0000000000001f76       0xbc ./rtthread/components/finsh/cmd.o
                0x0000000000001f76                list_mutex
 .text.list_event
                0x0000000000002032       0xe6 ./rtthread/components/finsh/cmd.o
                0x0000000000002032                list_event
 .text.list_sem
                0x0000000000002118       0xf0 ./rtthread/components/finsh/cmd.o
                0x0000000000002118                list_sem
 .text.list_msgqueue
                0x0000000000002208       0xf0 ./rtthread/components/finsh/cmd.o
                0x0000000000002208                list_msgqueue
 .text.rt_hw_console_getchar
                0x00000000000022f8       0x2a ./rtthread/components/finsh/finsh_port.o
                0x00000000000022f8                rt_hw_console_getchar
 .text.msh_help
                0x0000000000002322       0x58 ./rtthread/components/finsh/msh.o
                0x0000000000002322                msh_help
 .text.cmd_ps   0x000000000000237a        0xe ./rtthread/components/finsh/msh.o
                0x000000000000237a                cmd_ps
 .text.cmd_free
                0x0000000000002388        0xe ./rtthread/components/finsh/msh.o
                0x0000000000002388                cmd_free
 .text.msh_is_used
                0x0000000000002396        0x4 ./rtthread/components/finsh/msh.o
                0x0000000000002396                msh_is_used
 .text.msh_exec
                0x000000000000239a      0x1b8 ./rtthread/components/finsh/msh.o
                0x000000000000239a                msh_exec
 .text.msh_auto_complete
                0x0000000000002552       0xa2 ./rtthread/components/finsh/msh.o
                0x0000000000002552                msh_auto_complete
 .text.finsh_rx_ind
                0x00000000000025f4       0x12 ./rtthread/components/finsh/shell.o
 .text.finsh_system_init
                0x0000000000002606       0xa6 ./rtthread/components/finsh/shell.o
                0x0000000000002606                finsh_system_init
 .text.finsh_get_prompt
                0x00000000000026ac       0x62 ./rtthread/components/finsh/shell.o
                0x00000000000026ac                finsh_get_prompt
 .text.shell_handle_history
                0x000000000000270e       0x2e ./rtthread/components/finsh/shell.o
 .text.finsh_set_device
                0x000000000000273c       0x82 ./rtthread/components/finsh/shell.o
                0x000000000000273c                finsh_set_device
 .text.finsh_thread_entry
                0x00000000000027be      0x436 ./rtthread/components/finsh/shell.o
                0x00000000000027be                finsh_thread_entry
 .text.rt_serial_init
                0x0000000000002bf4       0x20 ./rtthread/components/drivers/serial/serial.o
 .text.rt_serial_write
                0x0000000000002c14       0x42 ./rtthread/components/drivers/serial/serial.o
 .text.rt_serial_open
                0x0000000000002c56       0x9e ./rtthread/components/drivers/serial/serial.o
 .text.rt_serial_control
                0x0000000000002cf4       0x6e ./rtthread/components/drivers/serial/serial.o
 .text.rt_serial_read
                0x0000000000002d62       0x9e ./rtthread/components/drivers/serial/serial.o
 .text.rt_serial_close
                0x0000000000002e00       0x40 ./rtthread/components/drivers/serial/serial.o
 .text.rt_hw_serial_register
                0x0000000000002e40       0x58 ./rtthread/components/drivers/serial/serial.o
                0x0000000000002e40                rt_hw_serial_register
 .text.rt_hw_serial_isr
                0x0000000000002e98       0xaa ./rtthread/components/drivers/serial/serial.o
                0x0000000000002e98                rt_hw_serial_isr
 .text._pin_control
                0x0000000000002f42       0x1c ./rtthread/components/drivers/misc/pin.o
 .text.rt_pin_mode
                0x0000000000002f5e       0x1a ./rtthread/components/drivers/misc/pin.o
                0x0000000000002f5e                rt_pin_mode
 .text.rt_pin_write
                0x0000000000002f78       0x1a ./rtthread/components/drivers/misc/pin.o
                0x0000000000002f78                rt_pin_write
 .text.rt_pin_read
                0x0000000000002f92       0x18 ./rtthread/components/drivers/misc/pin.o
                0x0000000000002f92                rt_pin_read
 .text._pin_read
                0x0000000000002faa       0x2e ./rtthread/components/drivers/misc/pin.o
 .text._pin_write
                0x0000000000002fd8       0x2c ./rtthread/components/drivers/misc/pin.o
 .text.rt_device_pin_register
                0x0000000000003004       0x52 ./rtthread/components/drivers/misc/pin.o
                0x0000000000003004                rt_device_pin_register
 .text.rt_device_find
                0x0000000000003056        0xe ./rtthread/components/device/device.o
                0x0000000000003056                rt_device_find
 .text.rt_device_register
                0x0000000000003064       0x38 ./rtthread/components/device/device.o
                0x0000000000003064                rt_device_register
 .text.rt_device_open
                0x000000000000309c       0x7c ./rtthread/components/device/device.o
                0x000000000000309c                rt_device_open
 .text.rt_device_close
                0x0000000000003118       0x3a ./rtthread/components/device/device.o
                0x0000000000003118                rt_device_close
 .text.rt_device_read
                0x0000000000003152       0x20 ./rtthread/components/device/device.o
                0x0000000000003152                rt_device_read
 .text.rt_device_write
                0x0000000000003172       0x20 ./rtthread/components/device/device.o
                0x0000000000003172                rt_device_write
 .text.rt_device_set_rx_indicate
                0x0000000000003192        0x6 ./rtthread/components/device/device.o
                0x0000000000003192                rt_device_set_rx_indicate
 .text.reboot   0x0000000000003198       0x12 ./rtthread/board.o
                0x0000000000003198                reboot
 .text.clear    0x00000000000031aa       0x16 ./rtthread/board.o
                0x00000000000031aa                clear
 .text.rt_heap_begin_get
                0x00000000000031c0        0x6 ./rtthread/board.o
                0x00000000000031c0                rt_heap_begin_get
 .text.rt_heap_end_get
                0x00000000000031c6        0xa ./rtthread/board.o
                0x00000000000031c6                rt_heap_end_get
 .text.rt_hw_board_init
                0x00000000000031d0       0x76 ./rtthread/board.o
                0x00000000000031d0                rt_hw_board_init
 .text.SysTick_Handler
                0x0000000000003246       0x64 ./rtthread/board.o
                0x0000000000003246                SysTick_Handler
 .text.bit2bitno
                0x00000000000032aa       0x1c ./drivers/drv_gpio.o
 .text.GPIOB_CLK_ENABLE
                0x00000000000032c6       0x10 ./drivers/drv_gpio.o
 .text.GPIOA_CLK_ENABLE
                0x00000000000032d6       0x10 ./drivers/drv_gpio.o
 .text.GPIOC_CLK_ENABLE
                0x00000000000032e6       0x10 ./drivers/drv_gpio.o
 .text.rt_hw_pin_init
                0x00000000000032f6       0x1c ./drivers/drv_gpio.o
                0x00000000000032f6                rt_hw_pin_init
 .text.get_pin  0x0000000000003312       0x20 ./drivers/drv_gpio.o
                0x0000000000003312                get_pin
 .text.ch32_pin_write
                0x0000000000003332       0x22 ./drivers/drv_gpio.o
                0x0000000000003332                ch32_pin_write
 .text.ch32_pin_read
                0x0000000000003354       0x1e ./drivers/drv_gpio.o
                0x0000000000003354                ch32_pin_read
 .text.ch32_pin_mode
                0x0000000000003372       0x88 ./drivers/drv_gpio.o
                0x0000000000003372                ch32_pin_mode
 .text.ch32_pin_attach_irq
                0x00000000000033fa       0x92 ./drivers/drv_gpio.o
                0x00000000000033fa                ch32_pin_attach_irq
 .text.ch32_pin_dettach_irq
                0x000000000000348c       0x5a ./drivers/drv_gpio.o
                0x000000000000348c                ch32_pin_dettach_irq
 .text.ch32_pin_irq_enable
                0x00000000000034e6      0x122 ./drivers/drv_gpio.o
                0x00000000000034e6                ch32_pin_irq_enable
 .text.HAL_GPIO_EXTI_Callback
                0x0000000000003608       0x24 ./drivers/drv_gpio.o
                0x0000000000003608                HAL_GPIO_EXTI_Callback
 .text.EXTI0_IRQHandler
                0x000000000000362c       0x6c ./drivers/drv_gpio.o
                0x000000000000362c                EXTI0_IRQHandler
 .text.EXTI1_IRQHandler
                0x0000000000003698       0x6c ./drivers/drv_gpio.o
                0x0000000000003698                EXTI1_IRQHandler
 .text.EXTI2_IRQHandler
                0x0000000000003704       0x6c ./drivers/drv_gpio.o
                0x0000000000003704                EXTI2_IRQHandler
 .text.EXTI3_IRQHandler
                0x0000000000003770       0x6c ./drivers/drv_gpio.o
                0x0000000000003770                EXTI3_IRQHandler
 .text.EXTI4_IRQHandler
                0x00000000000037dc       0x6c ./drivers/drv_gpio.o
                0x00000000000037dc                EXTI4_IRQHandler
 .text.EXTI9_5_IRQHandler
                0x0000000000003848       0xbc ./drivers/drv_gpio.o
                0x0000000000003848                EXTI9_5_IRQHandler
 .text.ch32dma_transmit
                0x0000000000003904        0x4 ./drivers/drv_usart.o
                0x0000000000003904                ch32dma_transmit
 .text.ch32_configure
                0x0000000000003908       0xca ./drivers/drv_usart.o
 .text.rt_hw_usart_init
                0x00000000000039d2       0xb8 ./drivers/drv_usart.o
                0x00000000000039d2                rt_hw_usart_init
 .text.ch32_getc
                0x0000000000003a8a       0x22 ./drivers/drv_usart.o
 .text.ch32_putc
                0x0000000000003aac       0x22 ./drivers/drv_usart.o
 .text.ch32_control
                0x0000000000003ace       0x5c ./drivers/drv_usart.o
 .text.USART1_IRQHandler
                0x0000000000003b2a       0x86 ./drivers/drv_usart.o
                0x0000000000003b2a                USART1_IRQHandler
 .text.NMI_Handler
                0x0000000000003bb0       0x64 ./User/ch32v20x_it.o
                0x0000000000003bb0                NMI_Handler
 .text.HardFault_Handler
                0x0000000000003c14       0x64 ./User/ch32v20x_it.o
                0x0000000000003c14                HardFault_Handler
 .text.led      0x0000000000003c78       0x66 ./User/main.o
                0x0000000000003c78                led
 .text.LED1_BLINK_INIT
                0x0000000000003cde       0x32 ./User/main.o
                0x0000000000003cde                LED1_BLINK_INIT
 .text.startup.main
                0x0000000000003d10       0x68 ./User/main.o
                0x0000000000003d10                main
 .text.SystemInit
                0x0000000000003d78       0xea ./User/system_ch32v20x.o
                0x0000000000003d78                SystemInit
 .text.vector_handler
                0x0000000000003e62       0x6c ./Startup/startup_ch32v20x_D6.o
                0x0000000000003e66                Ecall_M_Mode_Handler
                0x0000000000003e68                Ecall_U_Mode_Handler
                0x0000000000003e6a                Break_Point_Handler
                0x0000000000003e70                WWDG_IRQHandler
                0x0000000000003e72                PVD_IRQHandler
                0x0000000000003e74                TAMPER_IRQHandler
                0x0000000000003e76                RTC_IRQHandler
                0x0000000000003e78                FLASH_IRQHandler
                0x0000000000003e7a                RCC_IRQHandler
                0x0000000000003e86                DMA1_Channel1_IRQHandler
                0x0000000000003e88                DMA1_Channel2_IRQHandler
                0x0000000000003e8a                DMA1_Channel3_IRQHandler
                0x0000000000003e8c                DMA1_Channel4_IRQHandler
                0x0000000000003e8e                DMA1_Channel5_IRQHandler
                0x0000000000003e90                DMA1_Channel6_IRQHandler
                0x0000000000003e92                DMA1_Channel7_IRQHandler
                0x0000000000003e94                ADC1_2_IRQHandler
                0x0000000000003e96                USB_HP_CAN1_TX_IRQHandler
                0x0000000000003e98                USB_LP_CAN1_RX0_IRQHandler
                0x0000000000003e9a                CAN1_RX1_IRQHandler
                0x0000000000003e9c                CAN1_SCE_IRQHandler
                0x0000000000003ea0                TIM1_BRK_IRQHandler
                0x0000000000003ea2                TIM1_UP_IRQHandler
                0x0000000000003ea4                TIM1_TRG_COM_IRQHandler
                0x0000000000003ea6                TIM1_CC_IRQHandler
                0x0000000000003ea8                TIM2_IRQHandler
                0x0000000000003eaa                TIM3_IRQHandler
                0x0000000000003eac                TIM4_IRQHandler
                0x0000000000003eae                I2C1_EV_IRQHandler
                0x0000000000003eb0                I2C1_ER_IRQHandler
                0x0000000000003eb2                I2C2_EV_IRQHandler
                0x0000000000003eb4                I2C2_ER_IRQHandler
                0x0000000000003eb6                SPI1_IRQHandler
                0x0000000000003eb8                SPI2_IRQHandler
                0x0000000000003ebc                USART2_IRQHandler
                0x0000000000003ebe                USART3_IRQHandler
                0x0000000000003ec0                EXTI15_10_IRQHandler
                0x0000000000003ec2                RTCAlarm_IRQHandler
                0x0000000000003ec4                USBWakeUp_IRQHandler
                0x0000000000003ec6                USBHD_IRQHandler
                0x0000000000003ec8                USBHDWakeUp_IRQHandler
                0x0000000000003eca                UART4_IRQHandler
                0x0000000000003ecc                DMA1_Channel8_IRQHandler
 .text.handle_reset
                0x0000000000003ece       0x8a ./Startup/startup_ch32v20x_D6.o
                0x0000000000003ece                handle_reset
 .text.EXTI_Init
                0x0000000000003f58       0x6a ./Peripheral/src/ch32v20x_exti.o
                0x0000000000003f58                EXTI_Init
 .text.EXTI_GetITStatus
                0x0000000000003fc2       0x1e ./Peripheral/src/ch32v20x_exti.o
                0x0000000000003fc2                EXTI_GetITStatus
 .text.EXTI_ClearITPendingBit
                0x0000000000003fe0        0xa ./Peripheral/src/ch32v20x_exti.o
                0x0000000000003fe0                EXTI_ClearITPendingBit
 .text.GPIO_Init
                0x0000000000003fea       0xf2 ./Peripheral/src/ch32v20x_gpio.o
                0x0000000000003fea                GPIO_Init
 .text.GPIO_ReadInputDataBit
                0x00000000000040dc       0x1a ./Peripheral/src/ch32v20x_gpio.o
                0x00000000000040dc                GPIO_ReadInputDataBit
 .text.GPIO_SetBits
                0x00000000000040f6       0x14 ./Peripheral/src/ch32v20x_gpio.o
                0x00000000000040f6                GPIO_SetBits
 .text.GPIO_ResetBits
                0x000000000000410a       0x14 ./Peripheral/src/ch32v20x_gpio.o
                0x000000000000410a                GPIO_ResetBits
 .text.GPIO_WriteBit
                0x000000000000411e       0x1a ./Peripheral/src/ch32v20x_gpio.o
                0x000000000000411e                GPIO_WriteBit
 .text.RCC_GetClocksFreq
                0x0000000000004138       0xbe ./Peripheral/src/ch32v20x_rcc.o
                0x0000000000004138                RCC_GetClocksFreq
 .text.RCC_APB2PeriphClockCmd
                0x00000000000041f6       0x1e ./Peripheral/src/ch32v20x_rcc.o
                0x00000000000041f6                RCC_APB2PeriphClockCmd
 .text.USART_Init
                0x0000000000004214       0xbc ./Peripheral/src/ch32v20x_usart.o
                0x0000000000004214                USART_Init
 .text.USART_Cmd
                0x00000000000042d0       0x16 ./Peripheral/src/ch32v20x_usart.o
                0x00000000000042d0                USART_Cmd
 .text.USART_ITConfig
                0x00000000000042e6       0x36 ./Peripheral/src/ch32v20x_usart.o
                0x00000000000042e6                USART_ITConfig
 .text.USART_SendData
                0x000000000000431c        0x8 ./Peripheral/src/ch32v20x_usart.o
                0x000000000000431c                USART_SendData
 .text.USART_GetFlagStatus
                0x0000000000004324        0xa ./Peripheral/src/ch32v20x_usart.o
                0x0000000000004324                USART_GetFlagStatus
 .text.USART_GetITStatus
                0x000000000000432e       0x3c ./Peripheral/src/ch32v20x_usart.o
                0x000000000000432e                USART_GetITStatus
 .text.USART_ClearITPendingBit
                0x000000000000436a       0x14 ./Peripheral/src/ch32v20x_usart.o
                0x000000000000436a                USART_ClearITPendingBit
 .text._write   0x000000000000437e       0x3e ./Debug/debug.o
                0x000000000000437e                _write
 .text.__get_SP
                0x00000000000043bc        0x4 ./Core/core_riscv.o
                0x00000000000043bc                __get_SP
 .text.printchar
                0x00000000000043c0       0x4a c:/mounriver/mounriver_studio/toolchain/risc-v embedded gcc/bin/../lib/gcc/riscv-none-embed/8.2.0/../../../../riscv-none-embed/lib/rv32imacxw/ilp32\libprintf.a(wchprintf.o)
                0x00000000000043c0                printchar
 .text.prints   0x000000000000440a       0xe0 c:/mounriver/mounriver_studio/toolchain/risc-v embedded gcc/bin/../lib/gcc/riscv-none-embed/8.2.0/../../../../riscv-none-embed/lib/rv32imacxw/ilp32\libprintf.a(wchprintf.o)
                0x000000000000440a                prints
 .text.printInt
                0x00000000000044ea       0xf2 c:/mounriver/mounriver_studio/toolchain/risc-v embedded gcc/bin/../lib/gcc/riscv-none-embed/8.2.0/../../../../riscv-none-embed/lib/rv32imacxw/ilp32\libprintf.a(wchprintf.o)
                0x00000000000044ea                printInt
 .text.printLongLongInt
                0x00000000000045dc        0x4 c:/mounriver/mounriver_studio/toolchain/risc-v embedded gcc/bin/../lib/gcc/riscv-none-embed/8.2.0/../../../../riscv-none-embed/lib/rv32imacxw/ilp32\libprintf.a(wchprintf.o)
                0x00000000000045dc                printLongLongInt
 .text.printDouble
                0x00000000000045e0        0x4 c:/mounriver/mounriver_studio/toolchain/risc-v embedded gcc/bin/../lib/gcc/riscv-none-embed/8.2.0/../../../../riscv-none-embed/lib/rv32imacxw/ilp32\libprintf.a(wchprintf.o)
                0x00000000000045e0                printDouble
 .text.print    0x00000000000045e4      0x320 c:/mounriver/mounriver_studio/toolchain/risc-v embedded gcc/bin/../lib/gcc/riscv-none-embed/8.2.0/../../../../riscv-none-embed/lib/rv32imacxw/ilp32\libprintf.a(wchprintf.o)
                0x00000000000045e4                print
 .text.printf   0x0000000000004904       0x24 c:/mounriver/mounriver_studio/toolchain/risc-v embedded gcc/bin/../lib/gcc/riscv-none-embed/8.2.0/../../../../riscv-none-embed/lib/rv32imacxw/ilp32\libprintf.a(wchprintf.o)
                0x0000000000004904                printf
 .text.memcmp   0x0000000000004928       0x24 c:/mounriver/mounriver_studio/toolchain/risc-v embedded gcc/bin/../lib/gcc/riscv-none-embed/8.2.0/../../../../riscv-none-embed/lib/rv32imacxw/ilp32\libg_nano.a(lib_a-memcmp.o)
                0x0000000000004928                memcmp
 .text.memcpy   0x000000000000494c       0xb2 c:/mounriver/mounriver_studio/toolchain/risc-v embedded gcc/bin/../lib/gcc/riscv-none-embed/8.2.0/../../../../riscv-none-embed/lib/rv32imacxw/ilp32\libg_nano.a(lib_a-memcpy.o)
                0x000000000000494c                memcpy
 .text.strcat   0x00000000000049fe       0x1e c:/mounriver/mounriver_studio/toolchain/risc-v embedded gcc/bin/../lib/gcc/riscv-none-embed/8.2.0/../../../../riscv-none-embed/lib/rv32imacxw/ilp32\libg_nano.a(lib_a-strcat.o)
                0x00000000000049fe                strcat
 .text.strcpy   0x0000000000004a1c       0x10 c:/mounriver/mounriver_studio/toolchain/risc-v embedded gcc/bin/../lib/gcc/riscv-none-embed/8.2.0/../../../../riscv-none-embed/lib/rv32imacxw/ilp32\libg_nano.a(lib_a-strcpy.o)
                0x0000000000004a1c                strcpy
 .text.strlen   0x0000000000004a2c       0x12 c:/mounriver/mounriver_studio/toolchain/risc-v embedded gcc/bin/../lib/gcc/riscv-none-embed/8.2.0/../../../../riscv-none-embed/lib/rv32imacxw/ilp32\libg_nano.a(lib_a-strlen.o)
                0x0000000000004a2c                strlen
 .text.strncmp  0x0000000000004a3e       0x28 c:/mounriver/mounriver_studio/toolchain/risc-v embedded gcc/bin/../lib/gcc/riscv-none-embed/8.2.0/../../../../riscv-none-embed/lib/rv32imacxw/ilp32\libg_nano.a(lib_a-strncmp.o)
                0x0000000000004a3e                strncmp
 .text.strncpy  0x0000000000004a66       0x24 c:/mounriver/mounriver_studio/toolchain/risc-v embedded gcc/bin/../lib/gcc/riscv-none-embed/8.2.0/../../../../riscv-none-embed/lib/rv32imacxw/ilp32\libg_nano.a(lib_a-strncpy.o)
                0x0000000000004a66                strncpy
 *(.rodata)
 *(.rodata*)
 *fill*         0x0000000000004a8a        0x2 
 .rodata.rt_application_init.str1.4
                0x0000000000004a8c        0x5 ./rtthread/src/components.o
 *fill*         0x0000000000004a91        0x3 
 .rodata.rt_thread_idle_init.str1.4
                0x0000000000004a94        0x6 ./rtthread/src/idle.o
 *fill*         0x0000000000004a9a        0x2 
 .rodata.__lowest_bit_bitmap
                0x0000000000004a9c      0x100 ./rtthread/src/kservice.o
                0x0000000000004a9c                __lowest_bit_bitmap
 .rodata.large_digits.2539
                0x0000000000004b9c       0x11 ./rtthread/src/kservice.o
 *fill*         0x0000000000004bad        0x3 
 .rodata.rt_show_version.str1.4
                0x0000000000004bb0       0x86 ./rtthread/src/kservice.o
 *fill*         0x0000000000004c36        0x2 
 .rodata.rt_vsnprintf.str1.4
                0x0000000000004c38        0x7 ./rtthread/src/kservice.o
 *fill*         0x0000000000004c3f        0x1 
 .rodata.small_digits.2538
                0x0000000000004c40       0x11 ./rtthread/src/kservice.o
 *fill*         0x0000000000004c51        0x3 
 .rodata.list_mem.str1.4
                0x0000000000004c54       0x46 ./rtthread/src/mem.o
 *fill*         0x0000000000004c9a        0x2 
 .rodata.name   0x0000000000004c9c       0x29 ./rtthread/src/mem.o
                0x0000000000004c9c                __fsym_list_mem_desc
                0x0000000000004cbc                __fsym_list_mem_name
 *fill*         0x0000000000004cc5        0x3 
 .rodata.rt_free.str1.4
                0x0000000000004cc8       0x4c ./rtthread/src/mem.o
 .rodata.rt_system_heap_init.str1.4
                0x0000000000004d14       0x42 ./rtthread/src/mem.o
 *fill*         0x0000000000004d56        0x2 
 .rodata.rt_timer_control
                0x0000000000004d58       0x14 ./rtthread/src/timer.o
 .rodata.device_type_str
                0x0000000000004d6c       0x58 ./rtthread/components/finsh/cmd.o
 .rodata.list.str1.4
                0x0000000000004dc4       0x25 ./rtthread/components/finsh/cmd.o
 *fill*         0x0000000000004de9        0x3 
 .rodata.list_device.str1.4
                0x0000000000004dec       0x6f ./rtthread/components/finsh/cmd.o
 *fill*         0x0000000000004e5b        0x1 
 .rodata.list_event.str1.4
                0x0000000000004e5c       0x76 ./rtthread/components/finsh/cmd.o
 *fill*         0x0000000000004ed2        0x2 
 .rodata.list_mailbox.str1.4
                0x0000000000004ed4       0x76 ./rtthread/components/finsh/cmd.o
                                         0x7a (size before relaxing)
 *fill*         0x0000000000004f4a        0x2 
 .rodata.list_msgqueue.str1.4
                0x0000000000004f4c       0x65 ./rtthread/components/finsh/cmd.o
 *fill*         0x0000000000004fb1        0x3 
 .rodata.list_mutex.str1.4
                0x0000000000004fb4       0x63 ./rtthread/components/finsh/cmd.o
 *fill*         0x0000000000005017        0x1 
 .rodata.list_sem.str1.4
                0x0000000000005018       0x60 ./rtthread/components/finsh/cmd.o
 .rodata.list_thread.str1.4
                0x0000000000005078       0xfc ./rtthread/components/finsh/cmd.o
 .rodata.list_timer.str1.4
                0x0000000000005174       0x9d ./rtthread/components/finsh/cmd.o
 *fill*         0x0000000000005211        0x3 
 .rodata.name   0x0000000000005214      0x308 ./rtthread/components/finsh/cmd.o
                0x0000000000005214                __fsym_list_desc
                0x0000000000005230                __fsym_list_name
                0x0000000000005238                __fsym___cmd_list_device_desc
                0x0000000000005250                __fsym___cmd_list_device_name
                0x0000000000005264                __fsym_list_device_desc
                0x000000000000527c                __fsym_list_device_name
                0x0000000000005288                __fsym___cmd_list_timer_desc
                0x00000000000052a0                __fsym___cmd_list_timer_name
                0x00000000000052b4                __fsym_list_timer_desc
                0x00000000000052cc                __fsym_list_timer_name
                0x00000000000052d8                __fsym___cmd_list_msgqueue_desc
                0x00000000000052f8                __fsym___cmd_list_msgqueue_name
                0x000000000000530c                __fsym_list_msgqueue_desc
                0x000000000000532c                __fsym_list_msgqueue_name
                0x000000000000533c                __fsym___cmd_list_mailbox_desc
                0x0000000000005354                __fsym___cmd_list_mailbox_name
                0x0000000000005368                __fsym_list_mailbox_desc
                0x0000000000005380                __fsym_list_mailbox_name
                0x0000000000005390                __fsym___cmd_list_mutex_desc
                0x00000000000053a8                __fsym___cmd_list_mutex_name
                0x00000000000053bc                __fsym_list_mutex_desc
                0x00000000000053d4                __fsym_list_mutex_name
                0x00000000000053e0                __fsym___cmd_list_event_desc
                0x00000000000053f8                __fsym___cmd_list_event_name
                0x000000000000540c                __fsym_list_event_desc
                0x0000000000005424                __fsym_list_event_name
                0x0000000000005430                __fsym___cmd_list_sem_desc
                0x000000000000544c                __fsym___cmd_list_sem_name
                0x000000000000545c                __fsym_list_sem_desc
                0x0000000000005478                __fsym_list_sem_name
                0x0000000000005484                __fsym___cmd_list_thread_desc
                0x0000000000005490                __fsym___cmd_list_thread_name
                0x00000000000054a4                __fsym_list_thread_desc
                0x00000000000054b0                __fsym_list_thread_name
                0x00000000000054bc                __fsym___cmd_version_desc
                0x00000000000054e0                __fsym___cmd_version_name
                0x00000000000054f0                __fsym_version_desc
                0x0000000000005514                __fsym_version_name
 .rodata.object_split.constprop.2.str1.4
                0x000000000000551c        0x2 ./rtthread/components/finsh/cmd.o
 *fill*         0x000000000000551e        0x2 
 .rodata.show_wait_queue.str1.4
                0x0000000000005520        0x6 ./rtthread/components/finsh/cmd.o
 *fill*         0x0000000000005526        0x2 
 .rodata.str1.4
                0x0000000000005528      0x131 ./rtthread/components/finsh/cmd.o
 *fill*         0x0000000000005659        0x3 
 .rodata.rt_hw_console_getchar.str1.4
                0x000000000000565c        0x6 ./rtthread/components/finsh/finsh_port.o
 .rodata.msh_auto_complete.str1.4
                0x0000000000005662        0x6 ./rtthread/components/finsh/msh.o
                                          0x4 (size before relaxing)
 *fill*         0x0000000000005662        0x2 
 .rodata.msh_exec.str1.4
                0x0000000000005664       0x3c ./rtthread/components/finsh/msh.o
 .rodata.msh_help.str1.4
                0x00000000000056a0       0x30 ./rtthread/components/finsh/msh.o
                                         0x32 (size before relaxing)
 .rodata.name   0x00000000000056d0       0x7f ./rtthread/components/finsh/msh.o
                0x00000000000056d0                __fsym___cmd_free_desc
                0x00000000000056f8                __fsym___cmd_free_name
                0x0000000000005704                __fsym___cmd_ps_desc
                0x0000000000005720                __fsym___cmd_ps_name
                0x000000000000572c                __fsym___cmd_help_desc
                0x0000000000005744                __fsym___cmd_help_name
 *fill*         0x000000000000574f        0x1 
 .rodata.finsh_get_prompt.str1.4
                0x0000000000005750       0x12 ./rtthread/components/finsh/shell.o
 *fill*         0x0000000000005762        0x2 
 .rodata.finsh_set_device.str1.4
                0x0000000000005764       0x20 ./rtthread/components/finsh/shell.o
 .rodata.finsh_system_init.str1.4
                0x0000000000005784       0x25 ./rtthread/components/finsh/shell.o
 *fill*         0x00000000000057a9        0x3 
 .rodata.finsh_thread_entry.str1.4
                0x00000000000057ac       0x14 ./rtthread/components/finsh/shell.o
                                         0x1b (size before relaxing)
 .rodata.shell_handle_history.str1.4
                0x00000000000057c0        0xd ./rtthread/components/finsh/shell.o
 *fill*         0x00000000000057cd        0x3 
 .rodata.name   0x00000000000057d0       0x70 ./rtthread/components/drivers/misc/pin.o
                0x00000000000057d0                __fsym_pinRead_desc
                0x00000000000057f0                __fsym_pinRead_name
                0x00000000000057f8                __fsym_pinWrite_desc
                0x0000000000005814                __fsym_pinWrite_name
                0x0000000000005820                __fsym_pinMode_desc
                0x0000000000005838                __fsym_pinMode_name
 .rodata.rt_device_init.str1.4
                0x0000000000005840       0x36 ./rtthread/components/device/device.o
 *fill*         0x0000000000005876        0x2 
 .rodata.clear.str1.4
                0x0000000000005878        0x8 ./rtthread/board.o
 .rodata.name   0x0000000000005880       0x41 ./rtthread/board.o
                0x0000000000005880                __fsym___cmd_clear_desc
                0x0000000000005894                __fsym___cmd_clear_name
                0x00000000000058a0                __fsym___cmd_reboot_desc
                0x00000000000058b4                __fsym___cmd_reboot_name
 .rodata.rt_hw_board_init.str1.4
                0x00000000000058c1        0x6 ./rtthread/board.o
 *fill*         0x00000000000058c1        0x3 
 .rodata._ch32_pin_ops
                0x00000000000058c4       0x18 ./drivers/drv_gpio.o
 .rodata.ch32_pin_mode.str1.4
                0x00000000000058dc       0x10 ./drivers/drv_gpio.o
 .rodata.pin_irq_map
                0x00000000000058ec       0x80 ./drivers/drv_gpio.o
 .rodata.pins   0x000000000000596c      0x310 ./drivers/drv_gpio.o
 .rodata.rt_hw_pin_init.str1.4
                0x0000000000005c7c        0x4 ./drivers/drv_gpio.o
 .rodata.ch32_uart_ops
                0x0000000000005c80       0x14 ./drivers/drv_usart.o
 .rodata.rt_hw_usart_init.str1.4
                0x0000000000005c94        0x6 ./drivers/drv_usart.o
 .rodata.HardFault_Handler.str1.4
                0x0000000000005c94        0xc ./User/ch32v20x_it.o
 .rodata.NMI_Handler.str1.4
                0x0000000000005ca0        0xf ./User/ch32v20x_it.o
 *fill*         0x0000000000005caf        0x1 
 .rodata.led.str1.4
                0x0000000000005cb0       0x32 ./User/main.o
 *fill*         0x0000000000005ce2        0x2 
 .rodata.main.str1.4
                0x0000000000005ce4       0x32 ./User/main.o
 *fill*         0x0000000000005d16        0x2 
 .rodata.name   0x0000000000005d18       0x2b ./User/main.o
                0x0000000000005d18                __fsym___cmd_test_led_desc
                0x0000000000005d34                __fsym___cmd_test_led_name
 *fill*         0x0000000000005d43        0x1 
 .rodata.print.str1.4
                0x0000000000005d44        0x8 c:/mounriver/mounriver_studio/toolchain/risc-v embedded gcc/bin/../lib/gcc/riscv-none-embed/8.2.0/../../../../riscv-none-embed/lib/rv32imacxw/ilp32\libprintf.a(wchprintf.o)
                                          0x7 (size before relaxing)
 *(.glue_7)
 *(.glue_7t)
 *(.gnu.linkonce.t.*)
                0x0000000000005d4c                . = ALIGN (0x4)
                0x0000000000005d4c                __fsymtab_start = .
 *(FSymTab)
 FSymTab        0x0000000000005d4c        0xc ./rtthread/src/mem.o
                0x0000000000005d4c                __fsym_list_mem
 FSymTab        0x0000000000005d58       0xe4 ./rtthread/components/finsh/cmd.o
                0x0000000000005d58                __fsym_list
                0x0000000000005d64                __fsym___cmd_list_device
                0x0000000000005d70                __fsym_list_device
                0x0000000000005d7c                __fsym___cmd_list_timer
                0x0000000000005d88                __fsym_list_timer
                0x0000000000005d94                __fsym___cmd_list_msgqueue
                0x0000000000005da0                __fsym_list_msgqueue
                0x0000000000005dac                __fsym___cmd_list_mailbox
                0x0000000000005db8                __fsym_list_mailbox
                0x0000000000005dc4                __fsym___cmd_list_mutex
                0x0000000000005dd0                __fsym_list_mutex
                0x0000000000005ddc                __fsym___cmd_list_event
                0x0000000000005de8                __fsym_list_event
                0x0000000000005df4                __fsym___cmd_list_sem
                0x0000000000005e00                __fsym_list_sem
                0x0000000000005e0c                __fsym___cmd_list_thread
                0x0000000000005e18                __fsym_list_thread
                0x0000000000005e24                __fsym___cmd_version
                0x0000000000005e30                __fsym_version
 FSymTab        0x0000000000005e3c       0x24 ./rtthread/components/finsh/msh.o
                0x0000000000005e3c                __fsym___cmd_free
                0x0000000000005e48                __fsym___cmd_ps
                0x0000000000005e54                __fsym___cmd_help
 FSymTab        0x0000000000005e60       0x24 ./rtthread/components/drivers/misc/pin.o
                0x0000000000005e60                __fsym_pinRead
                0x0000000000005e6c                __fsym_pinWrite
                0x0000000000005e78                __fsym_pinMode
 FSymTab        0x0000000000005e84       0x18 ./rtthread/board.o
                0x0000000000005e84                __fsym___cmd_clear
                0x0000000000005e90                __fsym___cmd_reboot
 FSymTab        0x0000000000005e9c        0xc ./User/main.o
                0x0000000000005e9c                __fsym___cmd_test_led
                0x0000000000005ea8                __fsymtab_end = .
                0x0000000000005ea8                . = ALIGN (0x4)
                0x0000000000005ea8                __vsymtab_start = .
 *(VSymTab)
                0x0000000000005ea8                __vsymtab_end = .
                0x0000000000005ea8                . = ALIGN (0x4)
                0x0000000000005ea8                . = ALIGN (0x4)
                0x0000000000005ea8                __rt_init_start = .
 *(SORT_BY_NAME(.rti_fn*))
 .rti_fn.0      0x0000000000005ea8        0x4 ./rtthread/src/components.o
                0x0000000000005ea8                __rt_init_rti_start
 .rti_fn.0.end  0x0000000000005eac        0x4 ./rtthread/src/components.o
                0x0000000000005eac                __rt_init_rti_board_start
 .rti_fn.1      0x0000000000005eb0        0x4 ./drivers/drv_gpio.o
                0x0000000000005eb0                __rt_init_rt_hw_pin_init
 .rti_fn.1      0x0000000000005eb4        0x4 ./drivers/drv_usart.o
                0x0000000000005eb4                __rt_init_rt_hw_usart_init
 .rti_fn.1.end  0x0000000000005eb8        0x4 ./rtthread/src/components.o
                0x0000000000005eb8                __rt_init_rti_board_end
 .rti_fn.6      0x0000000000005ebc        0x4 ./rtthread/components/finsh/shell.o
                0x0000000000005ebc                __rt_init_finsh_system_init
 .rti_fn.6.end  0x0000000000005ec0        0x4 ./rtthread/src/components.o
                0x0000000000005ec0                __rt_init_rti_end
                0x0000000000005ec4                __rt_init_end = .
                0x0000000000005ec4                . = ALIGN (0x4)
                0x0000000000005ec4                . = ALIGN (0x4)
                0x0000000000005ec4                __rtmsymtab_start = .
 *(RTMSymTab)
                0x0000000000005ec4                __rtmsymtab_end = .
                0x0000000000005ec4                . = ALIGN (0x4)

.rela.dyn       0x0000000000005ec4        0x0
 .rela.text.rt_set_errno
                0x0000000000005ec4        0x0 ./rtthread/src/clock.o
 .rela.text.rt_kprintf
                0x0000000000005ec4        0x0 ./rtthread/src/clock.o
 .rela.text     0x0000000000005ec4        0x0 ./rtthread/src/clock.o
 .rela.text.finsh_system_init
                0x0000000000005ec4        0x0 ./rtthread/src/clock.o
 .rela.text.finsh_thread_entry
                0x0000000000005ec4        0x0 ./rtthread/src/clock.o
 .rela.text.rt_heap_begin_get
                0x0000000000005ec4        0x0 ./rtthread/src/clock.o
 .rela.text.rt_heap_end_get
                0x0000000000005ec4        0x0 ./rtthread/src/clock.o
 .rela.text.rt_hw_board_init
                0x0000000000005ec4        0x0 ./rtthread/src/clock.o
 .rela.text.led
                0x0000000000005ec4        0x0 ./rtthread/src/clock.o
 .rela.init     0x0000000000005ec4        0x0 ./rtthread/src/clock.o
 .rela.vector   0x0000000000005ec4        0x0 ./rtthread/src/clock.o
 .rela.text.handle_reset
                0x0000000000005ec4        0x0 ./rtthread/src/clock.o
 .rela.text.prints
                0x0000000000005ec4        0x0 ./rtthread/src/clock.o
 .rela.text.printInt
                0x0000000000005ec4        0x0 ./rtthread/src/clock.o
 .rela.text.print
                0x0000000000005ec4        0x0 ./rtthread/src/clock.o
 .rela.text.printf
                0x0000000000005ec4        0x0 ./rtthread/src/clock.o

.fini           0x0000000000005ec4        0x0
 *(SORT_NONE(.fini))
                0x0000000000005ec4                . = ALIGN (0x4)
                [!provide]                        PROVIDE (_etext = .)
                [!provide]                        PROVIDE (_eitcm = .)

.preinit_array  0x0000000000005ec4        0x0
                [!provide]                        PROVIDE (__preinit_array_start = .)
 *(.preinit_array)
                [!provide]                        PROVIDE (__preinit_array_end = .)

.init_array     0x0000000000005ec4        0x0
                [!provide]                        PROVIDE (__init_array_start = .)
 *(SORT_BY_INIT_PRIORITY(.init_array.*) SORT_BY_INIT_PRIORITY(.ctors.*))
 *(.init_array EXCLUDE_FILE(*crtend?.o *crtend.o *crtbegin?.o *crtbegin.o) .ctors)
                [!provide]                        PROVIDE (__init_array_end = .)

.fini_array     0x0000000000005ec4        0x0
                [!provide]                        PROVIDE (__fini_array_start = .)
 *(SORT_BY_INIT_PRIORITY(.fini_array.*) SORT_BY_INIT_PRIORITY(.dtors.*))
 *(.fini_array EXCLUDE_FILE(*crtend?.o *crtend.o *crtbegin?.o *crtbegin.o) .dtors)
                [!provide]                        PROVIDE (__fini_array_end = .)

.ctors
 *crtbegin.o(.ctors)
 *crtbegin?.o(.ctors)
 *(EXCLUDE_FILE(*crtend?.o *crtend.o) .ctors)
 *(SORT_BY_NAME(.ctors.*))
 *(.ctors)

.dtors
 *crtbegin.o(.dtors)
 *crtbegin?.o(.dtors)
 *(EXCLUDE_FILE(*crtend?.o *crtend.o) .dtors)
 *(SORT_BY_NAME(.dtors.*))
 *(.dtors)

.dalign         0x0000000020000000        0x0 load address 0x0000000000005ec4
                0x0000000020000000                . = ALIGN (0x4)
                0x0000000020000000                PROVIDE (_data_vma = .)

.dlalign        0x0000000000005ec4        0x0
                0x0000000000005ec4                . = ALIGN (0x4)
                0x0000000000005ec4                PROVIDE (_data_lma = .)

.data           0x0000000020000000      0x158 load address 0x0000000000005ec4
 *(.gnu.linkonce.r.*)
 *(.data .data.*)
 .data.rt_object_container
                0x0000000020000000       0x80 ./rtthread/src/object.o
 .data.pin_irq_hdr_tab
                0x0000000020000080       0xc0 ./drivers/drv_gpio.o
                0x0000000020000080                pin_irq_hdr_tab
 .data.APBAHBPrescTable
                0x0000000020000140       0x10 ./Peripheral/src/ch32v20x_rcc.o
 *(.gnu.linkonce.d.*)
                0x0000000020000150                . = ALIGN (0x8)
                0x0000000020000950                PROVIDE (__global_pointer$ = (. + 0x800))
 *(.sdata .sdata.*)
 .sdata.SystemCoreClock
                0x0000000020000150        0x4 ./User/system_ch32v20x.o
                0x0000000020000150                SystemCoreClock
 .sdata.ADCPrescTable
                0x0000000020000154        0x4 ./Peripheral/src/ch32v20x_rcc.o
 *(.sdata2.*)
 *(.gnu.linkonce.s.*)
                0x0000000020000158                . = ALIGN (0x8)
 *(.srodata.cst16)
 *(.srodata.cst8)
 *(.srodata.cst4)
 *(.srodata.cst2)
 *(.srodata .srodata.*)
                0x0000000020000158                . = ALIGN (0x4)
                0x0000000020000158                PROVIDE (_edata = .)

.bss            0x0000000020000158      0x49c load address 0x000000000000601c
                0x0000000020000158                . = ALIGN (0x4)
                0x0000000020000158                PROVIDE (_sbss = .)
 *(.sbss*)
 .sbss.rt_tick  0x0000000020000158        0x4 ./rtthread/src/clock.o
 .sbss.rt_interrupt_enter_hook
                0x000000002000015c        0x4 ./rtthread/src/irq.o
 .sbss.rt_interrupt_leave_hook
                0x0000000020000160        0x4 ./rtthread/src/irq.o
 .sbss.rt_interrupt_nest
                0x0000000020000164        0x1 ./rtthread/src/irq.o
                0x0000000020000164                rt_interrupt_nest
 *fill*         0x0000000020000165        0x3 
 .sbss.__rt_errno
                0x0000000020000168        0x4 ./rtthread/src/kservice.o
 .sbss._console_device
                0x000000002000016c        0x4 ./rtthread/src/kservice.o
 .sbss.heap_end
                0x0000000020000170        0x4 ./rtthread/src/mem.o
 .sbss.heap_ptr
                0x0000000020000174        0x4 ./rtthread/src/mem.o
 .sbss.lfree    0x0000000020000178        0x4 ./rtthread/src/mem.o
 .sbss.max_mem  0x000000002000017c        0x4 ./rtthread/src/mem.o
 .sbss.mem_size_aligned
                0x0000000020000180        0x4 ./rtthread/src/mem.o
 .sbss.rt_free_hook
                0x0000000020000184        0x4 ./rtthread/src/mem.o
 .sbss.rt_malloc_hook
                0x0000000020000188        0x4 ./rtthread/src/mem.o
 .sbss.used_mem
                0x000000002000018c        0x4 ./rtthread/src/mem.o
 .sbss.rt_object_attach_hook
                0x0000000020000190        0x4 ./rtthread/src/object.o
 .sbss.rt_object_detach_hook
                0x0000000020000194        0x4 ./rtthread/src/object.o
 .sbss.rt_object_put_hook
                0x0000000020000198        0x4 ./rtthread/src/object.o
                0x0000000020000198                rt_object_put_hook
 .sbss.rt_object_take_hook
                0x000000002000019c        0x4 ./rtthread/src/object.o
                0x000000002000019c                rt_object_take_hook
 .sbss.rt_object_trytake_hook
                0x00000000200001a0        0x4 ./rtthread/src/object.o
                0x00000000200001a0                rt_object_trytake_hook
 .sbss.rt_current_priority
                0x00000000200001a4        0x1 ./rtthread/src/scheduler.o
                0x00000000200001a4                rt_current_priority
 *fill*         0x00000000200001a5        0x3 
 .sbss.rt_current_thread
                0x00000000200001a8        0x4 ./rtthread/src/scheduler.o
                0x00000000200001a8                rt_current_thread
 .sbss.rt_scheduler_hook
                0x00000000200001ac        0x4 ./rtthread/src/scheduler.o
 .sbss.rt_scheduler_lock_nest
                0x00000000200001b0        0x2 ./rtthread/src/scheduler.o
 *fill*         0x00000000200001b2        0x2 
 .sbss.rt_thread_defunct
                0x00000000200001b4        0x8 ./rtthread/src/scheduler.o
                0x00000000200001b4                rt_thread_defunct
 .sbss.rt_thread_ready_priority_group
                0x00000000200001bc        0x4 ./rtthread/src/scheduler.o
                0x00000000200001bc                rt_thread_ready_priority_group
 .sbss.rt_thread_inited_hook
                0x00000000200001c0        0x4 ./rtthread/src/thread.o
 .sbss.rt_thread_resume_hook
                0x00000000200001c4        0x4 ./rtthread/src/thread.o
 .sbss.rt_thread_suspend_hook
                0x00000000200001c8        0x4 ./rtthread/src/thread.o
 .sbss.random_nr.2441
                0x00000000200001cc        0x4 ./rtthread/src/timer.o
 .sbss.rt_timer_enter_hook
                0x00000000200001d0        0x4 ./rtthread/src/timer.o
 .sbss.rt_timer_exit_hook
                0x00000000200001d4        0x4 ./rtthread/src/timer.o
 .sbss.rt_timer_list
                0x00000000200001d8        0x8 ./rtthread/src/timer.o
 .sbss.rt_interrupt_from_thread
                0x00000000200001e0        0x4 ./rtthread/libcpu/risc-v/common/cpuport.o
                0x00000000200001e0                rt_interrupt_from_thread
 .sbss.rt_interrupt_to_thread
                0x00000000200001e4        0x4 ./rtthread/libcpu/risc-v/common/cpuport.o
                0x00000000200001e4                rt_interrupt_to_thread
 .sbss.rt_thread_switch_interrupt_flag
                0x00000000200001e8        0x4 ./rtthread/libcpu/risc-v/common/cpuport.o
                0x00000000200001e8                rt_thread_switch_interrupt_flag
 .sbss._syscall_table_begin
                0x00000000200001ec        0x4 ./rtthread/components/finsh/shell.o
                0x00000000200001ec                _syscall_table_begin
 .sbss._syscall_table_end
                0x00000000200001f0        0x4 ./rtthread/components/finsh/shell.o
                0x00000000200001f0                _syscall_table_end
 .sbss._sysvar_table_begin
                0x00000000200001f4        0x4 ./rtthread/components/finsh/shell.o
                0x00000000200001f4                _sysvar_table_begin
 .sbss._sysvar_table_end
                0x00000000200001f8        0x4 ./rtthread/components/finsh/shell.o
                0x00000000200001f8                _sysvar_table_end
 .sbss.finsh_prompt_custom
                0x00000000200001fc        0x4 ./rtthread/components/finsh/shell.o
 .sbss.shell    0x0000000020000200        0x4 ./rtthread/components/finsh/shell.o
                0x0000000020000200                shell
 .sbss.MCU_Version
                0x0000000020000204        0x1 ./Peripheral/src/ch32v20x_gpio.o
                0x0000000020000204                MCU_Version
 *(.gnu.linkonce.sb.*)
 *(.bss*)
 *fill*         0x0000000020000205        0x3 
 .bss.idle      0x0000000020000208       0x80 ./rtthread/src/idle.o
 .bss.idle_hook_list
                0x0000000020000288       0x10 ./rtthread/src/idle.o
 .bss.rt_thread_stack
                0x0000000020000298      0x100 ./rtthread/src/idle.o
 .bss.rt_log_buf.2652
                0x0000000020000398       0x80 ./rtthread/src/kservice.o
 .bss.heap_sem  0x0000000020000418       0x20 ./rtthread/src/mem.o
 .bss.rt_thread_priority_table
                0x0000000020000438       0x80 ./rtthread/src/scheduler.o
                0x0000000020000438                rt_thread_priority_table
 .bss.finsh_prompt.4286
                0x00000000200004b8       0x81 ./rtthread/components/finsh/shell.o
 *fill*         0x0000000020000539        0x3 
 .bss._hw_pin   0x000000002000053c       0x48 ./rtthread/components/drivers/misc/pin.o
 .bss.serial1   0x0000000020000584       0x58 ./drivers/drv_usart.o
                0x0000000020000584                serial1
 .bss.uart1     0x00000000200005dc       0x18 ./drivers/drv_usart.o
                0x00000000200005dc                uart1
 *(.gnu.linkonce.b.*)
 *(COMMON*)
                0x00000000200005f4                . = ALIGN (0x4)
                0x00000000200005f4                PROVIDE (_ebss = .)
                0x00000000200005f4                PROVIDE (_end = _ebss)
                [!provide]                        PROVIDE (end = .)

.stack          0x0000000020004800      0x800
                0x0000000020004800                PROVIDE (_heap_end = .)
                0x0000000020004800                . = ALIGN (0x4)
                [!provide]                        PROVIDE (_susrstack = .)
                0x0000000020005000                . = (. + __stack_size)
 *fill*         0x0000000020004800      0x800 
                0x0000000020005000                PROVIDE (_eusrstack = .)
OUTPUT(JT-DT-YD1C01_RTT_Nano.elf elf32-littleriscv)

.debug_info     0x0000000000000000    0x1ffb8
 .debug_info    0x0000000000000000      0x4eb ./rtthread/src/clock.o
 .debug_info    0x00000000000004eb      0x67a ./rtthread/src/components.o
 .debug_info    0x0000000000000b65      0x736 ./rtthread/src/idle.o
 .debug_info    0x000000000000129b     0x2921 ./rtthread/src/ipc.o
 .debug_info    0x0000000000003bbc      0x261 ./rtthread/src/irq.o
 .debug_info    0x0000000000003e1d     0x15d9 ./rtthread/src/kservice.o
 .debug_info    0x00000000000053f6     0x130c ./rtthread/src/mem.o
 .debug_info    0x0000000000006702      0xa99 ./rtthread/src/object.o
 .debug_info    0x000000000000719b      0x85b ./rtthread/src/scheduler.o
 .debug_info    0x00000000000079f6     0x1364 ./rtthread/src/thread.o
 .debug_info    0x0000000000008d5a      0xe16 ./rtthread/src/timer.o
 .debug_info    0x0000000000009b70       0x26 ./rtthread/libcpu/risc-v/common/context_gcc.o
 .debug_info    0x0000000000009b96      0xded ./rtthread/libcpu/risc-v/common/cpuport.o
 .debug_info    0x000000000000a983       0x26 ./rtthread/libcpu/risc-v/common/interrupt_gcc.o
 .debug_info    0x000000000000a9a9     0x2dd5 ./rtthread/components/finsh/cmd.o
 .debug_info    0x000000000000d77e      0x4b5 ./rtthread/components/finsh/finsh_port.o
 .debug_info    0x000000000000dc33     0x12ad ./rtthread/components/finsh/msh.o
 .debug_info    0x000000000000eee0     0x1ce1 ./rtthread/components/finsh/shell.o
 .debug_info    0x0000000000010bc1      0xe84 ./rtthread/components/drivers/serial/serial.o
 .debug_info    0x0000000000011a45     0x1576 ./rtthread/components/drivers/misc/pin.o
 .debug_info    0x0000000000012fbb      0x9df ./rtthread/components/device/device.o
 .debug_info    0x000000000001399a     0x112e ./rtthread/board.o
 .debug_info    0x0000000000014ac8     0x2065 ./drivers/drv_gpio.o
 .debug_info    0x0000000000016b2d     0x1ad6 ./drivers/drv_usart.o
 .debug_info    0x0000000000018603      0xa67 ./User/ch32v20x_it.o
 .debug_info    0x000000000001906a      0xe1c ./User/main.o
 .debug_info    0x0000000000019e86      0xb89 ./User/system_ch32v20x.o
 .debug_info    0x000000000001aa0f       0x22 ./Startup/startup_ch32v20x_D6.o
 .debug_info    0x000000000001aa31      0xc0d ./Peripheral/src/ch32v20x_exti.o
 .debug_info    0x000000000001b63e     0x10d9 ./Peripheral/src/ch32v20x_gpio.o
 .debug_info    0x000000000001c717     0x125c ./Peripheral/src/ch32v20x_rcc.o
 .debug_info    0x000000000001d973     0x13b4 ./Peripheral/src/ch32v20x_usart.o
 .debug_info    0x000000000001ed27      0xf1b ./Debug/debug.o
 .debug_info    0x000000000001fc42      0x376 ./Core/core_riscv.o

.debug_abbrev   0x0000000000000000     0x61b9
 .debug_abbrev  0x0000000000000000      0x1c4 ./rtthread/src/clock.o
 .debug_abbrev  0x00000000000001c4      0x228 ./rtthread/src/components.o
 .debug_abbrev  0x00000000000003ec      0x283 ./rtthread/src/idle.o
 .debug_abbrev  0x000000000000066f      0x3c8 ./rtthread/src/ipc.o
 .debug_abbrev  0x0000000000000a37      0x160 ./rtthread/src/irq.o
 .debug_abbrev  0x0000000000000b97      0x424 ./rtthread/src/kservice.o
 .debug_abbrev  0x0000000000000fbb      0x3d1 ./rtthread/src/mem.o
 .debug_abbrev  0x000000000000138c      0x2e0 ./rtthread/src/object.o
 .debug_abbrev  0x000000000000166c      0x2af ./rtthread/src/scheduler.o
 .debug_abbrev  0x000000000000191b      0x3b2 ./rtthread/src/thread.o
 .debug_abbrev  0x0000000000001ccd      0x3de ./rtthread/src/timer.o
 .debug_abbrev  0x00000000000020ab       0x14 ./rtthread/libcpu/risc-v/common/context_gcc.o
 .debug_abbrev  0x00000000000020bf      0x322 ./rtthread/libcpu/risc-v/common/cpuport.o
 .debug_abbrev  0x00000000000023e1       0x14 ./rtthread/libcpu/risc-v/common/interrupt_gcc.o
 .debug_abbrev  0x00000000000023f5      0x4c4 ./rtthread/components/finsh/cmd.o
 .debug_abbrev  0x00000000000028b9      0x17d ./rtthread/components/finsh/finsh_port.o
 .debug_abbrev  0x0000000000002a36      0x41d ./rtthread/components/finsh/msh.o
 .debug_abbrev  0x0000000000002e53      0x594 ./rtthread/components/finsh/shell.o
 .debug_abbrev  0x00000000000033e7      0x3eb ./rtthread/components/drivers/serial/serial.o
 .debug_abbrev  0x00000000000037d2      0x363 ./rtthread/components/drivers/misc/pin.o
 .debug_abbrev  0x0000000000003b35      0x289 ./rtthread/components/device/device.o
 .debug_abbrev  0x0000000000003dbe      0x383 ./rtthread/board.o
 .debug_abbrev  0x0000000000004141      0x461 ./drivers/drv_gpio.o
 .debug_abbrev  0x00000000000045a2      0x423 ./drivers/drv_usart.o
 .debug_abbrev  0x00000000000049c5      0x211 ./User/ch32v20x_it.o
 .debug_abbrev  0x0000000000004bd6      0x2d4 ./User/main.o
 .debug_abbrev  0x0000000000004eaa      0x2c0 ./User/system_ch32v20x.o
 .debug_abbrev  0x000000000000516a       0x12 ./Startup/startup_ch32v20x_D6.o
 .debug_abbrev  0x000000000000517c      0x2da ./Peripheral/src/ch32v20x_exti.o
 .debug_abbrev  0x0000000000005456      0x33a ./Peripheral/src/ch32v20x_gpio.o
 .debug_abbrev  0x0000000000005790      0x351 ./Peripheral/src/ch32v20x_rcc.o
 .debug_abbrev  0x0000000000005ae1      0x312 ./Peripheral/src/ch32v20x_usart.o
 .debug_abbrev  0x0000000000005df3      0x2e6 ./Debug/debug.o
 .debug_abbrev  0x00000000000060d9       0xe0 ./Core/core_riscv.o

.debug_loc      0x0000000000000000     0xa34e
 .debug_loc     0x0000000000000000       0xa9 ./rtthread/src/clock.o
 .debug_loc     0x00000000000000a9       0x8a ./rtthread/src/components.o
 .debug_loc     0x0000000000000133      0x1f4 ./rtthread/src/idle.o
 .debug_loc     0x0000000000000327     0x1ae2 ./rtthread/src/ipc.o
 .debug_loc     0x0000000000001e09       0x51 ./rtthread/src/irq.o
 .debug_loc     0x0000000000001e5a     0x182d ./rtthread/src/kservice.o
 .debug_loc     0x0000000000003687      0x4c3 ./rtthread/src/mem.o
 .debug_loc     0x0000000000003b4a      0x5c8 ./rtthread/src/object.o
 .debug_loc     0x0000000000004112      0x1ee ./rtthread/src/scheduler.o
 .debug_loc     0x0000000000004300      0x80f ./rtthread/src/thread.o
 .debug_loc     0x0000000000004b0f      0x767 ./rtthread/src/timer.o
 .debug_loc     0x0000000000005276      0x100 ./rtthread/libcpu/risc-v/common/cpuport.o
 .debug_loc     0x0000000000005376      0xcc9 ./rtthread/components/finsh/cmd.o
 .debug_loc     0x000000000000603f       0x13 ./rtthread/components/finsh/finsh_port.o
 .debug_loc     0x0000000000006052      0x570 ./rtthread/components/finsh/msh.o
 .debug_loc     0x00000000000065c2      0x273 ./rtthread/components/finsh/shell.o
 .debug_loc     0x0000000000006835      0xa4c ./rtthread/components/drivers/serial/serial.o
 .debug_loc     0x0000000000007281      0x74d ./rtthread/components/drivers/misc/pin.o
 .debug_loc     0x00000000000079ce      0x639 ./rtthread/components/device/device.o
 .debug_loc     0x0000000000008007       0x9a ./rtthread/board.o
 .debug_loc     0x00000000000080a1      0x5ac ./drivers/drv_gpio.o
 .debug_loc     0x000000000000864d      0x256 ./drivers/drv_usart.o
 .debug_loc     0x00000000000088a3       0x1f ./User/main.o
 .debug_loc     0x00000000000088c2       0xac ./User/system_ch32v20x.o
 .debug_loc     0x000000000000896e      0x181 ./Peripheral/src/ch32v20x_exti.o
 .debug_loc     0x0000000000008aef      0x7fa ./Peripheral/src/ch32v20x_gpio.o
 .debug_loc     0x00000000000092e9      0x797 ./Peripheral/src/ch32v20x_rcc.o
 .debug_loc     0x0000000000009a80      0x757 ./Peripheral/src/ch32v20x_usart.o
 .debug_loc     0x000000000000a1d7      0x177 ./Debug/debug.o

.debug_aranges  0x0000000000000000      0xf90
 .debug_aranges
                0x0000000000000000       0x40 ./rtthread/src/clock.o
 .debug_aranges
                0x0000000000000040       0x50 ./rtthread/src/components.o
 .debug_aranges
                0x0000000000000090       0x48 ./rtthread/src/idle.o
 .debug_aranges
                0x00000000000000d8      0x168 ./rtthread/src/ipc.o
 .debug_aranges
                0x0000000000000240       0x40 ./rtthread/src/irq.o
 .debug_aranges
                0x0000000000000280      0x100 ./rtthread/src/kservice.o
 .debug_aranges
                0x0000000000000380       0x68 ./rtthread/src/mem.o
 .debug_aranges
                0x00000000000003e8       0x98 ./rtthread/src/object.o
 .debug_aranges
                0x0000000000000480       0x60 ./rtthread/src/scheduler.o
 .debug_aranges
                0x00000000000004e0       0xc8 ./rtthread/src/thread.o
 .debug_aranges
                0x00000000000005a8       0x88 ./rtthread/src/timer.o
 .debug_aranges
                0x0000000000000630       0x20 ./rtthread/libcpu/risc-v/common/context_gcc.o
 .debug_aranges
                0x0000000000000650       0x50 ./rtthread/libcpu/risc-v/common/cpuport.o
 .debug_aranges
                0x00000000000006a0       0x20 ./rtthread/libcpu/risc-v/common/interrupt_gcc.o
 .debug_aranges
                0x00000000000006c0       0x88 ./rtthread/components/finsh/cmd.o
 .debug_aranges
                0x0000000000000748       0x20 ./rtthread/components/finsh/finsh_port.o
 .debug_aranges
                0x0000000000000768       0x48 ./rtthread/components/finsh/msh.o
 .debug_aranges
                0x00000000000007b0       0x88 ./rtthread/components/finsh/shell.o
 .debug_aranges
                0x0000000000000838       0x58 ./rtthread/components/drivers/serial/serial.o
 .debug_aranges
                0x0000000000000890       0x68 ./rtthread/components/drivers/misc/pin.o
 .debug_aranges
                0x00000000000008f8       0x88 ./rtthread/components/device/device.o
 .debug_aranges
                0x0000000000000980       0x48 ./rtthread/board.o
 .debug_aranges
                0x00000000000009c8       0xb0 ./drivers/drv_gpio.o
 .debug_aranges
                0x0000000000000a78       0x50 ./drivers/drv_usart.o
 .debug_aranges
                0x0000000000000ac8       0x28 ./User/ch32v20x_it.o
 .debug_aranges
                0x0000000000000af0       0x30 ./User/main.o
 .debug_aranges
                0x0000000000000b20       0x28 ./User/system_ch32v20x.o
 .debug_aranges
                0x0000000000000b48       0x30 ./Startup/startup_ch32v20x_D6.o
 .debug_aranges
                0x0000000000000b78       0x50 ./Peripheral/src/ch32v20x_exti.o
 .debug_aranges
                0x0000000000000bc8       0xa8 ./Peripheral/src/ch32v20x_gpio.o
 .debug_aranges
                0x0000000000000c70      0x128 ./Peripheral/src/ch32v20x_rcc.o
 .debug_aranges
                0x0000000000000d98      0x100 ./Peripheral/src/ch32v20x_usart.o
 .debug_aranges
                0x0000000000000e98       0x48 ./Debug/debug.o
 .debug_aranges
                0x0000000000000ee0       0xb0 ./Core/core_riscv.o

.debug_ranges   0x0000000000000000     0x1820
 .debug_ranges  0x0000000000000000       0x30 ./rtthread/src/clock.o
 .debug_ranges  0x0000000000000030       0x40 ./rtthread/src/components.o
 .debug_ranges  0x0000000000000070       0x90 ./rtthread/src/idle.o
 .debug_ranges  0x0000000000000100      0x338 ./rtthread/src/ipc.o
 .debug_ranges  0x0000000000000438       0x30 ./rtthread/src/irq.o
 .debug_ranges  0x0000000000000468      0x128 ./rtthread/src/kservice.o
 .debug_ranges  0x0000000000000590       0x58 ./rtthread/src/mem.o
 .debug_ranges  0x00000000000005e8       0xf0 ./rtthread/src/object.o
 .debug_ranges  0x00000000000006d8       0x88 ./rtthread/src/scheduler.o
 .debug_ranges  0x0000000000000760      0x190 ./rtthread/src/thread.o
 .debug_ranges  0x00000000000008f0      0x130 ./rtthread/src/timer.o
 .debug_ranges  0x0000000000000a20       0x40 ./rtthread/libcpu/risc-v/common/cpuport.o
 .debug_ranges  0x0000000000000a60      0x3b0 ./rtthread/components/finsh/cmd.o
 .debug_ranges  0x0000000000000e10       0x10 ./rtthread/components/finsh/finsh_port.o
 .debug_ranges  0x0000000000000e20      0x110 ./rtthread/components/finsh/msh.o
 .debug_ranges  0x0000000000000f30      0x120 ./rtthread/components/finsh/shell.o
 .debug_ranges  0x0000000000001050       0xe0 ./rtthread/components/drivers/serial/serial.o
 .debug_ranges  0x0000000000001130       0x88 ./rtthread/components/drivers/misc/pin.o
 .debug_ranges  0x00000000000011b8       0x78 ./rtthread/components/device/device.o
 .debug_ranges  0x0000000000001230       0x68 ./rtthread/board.o
 .debug_ranges  0x0000000000001298       0xb8 ./drivers/drv_gpio.o
 .debug_ranges  0x0000000000001350       0x80 ./drivers/drv_usart.o
 .debug_ranges  0x00000000000013d0       0x18 ./User/ch32v20x_it.o
 .debug_ranges  0x00000000000013e8       0x20 ./User/main.o
 .debug_ranges  0x0000000000001408       0x38 ./User/system_ch32v20x.o
 .debug_ranges  0x0000000000001440       0x28 ./Startup/startup_ch32v20x_D6.o
 .debug_ranges  0x0000000000001468       0x40 ./Peripheral/src/ch32v20x_exti.o
 .debug_ranges  0x00000000000014a8       0x98 ./Peripheral/src/ch32v20x_gpio.o
 .debug_ranges  0x0000000000001540      0x118 ./Peripheral/src/ch32v20x_rcc.o
 .debug_ranges  0x0000000000001658       0xf0 ./Peripheral/src/ch32v20x_usart.o
 .debug_ranges  0x0000000000001748       0x38 ./Debug/debug.o
 .debug_ranges  0x0000000000001780       0xa0 ./Core/core_riscv.o

.debug_line     0x0000000000000000    0x1812f
 .debug_line    0x0000000000000000      0x2b9 ./rtthread/src/clock.o
 .debug_line    0x00000000000002b9      0x361 ./rtthread/src/components.o
 .debug_line    0x000000000000061a      0x4c6 ./rtthread/src/idle.o
 .debug_line    0x0000000000000ae0     0x34cc ./rtthread/src/ipc.o
 .debug_line    0x0000000000003fac      0x2c2 ./rtthread/src/irq.o
 .debug_line    0x000000000000426e     0x1f7a ./rtthread/src/kservice.o
 .debug_line    0x00000000000061e8      0xf13 ./rtthread/src/mem.o
 .debug_line    0x00000000000070fb      0xa8e ./rtthread/src/object.o
 .debug_line    0x0000000000007b89      0x743 ./rtthread/src/scheduler.o
 .debug_line    0x00000000000082cc     0x11de ./rtthread/src/thread.o
 .debug_line    0x00000000000094aa      0xdb1 ./rtthread/src/timer.o
 .debug_line    0x000000000000a25b      0x24b ./rtthread/libcpu/risc-v/common/context_gcc.o
 .debug_line    0x000000000000a4a6      0x5da ./rtthread/libcpu/risc-v/common/cpuport.o
 .debug_line    0x000000000000aa80      0x25f ./rtthread/libcpu/risc-v/common/interrupt_gcc.o
 .debug_line    0x000000000000acdf     0x1aa4 ./rtthread/components/finsh/cmd.o
 .debug_line    0x000000000000c783      0x1a2 ./rtthread/components/finsh/finsh_port.o
 .debug_line    0x000000000000c925      0xb4d ./rtthread/components/finsh/msh.o
 .debug_line    0x000000000000d472     0x12ee ./rtthread/components/finsh/shell.o
 .debug_line    0x000000000000e760      0xdcd ./rtthread/components/drivers/serial/serial.o
 .debug_line    0x000000000000f52d      0x83a ./rtthread/components/drivers/misc/pin.o
 .debug_line    0x000000000000fd67      0x8b5 ./rtthread/components/device/device.o
 .debug_line    0x000000000001061c      0x616 ./rtthread/board.o
 .debug_line    0x0000000000010c32     0x122d ./drivers/drv_gpio.o
 .debug_line    0x0000000000011e5f      0xbea ./drivers/drv_usart.o
 .debug_line    0x0000000000012a49      0x3d1 ./User/ch32v20x_it.o
 .debug_line    0x0000000000012e1a      0x66e ./User/main.o
 .debug_line    0x0000000000013488      0x6ea ./User/system_ch32v20x.o
 .debug_line    0x0000000000013b72      0x25f ./Startup/startup_ch32v20x_D6.o
 .debug_line    0x0000000000013dd1      0x613 ./Peripheral/src/ch32v20x_exti.o
 .debug_line    0x00000000000143e4     0x1036 ./Peripheral/src/ch32v20x_gpio.o
 .debug_line    0x000000000001541a     0x11ac ./Peripheral/src/ch32v20x_rcc.o
 .debug_line    0x00000000000165c6      0xfe4 ./Peripheral/src/ch32v20x_usart.o
 .debug_line    0x00000000000175aa      0x73f ./Debug/debug.o
 .debug_line    0x0000000000017ce9      0x446 ./Core/core_riscv.o

.debug_str      0x0000000000000000     0x4881
 .debug_str     0x0000000000000000      0x37f ./rtthread/src/clock.o
                                        0x42e (size before relaxing)
 .debug_str     0x000000000000037f      0x1be ./rtthread/src/components.o
                                        0x549 (size before relaxing)
 .debug_str     0x000000000000053d      0x112 ./rtthread/src/idle.o
                                        0x4d7 (size before relaxing)
 .debug_str     0x000000000000064f      0x683 ./rtthread/src/ipc.o
                                        0xa71 (size before relaxing)
 .debug_str     0x0000000000000cd2       0xca ./rtthread/src/irq.o
                                        0x2f5 (size before relaxing)
 .debug_str     0x0000000000000d9c      0x545 ./rtthread/src/kservice.o
                                        0x989 (size before relaxing)
 .debug_str     0x00000000000012e1      0x5a1 ./rtthread/src/mem.o
                                        0x918 (size before relaxing)
 .debug_str     0x0000000000001882      0x2b2 ./rtthread/src/object.o
                                        0x786 (size before relaxing)
 .debug_str     0x0000000000001b34      0x161 ./rtthread/src/scheduler.o
                                        0x5ea (size before relaxing)
 .debug_str     0x0000000000001c95      0x1ad ./rtthread/src/thread.o
                                        0x8cd (size before relaxing)
 .debug_str     0x0000000000001e42      0x12a ./rtthread/src/timer.o
                                        0x6a2 (size before relaxing)
 .debug_str     0x0000000000001f6c       0x3b ./rtthread/libcpu/risc-v/common/context_gcc.o
                                         0x88 (size before relaxing)
 .debug_str     0x0000000000001fa7      0x105 ./rtthread/libcpu/risc-v/common/cpuport.o
                                        0x7a0 (size before relaxing)
 .debug_str     0x00000000000020ac       0x31 ./rtthread/libcpu/risc-v/common/interrupt_gcc.o
                                         0x8a (size before relaxing)
 .debug_str     0x00000000000020dd      0x63f ./rtthread/components/finsh/cmd.o
                                       0x143f (size before relaxing)
 .debug_str     0x000000000000271c       0x57 ./rtthread/components/finsh/finsh_port.o
                                        0x54b (size before relaxing)
 .debug_str     0x0000000000002773      0x1c1 ./rtthread/components/finsh/msh.o
                                        0x8c2 (size before relaxing)
 .debug_str     0x0000000000002934      0x2a1 ./rtthread/components/finsh/shell.o
                                        0xf07 (size before relaxing)
 .debug_str     0x0000000000002bd5      0x1ce ./rtthread/components/drivers/serial/serial.o
                                        0x784 (size before relaxing)
 .debug_str     0x0000000000002da3      0x1a3 ./rtthread/components/drivers/misc/pin.o
                                        0xbcb (size before relaxing)
 .debug_str     0x0000000000002f46       0xc1 ./rtthread/components/device/device.o
                                        0x7f8 (size before relaxing)
 .debug_str     0x0000000000003007      0x4c6 ./rtthread/board.o
                                        0xba0 (size before relaxing)
 .debug_str     0x00000000000034cd      0x4bc ./drivers/drv_gpio.o
                                       0x1301 (size before relaxing)
 .debug_str     0x0000000000003989      0x1d7 ./drivers/drv_usart.o
                                       0x1165 (size before relaxing)
 .debug_str     0x0000000000003b60       0x34 ./User/ch32v20x_it.o
                                        0x65a (size before relaxing)
 .debug_str     0x0000000000003b94       0x90 ./User/main.o
                                        0x852 (size before relaxing)
 .debug_str     0x0000000000003c24      0x10b ./User/system_ch32v20x.o
                                        0x6dd (size before relaxing)
 .debug_str     0x0000000000003d2f       0x21 ./Startup/startup_ch32v20x_D6.o
                                         0x7a (size before relaxing)
 .debug_str     0x0000000000003d50       0xd3 ./Peripheral/src/ch32v20x_exti.o
                                        0x79e (size before relaxing)
 .debug_str     0x0000000000003e23      0x1f8 ./Peripheral/src/ch32v20x_gpio.o
                                        0x98e (size before relaxing)
 .debug_str     0x000000000000401b      0x3c5 ./Peripheral/src/ch32v20x_rcc.o
                                        0xacd (size before relaxing)
 .debug_str     0x00000000000043e0      0x320 ./Peripheral/src/ch32v20x_usart.o
                                        0xb28 (size before relaxing)
 .debug_str     0x0000000000004700       0x83 ./Debug/debug.o
                                        0x910 (size before relaxing)
 .debug_str     0x0000000000004783       0xfe ./Core/core_riscv.o
                                        0x2ad (size before relaxing)

.comment        0x0000000000000000       0x33
 .comment       0x0000000000000000       0x33 ./rtthread/src/clock.o
                                         0x34 (size before relaxing)
 .comment       0x0000000000000033       0x34 ./rtthread/src/components.o
 .comment       0x0000000000000033       0x34 ./rtthread/src/idle.o
 .comment       0x0000000000000033       0x34 ./rtthread/src/ipc.o
 .comment       0x0000000000000033       0x34 ./rtthread/src/irq.o
 .comment       0x0000000000000033       0x34 ./rtthread/src/kservice.o
 .comment       0x0000000000000033       0x34 ./rtthread/src/mem.o
 .comment       0x0000000000000033       0x34 ./rtthread/src/object.o
 .comment       0x0000000000000033       0x34 ./rtthread/src/scheduler.o
 .comment       0x0000000000000033       0x34 ./rtthread/src/thread.o
 .comment       0x0000000000000033       0x34 ./rtthread/src/timer.o
 .comment       0x0000000000000033       0x34 ./rtthread/libcpu/risc-v/common/cpuport.o
 .comment       0x0000000000000033       0x34 ./rtthread/components/finsh/cmd.o
 .comment       0x0000000000000033       0x34 ./rtthread/components/finsh/finsh_port.o
 .comment       0x0000000000000033       0x34 ./rtthread/components/finsh/msh.o
 .comment       0x0000000000000033       0x34 ./rtthread/components/finsh/shell.o
 .comment       0x0000000000000033       0x34 ./rtthread/components/drivers/serial/serial.o
 .comment       0x0000000000000033       0x34 ./rtthread/components/drivers/misc/pin.o
 .comment       0x0000000000000033       0x34 ./rtthread/components/device/device.o
 .comment       0x0000000000000033       0x34 ./rtthread/board.o
 .comment       0x0000000000000033       0x34 ./drivers/drv_gpio.o
 .comment       0x0000000000000033       0x34 ./drivers/drv_usart.o
 .comment       0x0000000000000033       0x34 ./User/ch32v20x_it.o
 .comment       0x0000000000000033       0x34 ./User/main.o
 .comment       0x0000000000000033       0x34 ./User/system_ch32v20x.o
 .comment       0x0000000000000033       0x34 ./Peripheral/src/ch32v20x_exti.o
 .comment       0x0000000000000033       0x34 ./Peripheral/src/ch32v20x_gpio.o
 .comment       0x0000000000000033       0x34 ./Peripheral/src/ch32v20x_rcc.o
 .comment       0x0000000000000033       0x34 ./Peripheral/src/ch32v20x_usart.o
 .comment       0x0000000000000033       0x34 ./Debug/debug.o