Archive member included to satisfy reference by file (symbol)

c:/mounriver/mounriver_studio/toolchain/risc-v embedded gcc/bin/../lib/gcc/riscv-none-embed/8.2.0/rv32imacxw/ilp32\libgcc.a(save-restore.o)
                              ./rtthread/components/finsh/cmd.o (__riscv_save_12)
c:/mounriver/mounriver_studio/toolchain/risc-v embedded gcc/bin/../lib/gcc/riscv-none-embed/8.2.0/../../../../riscv-none-embed/lib/rv32imacxw/ilp32\libg_nano.a(lib_a-memcmp.o)
                              ./rtthread/components/finsh/shell.o (memcmp)
c:/mounriver/mounriver_studio/toolchain/risc-v embedded gcc/bin/../lib/gcc/riscv-none-embed/8.2.0/../../../../riscv-none-embed/lib/rv32imacxw/ilp32\libg_nano.a(lib_a-memcpy.o)
                              ./rtthread/components/finsh/cmd.o (memcpy)
c:/mounriver/mounriver_studio/toolchain/risc-v embedded gcc/bin/../lib/gcc/riscv-none-embed/8.2.0/../../../../riscv-none-embed/lib/rv32imacxw/ilp32\libg_nano.a(lib_a-memset.o)
                              ./rtthread/components/finsh/shell.o (memset)
c:/mounriver/mounriver_studio/toolchain/risc-v embedded gcc/bin/../lib/gcc/riscv-none-embed/8.2.0/../../../../riscv-none-embed/lib/rv32imacxw/ilp32\libg_nano.a(lib_a-strcat.o)
                              ./rtthread/components/finsh/shell.o (strcat)
c:/mounriver/mounriver_studio/toolchain/risc-v embedded gcc/bin/../lib/gcc/riscv-none-embed/8.2.0/../../../../riscv-none-embed/lib/rv32imacxw/ilp32\libg_nano.a(lib_a-strcpy.o)
                              ./rtthread/components/finsh/shell.o (strcpy)
c:/mounriver/mounriver_studio/toolchain/risc-v embedded gcc/bin/../lib/gcc/riscv-none-embed/8.2.0/../../../../riscv-none-embed/lib/rv32imacxw/ilp32\libg_nano.a(lib_a-strlen.o)
                              ./rtthread/components/finsh/msh.o (strlen)
c:/mounriver/mounriver_studio/toolchain/risc-v embedded gcc/bin/../lib/gcc/riscv-none-embed/8.2.0/../../../../riscv-none-embed/lib/rv32imacxw/ilp32\libg_nano.a(lib_a-strncmp.o)
                              ./rtthread/components/finsh/cmd.o (strncmp)
c:/mounriver/mounriver_studio/toolchain/risc-v embedded gcc/bin/../lib/gcc/riscv-none-embed/8.2.0/../../../../riscv-none-embed/lib/rv32imacxw/ilp32\libg_nano.a(lib_a-strncpy.o)
                              ./rtthread/components/finsh/shell.o (strncpy)

Discarded input sections

 .text          0x0000000000000000        0x0 ./rtthread/src/clock.o
 .data          0x0000000000000000        0x0 ./rtthread/src/clock.o
 .bss           0x0000000000000000        0x0 ./rtthread/src/clock.o
 .text.rt_system_tick_init
                0x0000000000000000        0x2 ./rtthread/src/clock.o
 .text.rt_tick_set
                0x0000000000000000       0x2a ./rtthread/src/clock.o
 .text          0x0000000000000000        0x0 ./rtthread/src/components.o
 .data          0x0000000000000000        0x0 ./rtthread/src/components.o
 .bss           0x0000000000000000        0x0 ./rtthread/src/components.o
 .text          0x0000000000000000        0x0 ./rtthread/src/cpu.o
 .data          0x0000000000000000        0x0 ./rtthread/src/cpu.o
 .bss           0x0000000000000000        0x0 ./rtthread/src/cpu.o
 .debug_info    0x0000000000000000       0xe0 ./rtthread/src/cpu.o
 .debug_abbrev  0x0000000000000000       0x83 ./rtthread/src/cpu.o
 .debug_aranges
                0x0000000000000000       0x18 ./rtthread/src/cpu.o
 .debug_line    0x0000000000000000       0x8f ./rtthread/src/cpu.o
 .debug_str     0x0000000000000000      0x1f2 ./rtthread/src/cpu.o
 .comment       0x0000000000000000       0x34 ./rtthread/src/cpu.o
 .text          0x0000000000000000        0x0 ./rtthread/src/idle.o
 .data          0x0000000000000000        0x0 ./rtthread/src/idle.o
 .bss           0x0000000000000000        0x0 ./rtthread/src/idle.o
 .text.rt_thread_idle_sethook
                0x0000000000000000       0x4c ./rtthread/src/idle.o
 .text.rt_thread_idle_delhook
                0x0000000000000000       0x50 ./rtthread/src/idle.o
 .text.rt_thread_idle_gethandler
                0x0000000000000000        0xa ./rtthread/src/idle.o
 .text          0x0000000000000000        0x0 ./rtthread/src/ipc.o
 .data          0x0000000000000000        0x0 ./rtthread/src/ipc.o
 .bss           0x0000000000000000        0x0 ./rtthread/src/ipc.o
 .text.rt_ipc_list_resume_all
                0x0000000000000000       0x40 ./rtthread/src/ipc.o
 .text.rt_sem_detach
                0x0000000000000000       0x28 ./rtthread/src/ipc.o
 .text.rt_sem_create
                0x0000000000000000       0x34 ./rtthread/src/ipc.o
 .text.rt_sem_delete
                0x0000000000000000       0x28 ./rtthread/src/ipc.o
 .text.rt_sem_trytake
                0x0000000000000000       0x1a ./rtthread/src/ipc.o
 .text.rt_sem_control
                0x0000000000000000       0x4a ./rtthread/src/ipc.o
 .text.rt_mutex_init
                0x0000000000000000       0x38 ./rtthread/src/ipc.o
 .text.rt_mutex_detach
                0x0000000000000000       0x28 ./rtthread/src/ipc.o
 .text.rt_mutex_create
[...]
Memory Configuration

Name             Origin             Length             Attributes
FLASH            0x0000000000000000 0x0000000000010000 xr
RAM              0x0000000020000000 0x0000000000005000 xrw
*default*        0x0000000000000000 0xffffffffffffffff

Linker script and memory map

LOAD ./rtthread/src/clock.o
LOAD ./rtthread/src/components.o
LOAD ./rtthread/src/cpu.o
LOAD ./rtthread/src/idle.o
LOAD ./rtthread/src/ipc.o
LOAD ./rtthread/src/irq.o
LOAD ./rtthread/src/kservice.o
LOAD ./rtthread/src/mem.o
LOAD ./rtthread/src/memheap.o
LOAD ./rtthread/src/mempool.o
LOAD ./rtthread/src/object.o
LOAD ./rtthread/src/scheduler.o
LOAD ./rtthread/src/slab.o
LOAD ./rtthread/src/thread.o
LOAD ./rtthread/src/timer.o
LOAD ./rtthread/libcpu/risc-v/common/context_gcc.o
LOAD ./rtthread/libcpu/risc-v/common/cpuport.o
LOAD ./rtthread/libcpu/risc-v/common/interrupt_gcc.o
LOAD ./rtthread/components/finsh/cmd.o
LOAD ./rtthread/components/finsh/finsh_port.o
LOAD ./rtthread/components/finsh/msh.o
LOAD ./rtthread/components/finsh/shell.o
LOAD ./rtthread/components/drivers/serial/serial.o
LOAD ./rtthread/components/drivers/misc/pin.o
LOAD ./rtthread/components/device/device.o
LOAD ./rtthread/board.o
LOAD ./drivers/drv_gpio.o
LOAD ./drivers/drv_usart.o
LOAD ./bsp/src/bsp_led.o
LOAD ./User/ch32v20x_it.o
LOAD ./User/main.o
LOAD ./User/system_ch32v20x.o
LOAD ./Startup/startup_ch32v20x_D6.o
LOAD ./Peripheral/src/ch32v20x_adc.o
LOAD ./Peripheral/src/ch32v20x_bkp.o
LOAD ./Peripheral/src/ch32v20x_can.o
LOAD ./Peripheral/src/ch32v20x_crc.o
LOAD ./Peripheral/src/ch32v20x_dbgmcu.o
LOAD ./Peripheral/src/ch32v20x_dma.o
LOAD ./Peripheral/src/ch32v20x_exti.o
LOAD ./Peripheral/src/ch32v20x_flash.o
LOAD ./Peripheral/src/ch32v20x_gpio.o
LOAD ./Peripheral/src/ch32v20x_i2c.o
LOAD ./Peripheral/src/ch32v20x_iwdg.o
LOAD ./Peripheral/src/ch32v20x_misc.o
LOAD ./Peripheral/src/ch32v20x_opa.o
LOAD ./Peripheral/src/ch32v20x_pwr.o
LOAD ./Peripheral/src/ch32v20x_rcc.o
LOAD ./Peripheral/src/ch32v20x_rtc.o
LOAD ./Peripheral/src/ch32v20x_spi.o
LOAD ./Peripheral/src/ch32v20x_tim.o
LOAD ./Peripheral/src/ch32v20x_usart.o
LOAD ./Peripheral/src/ch32v20x_wwdg.o
LOAD ./Core/core_riscv.o
LOAD c:/mounriver/mounriver_studio/toolchain/risc-v embedded gcc/bin/../lib/gcc/riscv-none-embed/8.2.0/../../../../riscv-none-embed/lib/rv32imacxw/ilp32\libprintf.a
LOAD c:/mounriver/mounriver_studio/toolchain/risc-v embedded gcc/bin/../lib/gcc/riscv-none-embed/8.2.0/rv32imacxw/ilp32\libgcc.a
LOAD c:/mounriver/mounriver_studio/toolchain/risc-v embedded gcc/bin/../lib/gcc/riscv-none-embed/8.2.0/../../../../riscv-none-embed/lib/rv32imacxw/ilp32\libg_nano.a
LOAD c:/mounriver/mounriver_studio/toolchain/risc-v embedded gcc/bin/../lib/gcc/riscv-none-embed/8.2.0/../../../../riscv-none-embed/lib/rv32imacxw/ilp32\libc_nano.a
LOAD c:/mounriver/mounriver_studio/toolchain/risc-v embedded gcc/bin/../lib/gcc/riscv-none-embed/8.2.0/rv32imacxw/ilp32\libgcc.a
START GROUP
LOAD c:/mounriver/mounriver_studio/toolchain/risc-v embedded gcc/bin/../lib/gcc/riscv-none-embed/8.2.0/rv32imacxw/ilp32\libgcc.a
LOAD c:/mounriver/mounriver_studio/toolchain/risc-v embedded gcc/bin/../lib/gcc/riscv-none-embed/8.2.0/../../../../riscv-none-embed/lib/rv32imacxw/ilp32\libc_nano.a
LOAD c:/mounriver/mounriver_studio/toolchain/risc-v embedded gcc/bin/../lib/gcc/riscv-none-embed/8.2.0/../../../../riscv-none-embed/lib/rv32imacxw/ilp32\libnosys.a
END GROUP
START GROUP
LOAD c:/mounriver/mounriver_studio/toolchain/risc-v embedded gcc/bin/../lib/gcc/riscv-none-embed/8.2.0/rv32imacxw/ilp32\libgcc.a
LOAD c:/mounriver/mounriver_studio/toolchain/risc-v embedded gcc/bin/../lib/gcc/riscv-none-embed/8.2.0/../../../../riscv-none-embed/lib/rv32imacxw/ilp32\libc_nano.a
LOAD c:/mounriver/mounriver_studio/toolchain/risc-v embedded gcc/bin/../lib/gcc/riscv-none-embed/8.2.0/../../../../riscv-none-embed/lib/rv32imacxw/ilp32\libnosys.a
END GROUP
                0x0000000000000800                __stack_size = 0x800
                [!provide]                        PROVIDE (_stack_size = __stack_size)

.init           0x0000000000000000       0x38
                0x0000000000000000                _sinit = .
                0x0000000000000000                . = ALIGN (0x4)
 *(SORT_NONE(.init))
 .init          0x0000000000000000       0x38 ./Startup/startup_ch32v20x_D6.o
                0x0000000000000000                _start
                0x0000000000000038                . = ALIGN (0x4)
                0x0000000000000038                _einit = .

.vector         0x0000000000000038      0x108
 *(.vector)
 .vector        0x0000000000000038       0xfc ./Startup/startup_ch32v20x_D6.o
                0x0000000000000140                . = ALIGN (0x40)
 *fill*         0x0000000000000134        0xc 

.text           0x0000000000000140     0x574c
                0x0000000000000140                . = ALIGN (0x4)
 *(.text)
 .text          0x0000000000000140       0xce ./rtthread/libcpu/risc-v/common/context_gcc.o
                0x0000000000000140                rt_hw_context_switch_to
                0x000000000000015c                rt_hw_context_switch
                0x00000000000001b6                rt_hw_context_switch_exit
 *fill*         0x000000000000020e        0x2 
 .text          0x0000000000000210       0xd6 ./rtthread/libcpu/risc-v/common/interrupt_gcc.o
                0x0000000000000210                SW_Handler
 .text          0x00000000000002e6       0x60 c:/mounriver/mounriver_studio/toolchain/risc-v embedded gcc/bin/../lib/gcc/riscv-none-embed/8.2.0/rv32imacxw/ilp32\libgcc.a(save-restore.o)
                0x00000000000002e6                __riscv_save_12
                0x00000000000002ee                __riscv_save_9
                0x00000000000002ee                __riscv_save_11
                0x00000000000002ee                __riscv_save_10
                0x00000000000002ee                __riscv_save_8
                0x00000000000002fc                __riscv_save_4
                0x00000000000002fc                __riscv_save_6
                0x00000000000002fc                __riscv_save_5
                0x00000000000002fc                __riscv_save_7
                0x0000000000000316                __riscv_save_3
                0x0000000000000316                __riscv_save_2
                0x0000000000000316                __riscv_save_1
                0x0000000000000316                __riscv_save_0
                0x0000000000000322                __riscv_restore_12
                0x0000000000000326                __riscv_restore_11
                0x0000000000000326                __riscv_restore_9
                0x0000000000000326                __riscv_restore_10
                0x0000000000000326                __riscv_restore_8
                0x0000000000000330                __riscv_restore_5
                0x0000000000000330                __riscv_restore_7
                0x0000000000000330                __riscv_restore_6
                0x0000000000000330                __riscv_restore_4
                0x000000000000033a                __riscv_restore_3
                0x000000000000033a                __riscv_restore_0
                0x000000000000033a                __riscv_restore_2
                0x000000000000033a                __riscv_restore_1
 .text          0x0000000000000346       0xa8 c:/mounriver/mounriver_studio/toolchain/risc-v embedded gcc/bin/../lib/gcc/riscv-none-embed/8.2.0/../../../../riscv-none-embed/lib/rv32imacxw/ilp32\libg_nano.a(lib_a-memset.o)
                0x0000000000000346                memset
 *(.text.*)
 .text.rt_tick_get
                0x00000000000003ee        0x6 ./rtthread/src/clock.o
                0x00000000000003ee                rt_tick_get
 .text.rt_tick_increase
                0x00000000000003f4       0x28 ./rtthread/src/clock.o
                0x00000000000003f4                rt_tick_increase
 .text.rt_tick_from_millisecond
                0x000000000000041c       0x28 ./rtthread/src/clock.o
                0x000000000000041c                rt_tick_from_millisecond
 .text.rti_start
                0x0000000000000444        0x4 ./rtthread/src/components.o
 .text.rti_end  0x0000000000000448        0x4 ./rtthread/src/components.o
 .text.rti_board_start
                0x000000000000044c        0x4 ./rtthread/src/components.o
 .text.rti_board_end
                0x0000000000000450        0x4 ./rtthread/src/components.o
 .text.rt_components_board_init
                0x0000000000000454       0x1e ./rtthread/src/components.o
                0x0000000000000454                rt_components_board_init
 .text.rt_components_init
                0x0000000000000472       0x1e ./rtthread/src/components.o
                0x0000000000000472                rt_components_init
 .text.main_thread_entry
                0x0000000000000490        0xc ./rtthread/src/components.o
                0x0000000000000490                main_thread_entry
 .text.rt_application_init
                0x000000000000049c       0x28 ./rtthread/src/components.o
                0x000000000000049c                rt_application_init
 .text.rtthread_startup
                0x00000000000004c4       0x28 ./rtthread/src/components.o
                0x00000000000004c4                rtthread_startup
 .text.entry    0x00000000000004ec        0xa ./rtthread/src/components.o
                0x00000000000004ec                entry
 .text.rt_thread_idle_excute
                0x00000000000004f6       0x44 ./rtthread/src/idle.o
                0x00000000000004f6                rt_thread_idle_excute
 .text.rt_thread_idle_entry
                0x000000000000053a       0x1c ./rtthread/src/idle.o
 .text.rt_thread_idle_init
                0x0000000000000556       0x36 ./rtthread/src/idle.o
                0x0000000000000556                rt_thread_idle_init
 .text.rt_ipc_list_resume.isra.0
                0x000000000000058c        0xe ./rtthread/src/ipc.o
 .text.rt_ipc_list_suspend
                0x000000000000059a       0x5a ./rtthread/src/ipc.o
 .text.rt_sem_init
                0x00000000000005f4       0x28 ./rtthread/src/ipc.o
                0x00000000000005f4                rt_sem_init
 .text.rt_sem_take
                0x000000000000061c       0x80 ./rtthread/src/ipc.o
                0x000000000000061c                rt_sem_take
 .text.rt_sem_release
                0x000000000000069c       0x56 ./rtthread/src/ipc.o
                0x000000000000069c                rt_sem_release
 .text.rt_interrupt_enter
                0x00000000000006f2       0x2c ./rtthread/src/irq.o
                0x00000000000006f2                rt_interrupt_enter
 .text.rt_interrupt_leave
                0x000000000000071e       0x2c ./rtthread/src/irq.o
                0x000000000000071e                rt_interrupt_leave
 .text.rt_interrupt_get_nest
                0x000000000000074a       0x18 ./rtthread/src/irq.o
                0x000000000000074a                rt_interrupt_get_nest
 .text.print_number
                0x0000000000000762      0x17e ./rtthread/src/kservice.o
 .text.rt_set_errno
                0x00000000000008e0       0x1a ./rtthread/src/kservice.o
                0x00000000000008e0                rt_set_errno
 .text.rt_memset
                0x00000000000008fa       0x88 ./rtthread/src/kservice.o
                0x00000000000008fa                rt_memset
 .text.rt_memmove
                0x0000000000000982       0x48 ./rtthread/src/kservice.o
                0x0000000000000982                rt_memmove
 .text.rt_strncpy
                0x00000000000009ca       0x2c ./rtthread/src/kservice.o
                0x00000000000009ca                rt_strncpy
 .text.rt_strncmp
                0x00000000000009f6       0x2a ./rtthread/src/kservice.o
                0x00000000000009f6                rt_strncmp
 .text.rt_vsnprintf
                0x0000000000000a20      0x344 ./rtthread/src/kservice.o
                0x0000000000000a20                rt_vsnprintf
 .text.rt_console_get_device
                0x0000000000000d64        0x6 ./rtthread/src/kservice.o
                0x0000000000000d64                rt_console_get_device
 .text.rt_console_set_device
                0x0000000000000d6a       0x36 ./rtthread/src/kservice.o
                0x0000000000000d6a                rt_console_set_device
 .text.rt_hw_console_output
                0x0000000000000da0        0x2 ./rtthread/src/kservice.o
                0x0000000000000da0                rt_hw_console_output
 .text.rt_kprintf
                0x0000000000000da2       0x68 ./rtthread/src/kservice.o
                0x0000000000000da2                rt_kprintf
 .text.rt_show_version
                0x0000000000000e0a       0x3e ./rtthread/src/kservice.o
                0x0000000000000e0a                rt_show_version
 .text.__rt_ffs
                0x0000000000000e48       0x4e ./rtthread/src/kservice.o
                0x0000000000000e48                __rt_ffs
 .text.plug_holes
                0x0000000000000e96       0x58 ./rtthread/src/mem.o
 .text.list_mem
                0x0000000000000eee       0x32 ./rtthread/src/mem.o
                0x0000000000000eee                list_mem
 .text.rt_system_heap_init
                0x0000000000000f20       0x7c ./rtthread/src/mem.o
                0x0000000000000f20                rt_system_heap_init
 .text.rt_malloc
                0x0000000000000f9c      0x12c ./rtthread/src/mem.o
                0x0000000000000f9c                rt_malloc
 .text.rt_calloc
                0x00000000000010c8       0x24 ./rtthread/src/mem.o
                0x00000000000010c8                rt_calloc
 .text.rt_free  0x00000000000010ec       0xaa ./rtthread/src/mem.o
                0x00000000000010ec                rt_free
 .text.rt_object_get_information
                0x0000000000001196       0x2a ./rtthread/src/object.o
                0x0000000000001196                rt_object_get_information
 .text.rt_object_init
                0x00000000000011c0       0x5e ./rtthread/src/object.o
                0x00000000000011c0                rt_object_init
 .text.rt_object_detach
                0x000000000000121e       0x2e ./rtthread/src/object.o
                0x000000000000121e                rt_object_detach
 .text.rt_object_allocate
                0x000000000000124c       0x56 ./rtthread/src/object.o
                0x000000000000124c                rt_object_allocate
 .text.rt_object_delete
                0x00000000000012a2       0x32 ./rtthread/src/object.o
                0x00000000000012a2                rt_object_delete
 .text.rt_object_is_systemobject
                0x00000000000012d4        0x8 ./rtthread/src/object.o
                0x00000000000012d4                rt_object_is_systemobject
 .text.rt_object_find
                0x00000000000012dc       0x44 ./rtthread/src/object.o
                0x00000000000012dc                rt_object_find
 .text.rt_system_scheduler_init
                0x0000000000001320       0x2e ./rtthread/src/scheduler.o
                0x0000000000001320                rt_system_scheduler_init
 .text.rt_system_scheduler_start
                0x000000000000134e       0x2c ./rtthread/src/scheduler.o
                0x000000000000134e                rt_system_scheduler_start
 .text.rt_schedule
                0x000000000000137a       0x6a ./rtthread/src/scheduler.o
                0x000000000000137a                rt_schedule
 .text.rt_schedule_insert_thread
                0x00000000000013e4       0x48 ./rtthread/src/scheduler.o
                0x00000000000013e4                rt_schedule_insert_thread
 .text.rt_schedule_remove_thread
                0x000000000000142c       0x46 ./rtthread/src/scheduler.o
                0x000000000000142c                rt_schedule_remove_thread
 .text.rt_enter_critical
                0x0000000000001472       0x1a ./rtthread/src/scheduler.o
                0x0000000000001472                rt_enter_critical
 .text.rt_exit_critical
                0x000000000000148c       0x2e ./rtthread/src/scheduler.o
                0x000000000000148c                rt_exit_critical
 .text._thread_cleanup_execute
                0x00000000000014ba       0x1a ./rtthread/src/thread.o
 .text.rt_thread_exit
                0x00000000000014d4       0x50 ./rtthread/src/thread.o
                0x00000000000014d4                rt_thread_exit
 .text._rt_thread_init.isra.0
                0x0000000000001524       0x8e ./rtthread/src/thread.o
 .text.rt_thread_timeout
                0x00000000000015b2       0x20 ./rtthread/src/thread.o
                0x00000000000015b2                rt_thread_timeout
 .text.rt_thread_init
                0x00000000000015d2       0x32 ./rtthread/src/thread.o
                0x00000000000015d2                rt_thread_init
 .text.rt_thread_self
                0x0000000000001604        0x6 ./rtthread/src/thread.o
                0x0000000000001604                rt_thread_self
 .text.rt_thread_create
                0x000000000000160a       0x46 ./rtthread/src/thread.o
                0x000000000000160a                rt_thread_create
 .text.rt_thread_yield
                0x0000000000001650       0x52 ./rtthread/src/thread.o
                0x0000000000001650                rt_thread_yield
 .text.rt_thread_suspend
                0x00000000000016a2       0x4a ./rtthread/src/thread.o
                0x00000000000016a2                rt_thread_suspend
 .text.rt_thread_sleep
                0x00000000000016ec       0x40 ./rtthread/src/thread.o
                0x00000000000016ec                rt_thread_sleep
 .text.rt_thread_mdelay
                0x000000000000172c        0xe ./rtthread/src/thread.o
                0x000000000000172c                rt_thread_mdelay
 .text.rt_thread_resume
                0x000000000000173a       0x4c ./rtthread/src/thread.o
                0x000000000000173a                rt_thread_resume
 .text.rt_thread_startup
                0x0000000000001786       0x2c ./rtthread/src/thread.o
                0x0000000000001786                rt_thread_startup
 .text._rt_timer_remove.part.1
                0x00000000000017b2       0x12 ./rtthread/src/timer.o
 .text.rt_timer_init
                0x00000000000017c4       0x3a ./rtthread/src/timer.o
                0x00000000000017c4                rt_timer_init
 .text.rt_timer_detach
                0x00000000000017fe       0x24 ./rtthread/src/timer.o
                0x00000000000017fe                rt_timer_detach
 .text.rt_timer_start
                0x0000000000001822       0x78 ./rtthread/src/timer.o
                0x0000000000001822                rt_timer_start
 .text.rt_timer_stop
                0x000000000000189a       0x30 ./rtthread/src/timer.o
                0x000000000000189a                rt_timer_stop
 .text.rt_timer_control
                0x00000000000018ca       0x5a ./rtthread/src/timer.o
                0x00000000000018ca                rt_timer_control
 .text.rt_timer_check
                0x0000000000001924       0xb2 ./rtthread/src/timer.o
                0x0000000000001924                rt_timer_check
 .text.rt_system_timer_init
                0x00000000000019d6        0xa ./rtthread/src/timer.o
                0x00000000000019d6                rt_system_timer_init
 .text.rt_system_timer_thread_init
                0x00000000000019e0        0x2 ./rtthread/src/timer.o
                0x00000000000019e0                rt_system_timer_thread_init
 .text.rt_hw_stack_init
                0x00000000000019e2       0x36 ./rtthread/libcpu/risc-v/common/cpuport.o
                0x00000000000019e2                rt_hw_stack_init
 .text.sw_setpend
                0x0000000000001a18       0x10 ./rtthread/libcpu/risc-v/common/cpuport.o
                0x0000000000001a18                sw_setpend
 .text.sw_clearpend
                0x0000000000001a28        0xe ./rtthread/libcpu/risc-v/common/cpuport.o
                0x0000000000001a28                sw_clearpend
 .text.rt_hw_interrupt_disable
                0x0000000000001a36        0xc ./rtthread/libcpu/risc-v/common/cpuport.o
                0x0000000000001a36                rt_hw_interrupt_disable
 .text.rt_hw_interrupt_enable
                0x0000000000001a42        0x6 ./rtthread/libcpu/risc-v/common/cpuport.o
                0x0000000000001a42                rt_hw_interrupt_enable
 .text.rt_hw_context_switch_interrupt
                0x0000000000001a48       0x22 ./rtthread/libcpu/risc-v/common/cpuport.o
                0x0000000000001a48                rt_hw_context_switch_interrupt
 .text.rt_list_len
                0x0000000000001a6a       0x12 ./rtthread/components/finsh/cmd.o
 .text.version  0x0000000000001a7c        0xe ./rtthread/components/finsh/cmd.o
                0x0000000000001a7c                version
 .text.show_wait_queue
                0x0000000000001a8a       0x36 ./rtthread/components/finsh/cmd.o
 .text.list     0x0000000000001ac0       0x4a ./rtthread/components/finsh/cmd.o
                0x0000000000001ac0                list
 .text.list_get_next
                0x0000000000001b0a       0x78 ./rtthread/components/finsh/cmd.o
 .text.object_split.constprop.2
                0x0000000000001b82       0x1c ./rtthread/components/finsh/cmd.o
 .text.list_mailbox
                0x0000000000001b9e       0xf6 ./rtthread/components/finsh/cmd.o
                0x0000000000001b9e                list_mailbox
 .text.list_device
                0x0000000000001c94       0xc6 ./rtthread/components/finsh/cmd.o
                0x0000000000001c94                list_device
 .text.list_timer
                0x0000000000001d5a       0xd8 ./rtthread/components/finsh/cmd.o
                0x0000000000001d5a                list_timer
 .text.list_thread
                0x0000000000001e32      0x144 ./rtthread/components/finsh/cmd.o
                0x0000000000001e32                list_thread
 .text.list_mutex
                0x0000000000001f76       0xbc ./rtthread/components/finsh/cmd.o
                0x0000000000001f76                list_mutex
 .text.list_event
                0x0000000000002032       0xe6 ./rtthread/components/finsh/cmd.o
                0x0000000000002032                list_event
 .text.list_sem
                0x0000000000002118       0xf0 ./rtthread/components/finsh/cmd.o
                0x0000000000002118                list_sem
 .text.list_msgqueue
                0x0000000000002208       0xf0 ./rtthread/components/finsh/cmd.o
                0x0000000000002208                list_msgqueue
 .text.rt_hw_console_getchar
                0x00000000000022f8       0x2a ./rtthread/components/finsh/finsh_port.o
                0x00000000000022f8                rt_hw_console_getchar
 .text.msh_help
                0x0000000000002322       0x58 ./rtthread/components/finsh/msh.o
                0x0000000000002322                msh_help
 .text.cmd_ps   0x000000000000237a        0xe ./rtthread/components/finsh/msh.o
                0x000000000000237a                cmd_ps
 .text.cmd_free
                0x0000000000002388        0xe ./rtthread/components/finsh/msh.o
                0x0000000000002388                cmd_free
 .text.msh_is_used
                0x0000000000002396        0x4 ./rtthread/components/finsh/msh.o
                0x0000000000002396                msh_is_used
 .text.msh_exec
                0x000000000000239a      0x1b8 ./rtthread/components/finsh/msh.o
                0x000000000000239a                msh_exec
 .text.msh_auto_complete
                0x0000000000002552       0xa2 ./rtthread/components/finsh/msh.o
                0x0000000000002552                msh_auto_complete
 .text.finsh_rx_ind
                0x00000000000025f4       0x12 ./rtthread/components/finsh/shell.o
 .text.finsh_system_init
                0x0000000000002606       0xa6 ./rtthread/components/finsh/shell.o
                0x0000000000002606                finsh_system_init
 .text.finsh_get_prompt
                0x00000000000026ac       0x62 ./rtthread/components/finsh/shell.o
                0x00000000000026ac                finsh_get_prompt
 .text.shell_handle_history
                0x000000000000270e       0x2e ./rtthread/components/finsh/shell.o
 .text.finsh_set_device
                0x000000000000273c       0x82 ./rtthread/components/finsh/shell.o
                0x000000000000273c                finsh_set_device
 .text.finsh_thread_entry
                0x00000000000027be      0x436 ./rtthread/components/finsh/shell.o
                0x00000000000027be                finsh_thread_entry
 .text.rt_serial_init
                0x0000000000002bf4       0x20 ./rtthread/components/drivers/serial/serial.o
 .text.rt_serial_write
                0x0000000000002c14       0x42 ./rtthread/components/drivers/serial/serial.o
 .text.rt_serial_open
                0x0000000000002c56       0x9e ./rtthread/components/drivers/serial/serial.o
 .text.rt_serial_control
                0x0000000000002cf4       0x6e ./rtthread/components/drivers/serial/serial.o
 .text.rt_serial_read
                0x0000000000002d62       0x9e ./rtthread/components/drivers/serial/serial.o
 .text.rt_serial_close
                0x0000000000002e00       0x40 ./rtthread/components/drivers/serial/serial.o
 .text.rt_hw_serial_register
                0x0000000000002e40       0x58 ./rtthread/components/drivers/serial/serial.o
                0x0000000000002e40                rt_hw_serial_register
 .text.rt_hw_serial_isr
                0x0000000000002e98       0xaa ./rtthread/components/drivers/serial/serial.o
                0x0000000000002e98                rt_hw_serial_isr
 .text._pin_control
                0x0000000000002f42       0x1c ./rtthread/components/drivers/misc/pin.o
 .text.rt_pin_mode
                0x0000000000002f5e       0x1a ./rtthread/components/drivers/misc/pin.o
                0x0000000000002f5e                rt_pin_mode
 .text.rt_pin_write
                0x0000000000002f78       0x1a ./rtthread/components/drivers/misc/pin.o
                0x0000000000002f78                rt_pin_write
 .text.rt_pin_read
                0x0000000000002f92       0x18 ./rtthread/components/drivers/misc/pin.o
                0x0000000000002f92                rt_pin_read
 .text._pin_read
                0x0000000000002faa       0x2e ./rtthread/components/drivers/misc/pin.o
 .text._pin_write
                0x0000000000002fd8       0x2c ./rtthread/components/drivers/misc/pin.o
 .text.rt_device_pin_register
                0x0000000000003004       0x52 ./rtthread/components/drivers/misc/pin.o
                0x0000000000003004                rt_device_pin_register
 .text.rt_device_find
                0x0000000000003056        0xe ./rtthread/components/device/device.o
                0x0000000000003056                rt_device_find
 .text.rt_device_register
                0x0000000000003064       0x38 ./rtthread/components/device/device.o
                0x0000000000003064                rt_device_register
 .text.rt_device_open
                0x000000000000309c       0x7c ./rtthread/components/device/device.o
                0x000000000000309c                rt_device_open
 .text.rt_device_close
                0x0000000000003118       0x3a ./rtthread/components/device/device.o
                0x0000000000003118                rt_device_close
 .text.rt_device_read
                0x0000000000003152       0x20 ./rtthread/components/device/device.o
                0x0000000000003152                rt_device_read
 .text.rt_device_write
                0x0000000000003172       0x20 ./rtthread/components/device/device.o
                0x0000000000003172                rt_device_write
 .text.rt_device_set_rx_indicate
                0x0000000000003192        0x6 ./rtthread/components/device/device.o
                0x0000000000003192                rt_device_set_rx_indicate
 .text.reboot   0x0000000000003198       0x12 ./rtthread/board.o
                0x0000000000003198                reboot
 .text.clear    0x00000000000031aa       0x16 ./rtthread/board.o
                0x00000000000031aa                clear
 .text.rt_heap_begin_get
                0x00000000000031c0        0x6 ./rtthread/board.o
                0x00000000000031c0                rt_heap_begin_get
 .text.rt_heap_end_get
                0x00000000000031c6        0xa ./rtthread/board.o
                0x00000000000031c6                rt_heap_end_get
 .text.rt_hw_board_init
                0x00000000000031d0       0x76 ./rtthread/board.o
                0x00000000000031d0                rt_hw_board_init
 .text.SysTick_Handler
                0x0000000000003246       0x64 ./rtthread/board.o
                0x0000000000003246                SysTick_Handler
 .text.bit2bitno
                0x00000000000032aa       0x1c ./drivers/drv_gpio.o
 .text.GPIOB_CLK_ENABLE
                0x00000000000032c6       0x10 ./drivers/drv_gpio.o
 .text.GPIOA_CLK_ENABLE
                0x00000000000032d6       0x10 ./drivers/drv_gpio.o
 .text.GPIOC_CLK_ENABLE
                0x00000000000032e6       0x10 ./drivers/drv_gpio.o
 .text.rt_hw_pin_init
                0x00000000000032f6       0x1c ./drivers/drv_gpio.o
                0x00000000000032f6                rt_hw_pin_init
 .text.get_pin  0x0000000000003312       0x20 ./drivers/drv_gpio.o
                0x0000000000003312                get_pin
 .text.ch32_pin_write
                0x0000000000003332       0x22 ./drivers/drv_gpio.o
                0x0000000000003332                ch32_pin_write
 .text.ch32_pin_read
                0x0000000000003354       0x1e ./drivers/drv_gpio.o
                0x0000000000003354                ch32_pin_read
 .text.ch32_pin_mode
                0x0000000000003372       0x88 ./drivers/drv_gpio.o
                0x0000000000003372                ch32_pin_mode
 .text.ch32_pin_attach_irq
                0x00000000000033fa       0x92 ./drivers/drv_gpio.o
                0x00000000000033fa                ch32_pin_attach_irq
 .text.ch32_pin_dettach_irq
                0x000000000000348c       0x5a ./drivers/drv_gpio.o
                0x000000000000348c                ch32_pin_dettach_irq
 .text.ch32_pin_irq_enable
                0x00000000000034e6      0x122 ./drivers/drv_gpio.o
                0x00000000000034e6                ch32_pin_irq_enable
 .text.HAL_GPIO_EXTI_Callback
                0x0000000000003608       0x24 ./drivers/drv_gpio.o
                0x0000000000003608                HAL_GPIO_EXTI_Callback
 .text.EXTI0_IRQHandler
                0x000000000000362c       0x6c ./drivers/drv_gpio.o
                0x000000000000362c                EXTI0_IRQHandler
 .text.EXTI1_IRQHandler
                0x0000000000003698       0x6c ./drivers/drv_gpio.o
                0x0000000000003698                EXTI1_IRQHandler
 .text.EXTI2_IRQHandler
                0x0000000000003704       0x6c ./drivers/drv_gpio.o
                0x0000000000003704                EXTI2_IRQHandler
 .text.EXTI3_IRQHandler
                0x0000000000003770       0x6c ./drivers/drv_gpio.o
                0x0000000000003770                EXTI3_IRQHandler
 .text.EXTI4_IRQHandler
                0x00000000000037dc       0x6c ./drivers/drv_gpio.o
                0x00000000000037dc                EXTI4_IRQHandler
 .text.EXTI9_5_IRQHandler
                0x0000000000003848       0xb8 ./drivers/drv_gpio.o
                0x0000000000003848                EXTI9_5_IRQHandler
 .text.ch32dma_transmit
                0x0000000000003900        0x4 ./drivers/drv_usart.o
                0x0000000000003900                ch32dma_transmit
 .text.ch32_configure
                0x0000000000003904       0xca ./drivers/drv_usart.o
 .text.rt_hw_usart_init
                0x00000000000039ce       0xb8 ./drivers/drv_usart.o
                0x00000000000039ce                rt_hw_usart_init
 .text.ch32_getc
                0x0000000000003a86       0x22 ./drivers/drv_usart.o
 .text.ch32_putc
                0x0000000000003aa8       0x22 ./drivers/drv_usart.o
 .text.ch32_control
                0x0000000000003aca       0x5c ./drivers/drv_usart.o
 .text.USART1_IRQHandler
                0x0000000000003b26       0x86 ./drivers/drv_usart.o
                0x0000000000003b26                USART1_IRQHandler
 .text.BSP_LED_Init
                0x0000000000003bac       0x7a ./bsp/src/bsp_led.o
                0x0000000000003bac                BSP_LED_Init
 .text.NMI_Handler
                0x0000000000003c26       0x64 ./User/ch32v20x_it.o
                0x0000000000003c26                NMI_Handler
 .text.HardFault_Handler
                0x0000000000003c8a       0x64 ./User/ch32v20x_it.o
                0x0000000000003c8a                HardFault_Handler
 .text.startup.main
                0x0000000000003cee       0x6e ./User/main.o
                0x0000000000003cee                main
 .text.SystemInit
                0x0000000000003d5c       0xea ./User/system_ch32v20x.o
                0x0000000000003d5c                SystemInit
 .text.vector_handler
                0x0000000000003e46       0x6c ./Startup/startup_ch32v20x_D6.o
                0x0000000000003e4a                Ecall_M_Mode_Handler
                0x0000000000003e4c                Ecall_U_Mode_Handler
                0x0000000000003e4e                Break_Point_Handler
                0x0000000000003e54                WWDG_IRQHandler
                0x0000000000003e56                PVD_IRQHandler
                0x0000000000003e58                TAMPER_IRQHandler
                0x0000000000003e5a                RTC_IRQHandler
                0x0000000000003e5c                FLASH_IRQHandler
                0x0000000000003e5e                RCC_IRQHandler
                0x0000000000003e6a                DMA1_Channel1_IRQHandler
                0x0000000000003e6c                DMA1_Channel2_IRQHandler
                0x0000000000003e6e                DMA1_Channel3_IRQHandler
                0x0000000000003e70                DMA1_Channel4_IRQHandler
                0x0000000000003e72                DMA1_Channel5_IRQHandler
                0x0000000000003e74                DMA1_Channel6_IRQHandler
                0x0000000000003e76                DMA1_Channel7_IRQHandler
                0x0000000000003e78                ADC1_2_IRQHandler
                0x0000000000003e7a                USB_HP_CAN1_TX_IRQHandler
                0x0000000000003e7c                USB_LP_CAN1_RX0_IRQHandler
                0x0000000000003e7e                CAN1_RX1_IRQHandler
                0x0000000000003e80                CAN1_SCE_IRQHandler
                0x0000000000003e84                TIM1_BRK_IRQHandler
                0x0000000000003e86                TIM1_UP_IRQHandler
                0x0000000000003e88                TIM1_TRG_COM_IRQHandler
                0x0000000000003e8a                TIM1_CC_IRQHandler
                0x0000000000003e8c                TIM2_IRQHandler
                0x0000000000003e8e                TIM3_IRQHandler
                0x0000000000003e90                TIM4_IRQHandler
                0x0000000000003e92                I2C1_EV_IRQHandler
                0x0000000000003e94                I2C1_ER_IRQHandler
                0x0000000000003e96                I2C2_EV_IRQHandler
                0x0000000000003e98                I2C2_ER_IRQHandler
                0x0000000000003e9a                SPI1_IRQHandler
                0x0000000000003e9c                SPI2_IRQHandler
                0x0000000000003ea0                USART2_IRQHandler
                0x0000000000003ea2                USART3_IRQHandler
                0x0000000000003ea4                EXTI15_10_IRQHandler
                0x0000000000003ea6                RTCAlarm_IRQHandler
                0x0000000000003ea8                USBWakeUp_IRQHandler
                0x0000000000003eaa                USBHD_IRQHandler
                0x0000000000003eac                USBHDWakeUp_IRQHandler
                0x0000000000003eae                UART4_IRQHandler
                0x0000000000003eb0                DMA1_Channel8_IRQHandler
 .text.handle_reset
                0x0000000000003eb2       0x8a ./Startup/startup_ch32v20x_D6.o
                0x0000000000003eb2                handle_reset
 .text.EXTI_Init
                0x0000000000003f3c       0x6a ./Peripheral/src/ch32v20x_exti.o
                0x0000000000003f3c                EXTI_Init
 .text.EXTI_GetITStatus
                0x0000000000003fa6       0x1e ./Peripheral/src/ch32v20x_exti.o
                0x0000000000003fa6                EXTI_GetITStatus
 .text.EXTI_ClearITPendingBit
                0x0000000000003fc4        0xa ./Peripheral/src/ch32v20x_exti.o
                0x0000000000003fc4                EXTI_ClearITPendingBit
 .text.GPIO_Init
                0x0000000000003fce       0xf2 ./Peripheral/src/ch32v20x_gpio.o
                0x0000000000003fce                GPIO_Init
 .text.GPIO_ReadInputDataBit
                0x00000000000040c0       0x1a ./Peripheral/src/ch32v20x_gpio.o
                0x00000000000040c0                GPIO_ReadInputDataBit
 .text.GPIO_ReadOutputDataBit
                0x00000000000040da       0x1a ./Peripheral/src/ch32v20x_gpio.o
                0x00000000000040da                GPIO_ReadOutputDataBit
 .text.GPIO_WriteBit
                0x00000000000040f4       0x1a ./Peripheral/src/ch32v20x_gpio.o
                0x00000000000040f4                GPIO_WriteBit
 .text.RCC_GetClocksFreq
                0x000000000000410e       0xbe ./Peripheral/src/ch32v20x_rcc.o
                0x000000000000410e                RCC_GetClocksFreq
 .text.RCC_APB2PeriphClockCmd
                0x00000000000041cc       0x1e ./Peripheral/src/ch32v20x_rcc.o
                0x00000000000041cc                RCC_APB2PeriphClockCmd
 .text.USART_Init
                0x00000000000041ea       0xbc ./Peripheral/src/ch32v20x_usart.o
                0x00000000000041ea                USART_Init
 .text.USART_Cmd
                0x00000000000042a6       0x16 ./Peripheral/src/ch32v20x_usart.o
                0x00000000000042a6                USART_Cmd
 .text.USART_ITConfig
                0x00000000000042bc       0x36 ./Peripheral/src/ch32v20x_usart.o
                0x00000000000042bc                USART_ITConfig
 .text.USART_GetFlagStatus
                0x00000000000042f2        0xa ./Peripheral/src/ch32v20x_usart.o
                0x00000000000042f2                USART_GetFlagStatus
 .text.USART_GetITStatus
                0x00000000000042fc       0x3c ./Peripheral/src/ch32v20x_usart.o
                0x00000000000042fc                USART_GetITStatus
 .text.USART_ClearITPendingBit
                0x0000000000004338       0x14 ./Peripheral/src/ch32v20x_usart.o
                0x0000000000004338                USART_ClearITPendingBit
 .text.memcmp   0x000000000000434c       0x24 c:/mounriver/mounriver_studio/toolchain/risc-v embedded gcc/bin/../lib/gcc/riscv-none-embed/8.2.0/../../../../riscv-none-embed/lib/rv32imacxw/ilp32\libg_nano.a(lib_a-memcmp.o)
                0x000000000000434c                memcmp
 .text.memcpy   0x0000000000004370       0xb2 c:/mounriver/mounriver_studio/toolchain/risc-v embedded gcc/bin/../lib/gcc/riscv-none-embed/8.2.0/../../../../riscv-none-embed/lib/rv32imacxw/ilp32\libg_nano.a(lib_a-memcpy.o)
                0x0000000000004370                memcpy
 .text.strcat   0x0000000000004422       0x1e c:/mounriver/mounriver_studio/toolchain/risc-v embedded gcc/bin/../lib/gcc/riscv-none-embed/8.2.0/../../../../riscv-none-embed/lib/rv32imacxw/ilp32\libg_nano.a(lib_a-strcat.o)
                0x0000000000004422                strcat
 .text.strcpy   0x0000000000004440       0x10 c:/mounriver/mounriver_studio/toolchain/risc-v embedded gcc/bin/../lib/gcc/riscv-none-embed/8.2.0/../../../../riscv-none-embed/lib/rv32imacxw/ilp32\libg_nano.a(lib_a-strcpy.o)
                0x0000000000004440                strcpy
 .text.strlen   0x0000000000004450       0x12 c:/mounriver/mounriver_studio/toolchain/risc-v embedded gcc/bin/../lib/gcc/riscv-none-embed/8.2.0/../../../../riscv-none-embed/lib/rv32imacxw/ilp32\libg_nano.a(lib_a-strlen.o)
                0x0000000000004450                strlen
 .text.strncmp  0x0000000000004462       0x28 c:/mounriver/mounriver_studio/toolchain/risc-v embedded gcc/bin/../lib/gcc/riscv-none-embed/8.2.0/../../../../riscv-none-embed/lib/rv32imacxw/ilp32\libg_nano.a(lib_a-strncmp.o)
                0x0000000000004462                strncmp
 .text.strncpy  0x000000000000448a       0x24 c:/mounriver/mounriver_studio/toolchain/risc-v embedded gcc/bin/../lib/gcc/riscv-none-embed/8.2.0/../../../../riscv-none-embed/lib/rv32imacxw/ilp32\libg_nano.a(lib_a-strncpy.o)
                0x000000000000448a                strncpy
 *(.rodata)
 *(.rodata*)
 *fill*         0x00000000000044ae        0x2 
 .rodata.rt_application_init.str1.4
                0x00000000000044b0        0x5 ./rtthread/src/components.o
 *fill*         0x00000000000044b5        0x3 
 .rodata.rt_thread_idle_init.str1.4
                0x00000000000044b8        0x6 ./rtthread/src/idle.o
 *fill*         0x00000000000044be        0x2 
 .rodata.__lowest_bit_bitmap
                0x00000000000044c0      0x100 ./rtthread/src/kservice.o
                0x00000000000044c0                __lowest_bit_bitmap
 .rodata.large_digits.2539
                0x00000000000045c0       0x11 ./rtthread/src/kservice.o
 *fill*         0x00000000000045d1        0x3 
 .rodata.rt_show_version.str1.4
                0x00000000000045d4       0x86 ./rtthread/src/kservice.o
 *fill*         0x000000000000465a        0x2 
 .rodata.rt_vsnprintf.str1.4
                0x000000000000465c        0x7 ./rtthread/src/kservice.o
 *fill*         0x0000000000004663        0x1 
 .rodata.small_digits.2538
                0x0000000000004664       0x11 ./rtthread/src/kservice.o
 *fill*         0x0000000000004675        0x3 
 .rodata.list_mem.str1.4
                0x0000000000004678       0x46 ./rtthread/src/mem.o
 *fill*         0x00000000000046be        0x2 
 .rodata.name   0x00000000000046c0       0x29 ./rtthread/src/mem.o
                0x00000000000046c0                __fsym_list_mem_desc
                0x00000000000046e0                __fsym_list_mem_name
 *fill*         0x00000000000046e9        0x3 
 .rodata.rt_free.str1.4
                0x00000000000046ec       0x4c ./rtthread/src/mem.o
 .rodata.rt_system_heap_init.str1.4
                0x0000000000004738       0x42 ./rtthread/src/mem.o
 *fill*         0x000000000000477a        0x2 
 .rodata.rt_timer_control
                0x000000000000477c       0x14 ./rtthread/src/timer.o
 .rodata.device_type_str
                0x0000000000004790       0x58 ./rtthread/components/finsh/cmd.o
 .rodata.list.str1.4
                0x00000000000047e8       0x25 ./rtthread/components/finsh/cmd.o
 *fill*         0x000000000000480d        0x3 
 .rodata.list_device.str1.4
                0x0000000000004810       0x6f ./rtthread/components/finsh/cmd.o
 *fill*         0x000000000000487f        0x1 
 .rodata.list_event.str1.4
                0x0000000000004880       0x76 ./rtthread/components/finsh/cmd.o
 *fill*         0x00000000000048f6        0x2 
 .rodata.list_mailbox.str1.4
                0x00000000000048f8       0x76 ./rtthread/components/finsh/cmd.o
                                         0x7a (size before relaxing)
 *fill*         0x000000000000496e        0x2 
 .rodata.list_msgqueue.str1.4
                0x0000000000004970       0x65 ./rtthread/components/finsh/cmd.o
 *fill*         0x00000000000049d5        0x3 
 .rodata.list_mutex.str1.4
                0x00000000000049d8       0x63 ./rtthread/components/finsh/cmd.o
 *fill*         0x0000000000004a3b        0x1 
 .rodata.list_sem.str1.4
                0x0000000000004a3c       0x60 ./rtthread/components/finsh/cmd.o
 .rodata.list_thread.str1.4
                0x0000000000004a9c       0xfc ./rtthread/components/finsh/cmd.o
 .rodata.list_timer.str1.4
                0x0000000000004b98       0x9d ./rtthread/components/finsh/cmd.o
 *fill*         0x0000000000004c35        0x3 
 .rodata.name   0x0000000000004c38      0x308 ./rtthread/components/finsh/cmd.o
                0x0000000000004c38                __fsym_list_desc
                0x0000000000004c54                __fsym_list_name
                0x0000000000004c5c                __fsym___cmd_list_device_desc
                0x0000000000004c74                __fsym___cmd_list_device_name
                0x0000000000004c88                __fsym_list_device_desc
                0x0000000000004ca0                __fsym_list_device_name
                0x0000000000004cac                __fsym___cmd_list_timer_desc
                0x0000000000004cc4                __fsym___cmd_list_timer_name
                0x0000000000004cd8                __fsym_list_timer_desc
                0x0000000000004cf0                __fsym_list_timer_name
                0x0000000000004cfc                __fsym___cmd_list_msgqueue_desc
                0x0000000000004d1c                __fsym___cmd_list_msgqueue_name
                0x0000000000004d30                __fsym_list_msgqueue_desc
                0x0000000000004d50                __fsym_list_msgqueue_name
                0x0000000000004d60                __fsym___cmd_list_mailbox_desc
                0x0000000000004d78                __fsym___cmd_list_mailbox_name
                0x0000000000004d8c                __fsym_list_mailbox_desc
                0x0000000000004da4                __fsym_list_mailbox_name
                0x0000000000004db4                __fsym___cmd_list_mutex_desc
                0x0000000000004dcc                __fsym___cmd_list_mutex_name
                0x0000000000004de0                __fsym_list_mutex_desc
                0x0000000000004df8                __fsym_list_mutex_name
                0x0000000000004e04                __fsym___cmd_list_event_desc
                0x0000000000004e1c                __fsym___cmd_list_event_name
                0x0000000000004e30                __fsym_list_event_desc
                0x0000000000004e48                __fsym_list_event_name
                0x0000000000004e54                __fsym___cmd_list_sem_desc
                0x0000000000004e70                __fsym___cmd_list_sem_name
                0x0000000000004e80                __fsym_list_sem_desc
                0x0000000000004e9c                __fsym_list_sem_name
                0x0000000000004ea8                __fsym___cmd_list_thread_desc
                0x0000000000004eb4                __fsym___cmd_list_thread_name
                0x0000000000004ec8                __fsym_list_thread_desc
                0x0000000000004ed4                __fsym_list_thread_name
                0x0000000000004ee0                __fsym___cmd_version_desc
                0x0000000000004f04                __fsym___cmd_version_name
                0x0000000000004f14                __fsym_version_desc
                0x0000000000004f38                __fsym_version_name
 .rodata.object_split.constprop.2.str1.4
                0x0000000000004f40        0x2 ./rtthread/components/finsh/cmd.o
 *fill*         0x0000000000004f42        0x2 
 .rodata.show_wait_queue.str1.4
                0x0000000000004f44        0x6 ./rtthread/components/finsh/cmd.o
 *fill*         0x0000000000004f4a        0x2 
 .rodata.str1.4
                0x0000000000004f4c      0x131 ./rtthread/components/finsh/cmd.o
 *fill*         0x000000000000507d        0x3 
 .rodata.rt_hw_console_getchar.str1.4
                0x0000000000005080        0x6 ./rtthread/components/finsh/finsh_port.o
 .rodata.msh_auto_complete.str1.4
                0x0000000000005086        0x6 ./rtthread/components/finsh/msh.o
                                          0x4 (size before relaxing)
 *fill*         0x0000000000005086        0x2 
 .rodata.msh_exec.str1.4
                0x0000000000005088       0x3c ./rtthread/components/finsh/msh.o
 .rodata.msh_help.str1.4
                0x00000000000050c4       0x30 ./rtthread/components/finsh/msh.o
                                         0x32 (size before relaxing)
 .rodata.name   0x00000000000050f4       0x7f ./rtthread/components/finsh/msh.o
                0x00000000000050f4                __fsym___cmd_free_desc
                0x000000000000511c                __fsym___cmd_free_name
                0x0000000000005128                __fsym___cmd_ps_desc
                0x0000000000005144                __fsym___cmd_ps_name
                0x0000000000005150                __fsym___cmd_help_desc
                0x0000000000005168                __fsym___cmd_help_name
 *fill*         0x0000000000005173        0x1 
 .rodata.finsh_get_prompt.str1.4
                0x0000000000005174       0x12 ./rtthread/components/finsh/shell.o
 *fill*         0x0000000000005186        0x2 
 .rodata.finsh_set_device.str1.4
                0x0000000000005188       0x20 ./rtthread/components/finsh/shell.o
 .rodata.finsh_system_init.str1.4
                0x00000000000051a8       0x25 ./rtthread/components/finsh/shell.o
 *fill*         0x00000000000051cd        0x3 
 .rodata.finsh_thread_entry.str1.4
                0x00000000000051d0       0x14 ./rtthread/components/finsh/shell.o
                                         0x1b (size before relaxing)
 .rodata.shell_handle_history.str1.4
                0x00000000000051e4        0xd ./rtthread/components/finsh/shell.o
 *fill*         0x00000000000051f1        0x3 
 .rodata.name   0x00000000000051f4       0x70 ./rtthread/components/drivers/misc/pin.o
                0x00000000000051f4                __fsym_pinRead_desc
                0x0000000000005214                __fsym_pinRead_name
                0x000000000000521c                __fsym_pinWrite_desc
                0x0000000000005238                __fsym_pinWrite_name
                0x0000000000005244                __fsym_pinMode_desc
                0x000000000000525c                __fsym_pinMode_name
 .rodata.rt_device_init.str1.4
                0x0000000000005264       0x36 ./rtthread/components/device/device.o
 *fill*         0x000000000000529a        0x2 
 .rodata.clear.str1.4
                0x000000000000529c        0x8 ./rtthread/board.o
 .rodata.name   0x00000000000052a4       0x41 ./rtthread/board.o
                0x00000000000052a4                __fsym___cmd_clear_desc
                0x00000000000052b8                __fsym___cmd_clear_name
                0x00000000000052c4                __fsym___cmd_reboot_desc
                0x00000000000052d8                __fsym___cmd_reboot_name
 .rodata.rt_hw_board_init.str1.4
                0x00000000000052e5        0x6 ./rtthread/board.o
 *fill*         0x00000000000052e5        0x3 
 .rodata._ch32_pin_ops
                0x00000000000052e8       0x18 ./drivers/drv_gpio.o
 .rodata.ch32_pin_mode.str1.4
                0x0000000000005300       0x10 ./drivers/drv_gpio.o
 .rodata.pin_irq_map
                0x0000000000005310       0x80 ./drivers/drv_gpio.o
 .rodata.pins   0x0000000000005390      0x310 ./drivers/drv_gpio.o
 .rodata.rt_hw_pin_init.str1.4
                0x00000000000056a0        0x4 ./drivers/drv_gpio.o
 .rodata.ch32_uart_ops
                0x00000000000056a4       0x14 ./drivers/drv_usart.o
 .rodata.rt_hw_usart_init.str1.4
                0x00000000000056b8        0x6 ./drivers/drv_usart.o
 .rodata.BSP_LED_Init.str1.4
                0x00000000000056b8       0x1b ./bsp/src/bsp_led.o
                                         0x1e (size before relaxing)
 *fill*         0x00000000000056d3        0x1 
 .rodata.HardFault_Handler.str1.4
                0x00000000000056d4        0xc ./User/ch32v20x_it.o
 .rodata.NMI_Handler.str1.4
                0x00000000000056e0        0xf ./User/ch32v20x_it.o
 *fill*         0x00000000000056ef        0x1 
 .rodata.main.str1.4
                0x00000000000056f0       0x2c ./User/main.o
                                         0x2d (size before relaxing)
 *(.glue_7)
 *(.glue_7t)
 *(.gnu.linkonce.t.*)
                0x000000000000571c                . = ALIGN (0x4)
                0x000000000000571c                __fsymtab_start = .
 *(FSymTab)
 FSymTab        0x000000000000571c        0xc ./rtthread/src/mem.o
                0x000000000000571c                __fsym_list_mem
 FSymTab        0x0000000000005728       0xe4 ./rtthread/components/finsh/cmd.o
                0x0000000000005728                __fsym_list
                0x0000000000005734                __fsym___cmd_list_device
                0x0000000000005740                __fsym_list_device
                0x000000000000574c                __fsym___cmd_list_timer
                0x0000000000005758                __fsym_list_timer
                0x0000000000005764                __fsym___cmd_list_msgqueue
                0x0000000000005770                __fsym_list_msgqueue
                0x000000000000577c                __fsym___cmd_list_mailbox
                0x0000000000005788                __fsym_list_mailbox
                0x0000000000005794                __fsym___cmd_list_mutex
                0x00000000000057a0                __fsym_list_mutex
                0x00000000000057ac                __fsym___cmd_list_event
                0x00000000000057b8                __fsym_list_event
                0x00000000000057c4                __fsym___cmd_list_sem
                0x00000000000057d0                __fsym_list_sem
                0x00000000000057dc                __fsym___cmd_list_thread
                0x00000000000057e8                __fsym_list_thread
                0x00000000000057f4                __fsym___cmd_version
                0x0000000000005800                __fsym_version
 FSymTab        0x000000000000580c       0x24 ./rtthread/components/finsh/msh.o
                0x000000000000580c                __fsym___cmd_free
                0x0000000000005818                __fsym___cmd_ps
                0x0000000000005824                __fsym___cmd_help
 FSymTab        0x0000000000005830       0x24 ./rtthread/components/drivers/misc/pin.o
                0x0000000000005830                __fsym_pinRead
                0x000000000000583c                __fsym_pinWrite
                0x0000000000005848                __fsym_pinMode
 FSymTab        0x0000000000005854       0x18 ./rtthread/board.o
                0x0000000000005854                __fsym___cmd_clear
                0x0000000000005860                __fsym___cmd_reboot
                0x000000000000586c                __fsymtab_end = .
                0x000000000000586c                . = ALIGN (0x4)
                0x000000000000586c                __vsymtab_start = .
 *(VSymTab)
                0x000000000000586c                __vsymtab_end = .
                0x000000000000586c                . = ALIGN (0x4)
                0x000000000000586c                . = ALIGN (0x4)
                0x000000000000586c                __rt_init_start = .
 *(SORT_BY_NAME(.rti_fn*))
 .rti_fn.0      0x000000000000586c        0x4 ./rtthread/src/components.o
                0x000000000000586c                __rt_init_rti_start
 .rti_fn.0.end  0x0000000000005870        0x4 ./rtthread/src/components.o
                0x0000000000005870                __rt_init_rti_board_start
 .rti_fn.1      0x0000000000005874        0x4 ./drivers/drv_gpio.o
                0x0000000000005874                __rt_init_rt_hw_pin_init
 .rti_fn.1      0x0000000000005878        0x4 ./drivers/drv_usart.o
                0x0000000000005878                __rt_init_rt_hw_usart_init
 .rti_fn.1.end  0x000000000000587c        0x4 ./rtthread/src/components.o
                0x000000000000587c                __rt_init_rti_board_end
 .rti_fn.3      0x0000000000005880        0x4 ./bsp/src/bsp_led.o
                0x0000000000005880                __rt_init_BSP_LED_Init
 .rti_fn.6      0x0000000000005884        0x4 ./rtthread/components/finsh/shell.o
                0x0000000000005884                __rt_init_finsh_system_init
 .rti_fn.6.end  0x0000000000005888        0x4 ./rtthread/src/components.o
                0x0000000000005888                __rt_init_rti_end
                0x000000000000588c                __rt_init_end = .
                0x000000000000588c                . = ALIGN (0x4)
                0x000000000000588c                . = ALIGN (0x4)
                0x000000000000588c                __rtmsymtab_start = .
 *(RTMSymTab)
                0x000000000000588c                __rtmsymtab_end = .
                0x000000000000588c                . = ALIGN (0x4)

.rela.dyn       0x000000000000588c        0x0
 .rela.text.rt_set_errno
                0x000000000000588c        0x0 ./rtthread/src/clock.o
 .rela.text.rt_kprintf
                0x000000000000588c        0x0 ./rtthread/src/clock.o
 .rela.text     0x000000000000588c        0x0 ./rtthread/src/clock.o
 .rela.text.finsh_system_init
                0x000000000000588c        0x0 ./rtthread/src/clock.o
 .rela.text.finsh_thread_entry
                0x000000000000588c        0x0 ./rtthread/src/clock.o
 .rela.text.rt_heap_begin_get
                0x000000000000588c        0x0 ./rtthread/src/clock.o
 .rela.text.rt_heap_end_get
                0x000000000000588c        0x0 ./rtthread/src/clock.o
 .rela.text.rt_hw_board_init
                0x000000000000588c        0x0 ./rtthread/src/clock.o
 .rela.init     0x000000000000588c        0x0 ./rtthread/src/clock.o
 .rela.vector   0x000000000000588c        0x0 ./rtthread/src/clock.o
 .rela.text.handle_reset
                0x000000000000588c        0x0 ./rtthread/src/clock.o

.fini           0x000000000000588c        0x0
 *(SORT_NONE(.fini))
                0x000000000000588c                . = ALIGN (0x4)
                [!provide]                        PROVIDE (_etext = .)
                [!provide]                        PROVIDE (_eitcm = .)

.preinit_array  0x000000000000588c        0x0
                [!provide]                        PROVIDE (__preinit_array_start = .)
 *(.preinit_array)
                [!provide]                        PROVIDE (__preinit_array_end = .)

.init_array     0x000000000000588c        0x0
                [!provide]                        PROVIDE (__init_array_start = .)
 *(SORT_BY_INIT_PRIORITY(.init_array.*) SORT_BY_INIT_PRIORITY(.ctors.*))
 *(.init_array EXCLUDE_FILE(*crtend?.o *crtend.o *crtbegin?.o *crtbegin.o) .ctors)
                [!provide]                        PROVIDE (__init_array_end = .)

.fini_array     0x000000000000588c        0x0
                [!provide]                        PROVIDE (__fini_array_start = .)
 *(SORT_BY_INIT_PRIORITY(.fini_array.*) SORT_BY_INIT_PRIORITY(.dtors.*))
 *(.fini_array EXCLUDE_FILE(*crtend?.o *crtend.o *crtbegin?.o *crtbegin.o) .dtors)
                [!provide]                        PROVIDE (__fini_array_end = .)

.ctors
 *crtbegin.o(.ctors)
 *crtbegin?.o(.ctors)
 *(EXCLUDE_FILE(*crtend?.o *crtend.o) .ctors)
 *(SORT_BY_NAME(.ctors.*))
 *(.ctors)

.dtors
 *crtbegin.o(.dtors)
 *crtbegin?.o(.dtors)
 *(EXCLUDE_FILE(*crtend?.o *crtend.o) .dtors)
 *(SORT_BY_NAME(.dtors.*))
 *(.dtors)

.dalign         0x0000000020000000        0x0 load address 0x000000000000588c
                0x0000000020000000                . = ALIGN (0x4)
                0x0000000020000000                PROVIDE (_data_vma = .)

.dlalign        0x000000000000588c        0x0
                0x000000000000588c                . = ALIGN (0x4)
                0x000000000000588c                PROVIDE (_data_lma = .)

.data           0x0000000020000000      0x158 load address 0x000000000000588c
 *(.gnu.linkonce.r.*)
 *(.data .data.*)
 .data.rt_object_container
                0x0000000020000000       0x80 ./rtthread/src/object.o
 .data.pin_irq_hdr_tab
                0x0000000020000080       0xc0 ./drivers/drv_gpio.o
                0x0000000020000080                pin_irq_hdr_tab
 .data.APBAHBPrescTable
                0x0000000020000140       0x10 ./Peripheral/src/ch32v20x_rcc.o
 *(.gnu.linkonce.d.*)
                0x0000000020000150                . = ALIGN (0x8)
                0x0000000020000950                PROVIDE (__global_pointer$ = (. + 0x800))
 *(.sdata .sdata.*)
 .sdata.SystemCoreClock
                0x0000000020000150        0x4 ./User/system_ch32v20x.o
                0x0000000020000150                SystemCoreClock
 .sdata.ADCPrescTable
                0x0000000020000154        0x4 ./Peripheral/src/ch32v20x_rcc.o
 *(.sdata2.*)
 *(.gnu.linkonce.s.*)
                0x0000000020000158                . = ALIGN (0x8)
 *(.srodata.cst16)
 *(.srodata.cst8)
 *(.srodata.cst4)
 *(.srodata.cst2)
 *(.srodata .srodata.*)
                0x0000000020000158                . = ALIGN (0x4)
                0x0000000020000158                PROVIDE (_edata = .)

.bss            0x0000000020000158      0x51c load address 0x00000000000059e4
                0x0000000020000158                . = ALIGN (0x4)
                0x0000000020000158                PROVIDE (_sbss = .)
 *(.sbss*)
 .sbss.rt_tick  0x0000000020000158        0x4 ./rtthread/src/clock.o
 .sbss.rt_interrupt_enter_hook
                0x000000002000015c        0x4 ./rtthread/src/irq.o
 .sbss.rt_interrupt_leave_hook
                0x0000000020000160        0x4 ./rtthread/src/irq.o
 .sbss.rt_interrupt_nest
                0x0000000020000164        0x1 ./rtthread/src/irq.o
                0x0000000020000164                rt_interrupt_nest
 *fill*         0x0000000020000165        0x3 
 .sbss.__rt_errno
                0x0000000020000168        0x4 ./rtthread/src/kservice.o
 .sbss._console_device
                0x000000002000016c        0x4 ./rtthread/src/kservice.o
 .sbss.heap_end
                0x0000000020000170        0x4 ./rtthread/src/mem.o
 .sbss.heap_ptr
                0x0000000020000174        0x4 ./rtthread/src/mem.o
 .sbss.lfree    0x0000000020000178        0x4 ./rtthread/src/mem.o
 .sbss.max_mem  0x000000002000017c        0x4 ./rtthread/src/mem.o
 .sbss.mem_size_aligned
                0x0000000020000180        0x4 ./rtthread/src/mem.o
 .sbss.rt_free_hook
                0x0000000020000184        0x4 ./rtthread/src/mem.o
 .sbss.rt_malloc_hook
                0x0000000020000188        0x4 ./rtthread/src/mem.o
 .sbss.used_mem
                0x000000002000018c        0x4 ./rtthread/src/mem.o
 .sbss.rt_object_attach_hook
                0x0000000020000190        0x4 ./rtthread/src/object.o
 .sbss.rt_object_detach_hook
                0x0000000020000194        0x4 ./rtthread/src/object.o
 .sbss.rt_object_put_hook
                0x0000000020000198        0x4 ./rtthread/src/object.o
                0x0000000020000198                rt_object_put_hook
 .sbss.rt_object_take_hook
                0x000000002000019c        0x4 ./rtthread/src/object.o
                0x000000002000019c                rt_object_take_hook
 .sbss.rt_object_trytake_hook
                0x00000000200001a0        0x4 ./rtthread/src/object.o
                0x00000000200001a0                rt_object_trytake_hook
 .sbss.rt_current_priority
                0x00000000200001a4        0x1 ./rtthread/src/scheduler.o
                0x00000000200001a4                rt_current_priority
 *fill*         0x00000000200001a5        0x3 
 .sbss.rt_current_thread
                0x00000000200001a8        0x4 ./rtthread/src/scheduler.o
                0x00000000200001a8                rt_current_thread
 .sbss.rt_scheduler_hook
                0x00000000200001ac        0x4 ./rtthread/src/scheduler.o
 .sbss.rt_scheduler_lock_nest
                0x00000000200001b0        0x2 ./rtthread/src/scheduler.o
 *fill*         0x00000000200001b2        0x2 
 .sbss.rt_thread_defunct
                0x00000000200001b4        0x8 ./rtthread/src/scheduler.o
                0x00000000200001b4                rt_thread_defunct
 .sbss.rt_thread_ready_priority_group
                0x00000000200001bc        0x4 ./rtthread/src/scheduler.o
                0x00000000200001bc                rt_thread_ready_priority_group
 .sbss.rt_thread_inited_hook
                0x00000000200001c0        0x4 ./rtthread/src/thread.o
 .sbss.rt_thread_resume_hook
                0x00000000200001c4        0x4 ./rtthread/src/thread.o
 .sbss.rt_thread_suspend_hook
                0x00000000200001c8        0x4 ./rtthread/src/thread.o
 .sbss.random_nr.2441
                0x00000000200001cc        0x4 ./rtthread/src/timer.o
 .sbss.rt_timer_enter_hook
                0x00000000200001d0        0x4 ./rtthread/src/timer.o
 .sbss.rt_timer_exit_hook
                0x00000000200001d4        0x4 ./rtthread/src/timer.o
 .sbss.rt_timer_list
                0x00000000200001d8        0x8 ./rtthread/src/timer.o
 .sbss.rt_interrupt_from_thread
                0x00000000200001e0        0x4 ./rtthread/libcpu/risc-v/common/cpuport.o
                0x00000000200001e0                rt_interrupt_from_thread
 .sbss.rt_interrupt_to_thread
                0x00000000200001e4        0x4 ./rtthread/libcpu/risc-v/common/cpuport.o
                0x00000000200001e4                rt_interrupt_to_thread
 .sbss.rt_thread_switch_interrupt_flag
                0x00000000200001e8        0x4 ./rtthread/libcpu/risc-v/common/cpuport.o
                0x00000000200001e8                rt_thread_switch_interrupt_flag
 .sbss._syscall_table_begin
                0x00000000200001ec        0x4 ./rtthread/components/finsh/shell.o
                0x00000000200001ec                _syscall_table_begin
 .sbss._syscall_table_end
                0x00000000200001f0        0x4 ./rtthread/components/finsh/shell.o
                0x00000000200001f0                _syscall_table_end
 .sbss._sysvar_table_begin
                0x00000000200001f4        0x4 ./rtthread/components/finsh/shell.o
                0x00000000200001f4                _sysvar_table_begin
 .sbss._sysvar_table_end
                0x00000000200001f8        0x4 ./rtthread/components/finsh/shell.o
                0x00000000200001f8                _sysvar_table_end
 .sbss.finsh_prompt_custom
                0x00000000200001fc        0x4 ./rtthread/components/finsh/shell.o
 .sbss.shell    0x0000000020000200        0x4 ./rtthread/components/finsh/shell.o
                0x0000000020000200                shell
 .sbss.MCU_Version
                0x0000000020000204        0x1 ./Peripheral/src/ch32v20x_gpio.o
                0x0000000020000204                MCU_Version
 *(.gnu.linkonce.sb.*)
 *(.bss*)
 *fill*         0x0000000020000205        0x3 
 .bss.idle      0x0000000020000208       0x80 ./rtthread/src/idle.o
 .bss.idle_hook_list
                0x0000000020000288       0x10 ./rtthread/src/idle.o
 .bss.rt_thread_stack
                0x0000000020000298      0x100 ./rtthread/src/idle.o
 .bss.rt_log_buf.2652
                0x0000000020000398       0x80 ./rtthread/src/kservice.o
 .bss.heap_sem  0x0000000020000418       0x20 ./rtthread/src/mem.o
 .bss.rt_thread_priority_table
                0x0000000020000438      0x100 ./rtthread/src/scheduler.o
                0x0000000020000438                rt_thread_priority_table
 .bss.finsh_prompt.4286
                0x0000000020000538       0x81 ./rtthread/components/finsh/shell.o
 *fill*         0x00000000200005b9        0x3 
 .bss._hw_pin   0x00000000200005bc       0x48 ./rtthread/components/drivers/misc/pin.o
 .bss.serial1   0x0000000020000604       0x58 ./drivers/drv_usart.o
                0x0000000020000604                serial1
 .bss.uart1     0x000000002000065c       0x18 ./drivers/drv_usart.o
                0x000000002000065c                uart1
 *(.gnu.linkonce.b.*)
 *(COMMON*)
                0x0000000020000674                . = ALIGN (0x4)
                0x0000000020000674                PROVIDE (_ebss = .)
                [!provide]                        PROVIDE (_end = _ebss)
                [!provide]                        PROVIDE (end = .)

.stack          0x0000000020004800      0x800
                0x0000000020004800                PROVIDE (_heap_end = .)
                0x0000000020004800                . = ALIGN (0x4)
                [!provide]                        PROVIDE (_susrstack = .)
                0x0000000020005000                . = (. + __stack_size)
 *fill*         0x0000000020004800      0x800 
                0x0000000020005000                PROVIDE (_eusrstack = .)
OUTPUT(JT-DT-YD1C01_RTT_Nano.elf elf32-littleriscv)

.debug_info     0x0000000000000000    0x18ff0
 .debug_info    0x0000000000000000      0x4eb ./rtthread/src/clock.o
 .debug_info    0x00000000000004eb      0x67a ./rtthread/src/components.o
 .debug_info    0x0000000000000b65      0x736 ./rtthread/src/idle.o
 .debug_info    0x000000000000129b     0x2921 ./rtthread/src/ipc.o
 .debug_info    0x0000000000003bbc      0x261 ./rtthread/src/irq.o
 .debug_info    0x0000000000003e1d     0x15d9 ./rtthread/src/kservice.o
 .debug_info    0x00000000000053f6     0x130c ./rtthread/src/mem.o
 .debug_info    0x0000000000006702      0xa99 ./rtthread/src/object.o
 .debug_info    0x000000000000719b      0x85b ./rtthread/src/scheduler.o
 .debug_info    0x00000000000079f6     0x1364 ./rtthread/src/thread.o
 .debug_info    0x0000000000008d5a      0xe16 ./rtthread/src/timer.o
 .debug_info    0x0000000000009b70       0x26 ./rtthread/libcpu/risc-v/common/context_gcc.o
 .debug_info    0x0000000000009b96      0x553 ./rtthread/libcpu/risc-v/common/cpuport.o
 .debug_info    0x000000000000a0e9       0x26 ./rtthread/libcpu/risc-v/common/interrupt_gcc.o
 .debug_info    0x000000000000a10f     0x2dd5 ./rtthread/components/finsh/cmd.o
 .debug_info    0x000000000000cee4      0x4b5 ./rtthread/components/finsh/finsh_port.o
 .debug_info    0x000000000000d399     0x12ad ./rtthread/components/finsh/msh.o
 .debug_info    0x000000000000e646     0x1ce1 ./rtthread/components/finsh/shell.o
 .debug_info    0x0000000000010327      0xe84 ./rtthread/components/drivers/serial/serial.o
 .debug_info    0x00000000000111ab     0x1576 ./rtthread/components/drivers/misc/pin.o
 .debug_info    0x0000000000012721      0x9df ./rtthread/components/device/device.o
 .debug_info    0x0000000000013100      0x902 ./rtthread/board.o
 .debug_info    0x0000000000013a02     0x17e2 ./drivers/drv_gpio.o
 .debug_info    0x00000000000151e4     0x124c ./drivers/drv_usart.o
 .debug_info    0x0000000000016430      0x3e2 ./bsp/src/bsp_led.o
 .debug_info    0x0000000000016812      0x1cb ./User/ch32v20x_it.o
 .debug_info    0x00000000000169dd      0x2d8 ./User/main.o
 .debug_info    0x0000000000016cb5      0x2db ./User/system_ch32v20x.o
 .debug_info    0x0000000000016f90       0x22 ./Startup/startup_ch32v20x_D6.o
 .debug_info    0x0000000000016fb2      0x35f ./Peripheral/src/ch32v20x_exti.o
 .debug_info    0x0000000000017311      0x82b ./Peripheral/src/ch32v20x_gpio.o
 .debug_info    0x0000000000017b3c      0x9ae ./Peripheral/src/ch32v20x_rcc.o
 .debug_info    0x00000000000184ea      0xb06 ./Peripheral/src/ch32v20x_usart.o

.debug_abbrev   0x0000000000000000     0x5488
 .debug_abbrev  0x0000000000000000      0x1c4 ./rtthread/src/clock.o
 .debug_abbrev  0x00000000000001c4      0x228 ./rtthread/src/components.o
 .debug_abbrev  0x00000000000003ec      0x283 ./rtthread/src/idle.o
 .debug_abbrev  0x000000000000066f      0x3c8 ./rtthread/src/ipc.o
 .debug_abbrev  0x0000000000000a37      0x160 ./rtthread/src/irq.o
 .debug_abbrev  0x0000000000000b97      0x424 ./rtthread/src/kservice.o
 .debug_abbrev  0x0000000000000fbb      0x3d1 ./rtthread/src/mem.o
 .debug_abbrev  0x000000000000138c      0x2e0 ./rtthread/src/object.o
 .debug_abbrev  0x000000000000166c      0x2af ./rtthread/src/scheduler.o
 .debug_abbrev  0x000000000000191b      0x3b2 ./rtthread/src/thread.o
 .debug_abbrev  0x0000000000001ccd      0x3de ./rtthread/src/timer.o
 .debug_abbrev  0x00000000000020ab       0x14 ./rtthread/libcpu/risc-v/common/context_gcc.o
 .debug_abbrev  0x00000000000020bf      0x212 ./rtthread/libcpu/risc-v/common/cpuport.o
 .debug_abbrev  0x00000000000022d1       0x14 ./rtthread/libcpu/risc-v/common/interrupt_gcc.o
 .debug_abbrev  0x00000000000022e5      0x4c4 ./rtthread/components/finsh/cmd.o
 .debug_abbrev  0x00000000000027a9      0x17d ./rtthread/components/finsh/finsh_port.o
 .debug_abbrev  0x0000000000002926      0x41d ./rtthread/components/finsh/msh.o
 .debug_abbrev  0x0000000000002d43      0x594 ./rtthread/components/finsh/shell.o
 .debug_abbrev  0x00000000000032d7      0x3eb ./rtthread/components/drivers/serial/serial.o
 .debug_abbrev  0x00000000000036c2      0x363 ./rtthread/components/drivers/misc/pin.o
 .debug_abbrev  0x0000000000003a25      0x289 ./rtthread/components/device/device.o
 .debug_abbrev  0x0000000000003cae      0x2d8 ./rtthread/board.o
 .debug_abbrev  0x0000000000003f86      0x3d6 ./drivers/drv_gpio.o
 .debug_abbrev  0x000000000000435c      0x388 ./drivers/drv_usart.o
 .debug_abbrev  0x00000000000046e4      0x185 ./bsp/src/bsp_led.o
 .debug_abbrev  0x0000000000004869       0xda ./User/ch32v20x_it.o
 .debug_abbrev  0x0000000000004943      0x136 ./User/main.o
 .debug_abbrev  0x0000000000004a79      0x19f ./User/system_ch32v20x.o
 .debug_abbrev  0x0000000000004c18       0x12 ./Startup/startup_ch32v20x_D6.o
 .debug_abbrev  0x0000000000004c2a      0x1c9 ./Peripheral/src/ch32v20x_exti.o
 .debug_abbrev  0x0000000000004df3      0x23b ./Peripheral/src/ch32v20x_gpio.o
 .debug_abbrev  0x000000000000502e      0x259 ./Peripheral/src/ch32v20x_rcc.o
 .debug_abbrev  0x0000000000005287      0x201 ./Peripheral/src/ch32v20x_usart.o

.debug_loc      0x0000000000000000     0xa22c
 .debug_loc     0x0000000000000000       0xa9 ./rtthread/src/clock.o
 .debug_loc     0x00000000000000a9       0x8a ./rtthread/src/components.o
 .debug_loc     0x0000000000000133      0x1f4 ./rtthread/src/idle.o
 .debug_loc     0x0000000000000327     0x1ae2 ./rtthread/src/ipc.o
 .debug_loc     0x0000000000001e09       0x51 ./rtthread/src/irq.o
 .debug_loc     0x0000000000001e5a     0x182d ./rtthread/src/kservice.o
 .debug_loc     0x0000000000003687      0x4c3 ./rtthread/src/mem.o
 .debug_loc     0x0000000000003b4a      0x5c8 ./rtthread/src/object.o
 .debug_loc     0x0000000000004112      0x1ee ./rtthread/src/scheduler.o
 .debug_loc     0x0000000000004300      0x80f ./rtthread/src/thread.o
 .debug_loc     0x0000000000004b0f      0x767 ./rtthread/src/timer.o
 .debug_loc     0x0000000000005276      0x100 ./rtthread/libcpu/risc-v/common/cpuport.o
 .debug_loc     0x0000000000005376      0xcc9 ./rtthread/components/finsh/cmd.o
 .debug_loc     0x000000000000603f       0x13 ./rtthread/components/finsh/finsh_port.o
 .debug_loc     0x0000000000006052      0x570 ./rtthread/components/finsh/msh.o
 .debug_loc     0x00000000000065c2      0x273 ./rtthread/components/finsh/shell.o
 .debug_loc     0x0000000000006835      0xa4c ./rtthread/components/drivers/serial/serial.o
 .debug_loc     0x0000000000007281      0x74d ./rtthread/components/drivers/misc/pin.o
 .debug_loc     0x00000000000079ce      0x639 ./rtthread/components/device/device.o
 .debug_loc     0x0000000000008007      0x10e ./rtthread/board.o
 .debug_loc     0x0000000000008115      0x5ac ./drivers/drv_gpio.o
 .debug_loc     0x00000000000086c1      0x256 ./drivers/drv_usart.o
 .debug_loc     0x0000000000008917       0xac ./User/system_ch32v20x.o
 .debug_loc     0x00000000000089c3      0x181 ./Peripheral/src/ch32v20x_exti.o
 .debug_loc     0x0000000000008b44      0x7fa ./Peripheral/src/ch32v20x_gpio.o
 .debug_loc     0x000000000000933e      0x797 ./Peripheral/src/ch32v20x_rcc.o
 .debug_loc     0x0000000000009ad5      0x757 ./Peripheral/src/ch32v20x_usart.o

.debug_aranges  0x0000000000000000      0xeb0
 .debug_aranges
                0x0000000000000000       0x40 ./rtthread/src/clock.o
 .debug_aranges
                0x0000000000000040       0x50 ./rtthread/src/components.o
 .debug_aranges
                0x0000000000000090       0x48 ./rtthread/src/idle.o
 .debug_aranges
                0x00000000000000d8      0x168 ./rtthread/src/ipc.o
 .debug_aranges
                0x0000000000000240       0x40 ./rtthread/src/irq.o
 .debug_aranges
                0x0000000000000280      0x100 ./rtthread/src/kservice.o
 .debug_aranges
                0x0000000000000380       0x68 ./rtthread/src/mem.o
 .debug_aranges
                0x00000000000003e8       0x98 ./rtthread/src/object.o
 .debug_aranges
                0x0000000000000480       0x60 ./rtthread/src/scheduler.o
 .debug_aranges
                0x00000000000004e0       0xc8 ./rtthread/src/thread.o
 .debug_aranges
                0x00000000000005a8       0x88 ./rtthread/src/timer.o
 .debug_aranges
                0x0000000000000630       0x20 ./rtthread/libcpu/risc-v/common/context_gcc.o
 .debug_aranges
                0x0000000000000650       0x50 ./rtthread/libcpu/risc-v/common/cpuport.o
 .debug_aranges
                0x00000000000006a0       0x20 ./rtthread/libcpu/risc-v/common/interrupt_gcc.o
 .debug_aranges
                0x00000000000006c0       0x88 ./rtthread/components/finsh/cmd.o
 .debug_aranges
                0x0000000000000748       0x20 ./rtthread/components/finsh/finsh_port.o
 .debug_aranges
                0x0000000000000768       0x48 ./rtthread/components/finsh/msh.o
 .debug_aranges
                0x00000000000007b0       0x88 ./rtthread/components/finsh/shell.o
 .debug_aranges
                0x0000000000000838       0x58 ./rtthread/components/drivers/serial/serial.o
 .debug_aranges
                0x0000000000000890       0x68 ./rtthread/components/drivers/misc/pin.o
 .debug_aranges
                0x00000000000008f8       0x88 ./rtthread/components/device/device.o
 .debug_aranges
                0x0000000000000980       0x50 ./rtthread/board.o
 .debug_aranges
                0x00000000000009d0       0xb0 ./drivers/drv_gpio.o
 .debug_aranges
                0x0000000000000a80       0x50 ./drivers/drv_usart.o
 .debug_aranges
                0x0000000000000ad0       0x20 ./bsp/src/bsp_led.o
 .debug_aranges
                0x0000000000000af0       0x28 ./User/ch32v20x_it.o
 .debug_aranges
                0x0000000000000b18       0x20 ./User/main.o
 .debug_aranges
                0x0000000000000b38       0x28 ./User/system_ch32v20x.o
 .debug_aranges
                0x0000000000000b60       0x30 ./Startup/startup_ch32v20x_D6.o
 .debug_aranges
                0x0000000000000b90       0x50 ./Peripheral/src/ch32v20x_exti.o
 .debug_aranges
                0x0000000000000be0       0xa8 ./Peripheral/src/ch32v20x_gpio.o
 .debug_aranges
                0x0000000000000c88      0x128 ./Peripheral/src/ch32v20x_rcc.o
 .debug_aranges
                0x0000000000000db0      0x100 ./Peripheral/src/ch32v20x_usart.o

.debug_ranges   0x0000000000000000     0x1750
 .debug_ranges  0x0000000000000000       0x30 ./rtthread/src/clock.o
 .debug_ranges  0x0000000000000030       0x40 ./rtthread/src/components.o
 .debug_ranges  0x0000000000000070       0x90 ./rtthread/src/idle.o
 .debug_ranges  0x0000000000000100      0x338 ./rtthread/src/ipc.o
 .debug_ranges  0x0000000000000438       0x30 ./rtthread/src/irq.o
 .debug_ranges  0x0000000000000468      0x128 ./rtthread/src/kservice.o
 .debug_ranges  0x0000000000000590       0x58 ./rtthread/src/mem.o
 .debug_ranges  0x00000000000005e8       0xf0 ./rtthread/src/object.o
 .debug_ranges  0x00000000000006d8       0x88 ./rtthread/src/scheduler.o
 .debug_ranges  0x0000000000000760      0x190 ./rtthread/src/thread.o
 .debug_ranges  0x00000000000008f0      0x130 ./rtthread/src/timer.o
 .debug_ranges  0x0000000000000a20       0x40 ./rtthread/libcpu/risc-v/common/cpuport.o
 .debug_ranges  0x0000000000000a60      0x3b0 ./rtthread/components/finsh/cmd.o
 .debug_ranges  0x0000000000000e10       0x10 ./rtthread/components/finsh/finsh_port.o
 .debug_ranges  0x0000000000000e20      0x110 ./rtthread/components/finsh/msh.o
 .debug_ranges  0x0000000000000f30      0x120 ./rtthread/components/finsh/shell.o
 .debug_ranges  0x0000000000001050       0xe0 ./rtthread/components/drivers/serial/serial.o
 .debug_ranges  0x0000000000001130       0x88 ./rtthread/components/drivers/misc/pin.o
 .debug_ranges  0x00000000000011b8       0x78 ./rtthread/components/device/device.o
 .debug_ranges  0x0000000000001230       0x70 ./rtthread/board.o
 .debug_ranges  0x00000000000012a0       0xb8 ./drivers/drv_gpio.o
 .debug_ranges  0x0000000000001358       0x80 ./drivers/drv_usart.o
 .debug_ranges  0x00000000000013d8       0x10 ./bsp/src/bsp_led.o
 .debug_ranges  0x00000000000013e8       0x18 ./User/ch32v20x_it.o
 .debug_ranges  0x0000000000001400       0x10 ./User/main.o
 .debug_ranges  0x0000000000001410       0x38 ./User/system_ch32v20x.o
 .debug_ranges  0x0000000000001448       0x28 ./Startup/startup_ch32v20x_D6.o
 .debug_ranges  0x0000000000001470       0x40 ./Peripheral/src/ch32v20x_exti.o
 .debug_ranges  0x00000000000014b0       0x98 ./Peripheral/src/ch32v20x_gpio.o
 .debug_ranges  0x0000000000001548      0x118 ./Peripheral/src/ch32v20x_rcc.o
 .debug_ranges  0x0000000000001660       0xf0 ./Peripheral/src/ch32v20x_usart.o

.debug_line     0x0000000000000000    0x172d9
 .debug_line    0x0000000000000000      0x2b9 ./rtthread/src/clock.o
 .debug_line    0x00000000000002b9      0x361 ./rtthread/src/components.o
 .debug_line    0x000000000000061a      0x4c6 ./rtthread/src/idle.o
 .debug_line    0x0000000000000ae0     0x34cc ./rtthread/src/ipc.o
 .debug_line    0x0000000000003fac      0x2c2 ./rtthread/src/irq.o
 .debug_line    0x000000000000426e     0x1f7a ./rtthread/src/kservice.o
 .debug_line    0x00000000000061e8      0xf13 ./rtthread/src/mem.o
 .debug_line    0x00000000000070fb      0xa8e ./rtthread/src/object.o
 .debug_line    0x0000000000007b89      0x743 ./rtthread/src/scheduler.o
 .debug_line    0x00000000000082cc     0x11de ./rtthread/src/thread.o
 .debug_line    0x00000000000094aa      0xdb1 ./rtthread/src/timer.o
 .debug_line    0x000000000000a25b      0x24b ./rtthread/libcpu/risc-v/common/context_gcc.o
 .debug_line    0x000000000000a4a6      0x54a ./rtthread/libcpu/risc-v/common/cpuport.o
 .debug_line    0x000000000000a9f0      0x25f ./rtthread/libcpu/risc-v/common/interrupt_gcc.o
 .debug_line    0x000000000000ac4f     0x1aa4 ./rtthread/components/finsh/cmd.o
 .debug_line    0x000000000000c6f3      0x1a2 ./rtthread/components/finsh/finsh_port.o
 .debug_line    0x000000000000c895      0xb4d ./rtthread/components/finsh/msh.o
 .debug_line    0x000000000000d3e2     0x12ee ./rtthread/components/finsh/shell.o
 .debug_line    0x000000000000e6d0      0xdd9 ./rtthread/components/drivers/serial/serial.o
 .debug_line    0x000000000000f4a9      0x83a ./rtthread/components/drivers/misc/pin.o
 .debug_line    0x000000000000fce3      0x8b5 ./rtthread/components/device/device.o
 .debug_line    0x0000000000010598      0x669 ./rtthread/board.o
 .debug_line    0x0000000000010c01     0x119d ./drivers/drv_gpio.o
 .debug_line    0x0000000000011d9e      0xb5a ./drivers/drv_usart.o
 .debug_line    0x00000000000128f8      0x4b5 ./bsp/src/bsp_led.o
 .debug_line    0x0000000000012dad      0x341 ./User/ch32v20x_it.o
 .debug_line    0x00000000000130ee      0x399 ./User/main.o
 .debug_line    0x0000000000013487      0x65a ./User/system_ch32v20x.o
 .debug_line    0x0000000000013ae1      0x25f ./Startup/startup_ch32v20x_D6.o
 .debug_line    0x0000000000013d40      0x583 ./Peripheral/src/ch32v20x_exti.o
 .debug_line    0x00000000000142c3      0xfa6 ./Peripheral/src/ch32v20x_gpio.o
 .debug_line    0x0000000000015269     0x111c ./Peripheral/src/ch32v20x_rcc.o
 .debug_line    0x0000000000016385      0xf54 ./Peripheral/src/ch32v20x_usart.o

.debug_str      0x0000000000000000     0x46ec
 .debug_str     0x0000000000000000      0x37f ./rtthread/src/clock.o
                                        0x42e (size before relaxing)
 .debug_str     0x000000000000037f      0x1be ./rtthread/src/components.o
                                        0x549 (size before relaxing)
 .debug_str     0x000000000000053d      0x112 ./rtthread/src/idle.o
                                        0x4d7 (size before relaxing)
 .debug_str     0x000000000000064f      0x683 ./rtthread/src/ipc.o
                                        0xa71 (size before relaxing)
 .debug_str     0x0000000000000cd2       0xca ./rtthread/src/irq.o
                                        0x2f5 (size before relaxing)
 .debug_str     0x0000000000000d9c      0x545 ./rtthread/src/kservice.o
                                        0x989 (size before relaxing)
 .debug_str     0x00000000000012e1      0x5a1 ./rtthread/src/mem.o
                                        0x918 (size before relaxing)
 .debug_str     0x0000000000001882      0x2b2 ./rtthread/src/object.o
                                        0x786 (size before relaxing)
 .debug_str     0x0000000000001b34      0x161 ./rtthread/src/scheduler.o
                                        0x5ea (size before relaxing)
 .debug_str     0x0000000000001c95      0x1ad ./rtthread/src/thread.o
                                        0x8cd (size before relaxing)
 .debug_str     0x0000000000001e42      0x12a ./rtthread/src/timer.o
                                        0x6a2 (size before relaxing)
 .debug_str     0x0000000000001f6c       0x3b ./rtthread/libcpu/risc-v/common/context_gcc.o
                                         0x88 (size before relaxing)
 .debug_str     0x0000000000001fa7      0x105 ./rtthread/libcpu/risc-v/common/cpuport.o
                                        0x3bb (size before relaxing)
 .debug_str     0x00000000000020ac       0x31 ./rtthread/libcpu/risc-v/common/interrupt_gcc.o
                                         0x8a (size before relaxing)
 .debug_str     0x00000000000020dd      0x63f ./rtthread/components/finsh/cmd.o
                                       0x143f (size before relaxing)
 .debug_str     0x000000000000271c       0x57 ./rtthread/components/finsh/finsh_port.o
                                        0x54b (size before relaxing)
 .debug_str     0x0000000000002773      0x1c1 ./rtthread/components/finsh/msh.o
                                        0x8c2 (size before relaxing)
 .debug_str     0x0000000000002934      0x2a1 ./rtthread/components/finsh/shell.o
                                        0xf07 (size before relaxing)
 .debug_str     0x0000000000002bd5      0x1ce ./rtthread/components/drivers/serial/serial.o
                                        0x784 (size before relaxing)
 .debug_str     0x0000000000002da3      0x1a3 ./rtthread/components/drivers/misc/pin.o
                                        0xbcb (size before relaxing)
 .debug_str     0x0000000000002f46       0xc1 ./rtthread/components/device/device.o
                                        0x7f8 (size before relaxing)
 .debug_str     0x0000000000003007      0x4eb ./rtthread/board.o
                                        0x7e0 (size before relaxing)
 .debug_str     0x00000000000034f2      0x4bc ./drivers/drv_gpio.o
                                        0xf1c (size before relaxing)
 .debug_str     0x00000000000039ae      0x1d7 ./drivers/drv_usart.o
                                        0xd80 (size before relaxing)
 .debug_str     0x0000000000003b85       0x2c ./bsp/src/bsp_led.o
                                        0x3e9 (size before relaxing)
 .debug_str     0x0000000000003bb1       0x34 ./User/ch32v20x_it.o
                                        0x275 (size before relaxing)
 .debug_str     0x0000000000003be5       0x26 ./User/main.o
                                        0x2a7 (size before relaxing)
 .debug_str     0x0000000000003c0b      0x10b ./User/system_ch32v20x.o
                                        0x2f3 (size before relaxing)
 .debug_str     0x0000000000003d16       0x21 ./Startup/startup_ch32v20x_D6.o
                                         0x7a (size before relaxing)
 .debug_str     0x0000000000003d37       0xd3 ./Peripheral/src/ch32v20x_exti.o
                                        0x3b4 (size before relaxing)
 .debug_str     0x0000000000003e0a      0x1fd ./Peripheral/src/ch32v20x_gpio.o
                                        0x5a4 (size before relaxing)
 .debug_str     0x0000000000004007      0x3c5 ./Peripheral/src/ch32v20x_rcc.o
                                        0x6e3 (size before relaxing)
 .debug_str     0x00000000000043cc      0x320 ./Peripheral/src/ch32v20x_usart.o
                                        0x73e (size before relaxing)

.comment        0x0000000000000000       0x33
 .comment       0x0000000000000000       0x33 ./rtthread/src/clock.o
                                         0x34 (size before relaxing)
 .comment       0x0000000000000033       0x34 ./rtthread/src/components.o
 .comment       0x0000000000000033       0x34 ./rtthread/src/idle.o
 .comment       0x0000000000000033       0x34 ./rtthread/src/ipc.o
 .comment       0x0000000000000033       0x34 ./rtthread/src/irq.o
 .comment       0x0000000000000033       0x34 ./rtthread/src/kservice.o
 .comment       0x0000000000000033       0x34 ./rtthread/src/mem.o
 .comment       0x0000000000000033       0x34 ./rtthread/src/object.o
 .comment       0x0000000000000033       0x34 ./rtthread/src/scheduler.o
 .comment       0x0000000000000033       0x34 ./rtthread/src/thread.o
 .comment       0x0000000000000033       0x34 ./rtthread/src/timer.o
 .comment       0x0000000000000033       0x34 ./rtthread/libcpu/risc-v/common/cpuport.o
 .comment       0x0000000000000033       0x34 ./rtthread/components/finsh/cmd.o
 .comment       0x0000000000000033       0x34 ./rtthread/components/finsh/finsh_port.o
 .comment       0x0000000000000033       0x34 ./rtthread/components/finsh/msh.o
 .comment       0x0000000000000033       0x34 ./rtthread/components/finsh/shell.o
 .comment       0x0000000000000033       0x34 ./rtthread/components/drivers/serial/serial.o
 .comment       0x0000000000000033       0x34 ./rtthread/components/drivers/misc/pin.o
 .comment       0x0000000000000033       0x34 ./rtthread/components/device/device.o
 .comment       0x0000000000000033       0x34 ./rtthread/board.o
 .comment       0x0000000000000033       0x34 ./drivers/drv_gpio.o
 .comment       0x0000000000000033       0x34 ./drivers/drv_usart.o
 .comment       0x0000000000000033       0x34 ./bsp/src/bsp_led.o
 .comment       0x0000000000000033       0x34 ./User/ch32v20x_it.o
 .comment       0x0000000000000033       0x34 ./User/main.o
 .comment       0x0000000000000033       0x34 ./User/system_ch32v20x.o
 .comment       0x0000000000000033       0x34 ./Peripheral/src/ch32v20x_exti.o
 .comment       0x0000000000000033       0x34 ./Peripheral/src/ch32v20x_gpio.o
 .comment       0x0000000000000033       0x34 ./Peripheral/src/ch32v20x_rcc.o
 .comment       0x0000000000000033       0x34 ./Peripheral/src/ch32v20x_usart.o

.debug_frame    0x0000000000000000     0x2c78
 .debug_frame   0x0000000000000000       0x78 ./rtthread/src/clock.o
 .debug_frame   0x0000000000000078      0x108 ./rtthread/src/components.o
 .debug_frame   0x0000000000000180       0xc4 ./rtthread/src/idle.o
 .debug_frame   0x0000000000000244      0x624 ./rtthread/src/ipc.o
 .debug_frame   0x0000000000000868       0x8c ./rtthread/src/irq.o
 .debug_frame   0x00000000000008f4      0x308 ./rtthread/src/kservice.o
 .debug_frame   0x0000000000000bfc      0x130 ./rtthread/src/mem.o
 .debug_frame   0x0000000000000d2c      0x1a4 ./rtthread/src/object.o
 .debug_frame   0x0000000000000ed0       0xfc ./rtthread/src/scheduler.o
 .debug_frame   0x0000000000000fcc      0x2c0 ./rtthread/src/thread.o
 .debug_frame   0x000000000000128c      0x1b0 ./rtthread/src/timer.o
 .debug_frame   0x000000000000143c       0x98 ./rtthread/libcpu/risc-v/common/cpuport.o
 .debug_frame   0x00000000000014d4      0x2c4 ./rtthread/components/finsh/cmd.o
 .debug_frame   0x0000000000001798       0x30 ./rtthread/components/finsh/finsh_port.o
 .debug_frame   0x00000000000017c8       0xf0 ./rtthread/components/finsh/msh.o
 .debug_frame   0x00000000000018b8      0x170 ./rtthread/components/finsh/shell.o
 .debug_frame   0x0000000000001a28      0x148 ./rtthread/components/drivers/serial/serial.o
 .debug_frame   0x0000000000001b70      0x138 ./rtthread/components/drivers/misc/pin.o
 .debug_frame   0x0000000000001ca8      0x1a0 ./rtthread/components/device/device.o
 .debug_frame   0x0000000000001e48       0xe4 ./rtthread/board.o
 .debug_frame   0x0000000000001f2c      0x3b4 ./drivers/drv_gpio.o
 .debug_frame   0x00000000000022e0      0x138 ./drivers/drv_usart.o
 .debug_frame   0x0000000000002418       0x38 ./bsp/src/bsp_led.o
 .debug_frame   0x0000000000002450       0xc0 ./User/ch32v20x_it.o
 .debug_frame   0x0000000000002510       0x2c ./User/main.o
 .debug_frame   0x000000000000253c       0x3c ./User/system_ch32v20x.o
 .debug_frame   0x0000000000002578       0x90 ./Peripheral/src/ch32v20x_exti.o
 .debug_frame   0x0000000000002608      0x148 ./Peripheral/src/ch32v20x_gpio.o
 .debug_frame   0x0000000000002750      0x244 ./Peripheral/src/ch32v20x_rcc.o
 .debug_frame   0x0000000000002994      0x204 ./Peripheral/src/ch32v20x_usart.o
 .debug_frame   0x0000000000002b98       0x20 c:/mounriver/mounriver_studio/toolchain/risc-v embedded gcc/bin/../lib/gcc/riscv-none-embed/8.2.0/../../../../riscv-none-embed/lib/rv32imacxw/ilp32\libg_nano.a(lib_a-memcmp.o)
 .debug_frame   0x0000000000002bb8       0x20 c:/mounriver/mounriver_studio/toolchain/risc-v embedded gcc/bin/../lib/gcc/riscv-none-embed/8.2.0/../../../../riscv-none-embed/lib/rv32imacxw/ilp32\libg_nano.a(lib_a-memcpy.o)
 .debug_frame   0x0000000000002bd8       0x20 c:/mounriver/mounriver_studio/toolchain/risc-v embedded gcc/bin/../lib/gcc/riscv-none-embed/8.2.0/../../../../riscv-none-embed/lib/rv32imacxw/ilp32\libg_nano.a(lib_a-strcat.o)
 .debug_frame   0x0000000000002bf8       0x20 c:/mounriver/mounriver_studio/toolchain/risc-v embedded gcc/bin/../lib/gcc/riscv-none-embed/8.2.0/../../../../riscv-none-embed/lib/rv32imacxw/ilp32\libg_nano.a(lib_a-strcpy.o)
 .debug_frame   0x0000000000002c18       0x20 c:/mounriver/mounriver_studio/toolchain/risc-v embedded gcc/bin/../lib/gcc/riscv-none-embed/8.2.0/../../../../riscv-none-embed/lib/rv32imacxw/ilp32\libg_nano.a(lib_a-strlen.o)
 .debug_frame   0x0000000000002c38       0x20 c:/mounriver/mounriver_studio/toolchain/risc-v embedded gcc/bin/../lib/gcc/riscv-none-embed/8.2.0/../../../../riscv-none-embed/lib/rv32imacxw/ilp32\libg_nano.a(lib_a-strncmp.o)
 .debug_frame   0x0000000000002c58       0x20 c:/mounriver/mounriver_studio/toolchain/risc-v embedded gcc/bin/../lib/gcc/riscv-none-embed/8.2.0/../../../../riscv-none-embed/lib/rv32imacxw/ilp32\libg_nano.a(lib_a-strncpy.o)